Archive member included to satisfy reference by file (symbol)

user_app\libuser_app.a(as5600.c.obj)
                              CMakeFiles/motor.dir/Core/Src/main.c.obj (as5600Init)
user_app\libuser_app.a(can_protocol.c.obj)
                              CMakeFiles/motor.dir/Core/Src/main.c.obj (can_protocol_init)
user_app\libuser_app.a(flash.c.obj)
                              user_app\libuser_app.a(can_protocol.c.obj) (Load_Recoder)
user_app\libuser_app.a(foc_init.c.obj)
                              user_app\libuser_app.a(can_protocol.c.obj) (foc)
user_app\libuser_app.a(log.c.obj)
                              CMakeFiles/motor.dir/Core/Src/main.c.obj (log_init)
user_app\libuser_app.a(soft_iic.c.obj)
                              CMakeFiles/motor.dir/Core/Src/main.c.obj (I2C_Init)
user_foc\libuser_foc.a(foc_core.c.obj)
                              user_app\libuser_app.a(foc_init.c.obj) (foc_init)
user_foc\libuser_foc.a(foc_math.c.obj)
                              user_app\libuser_app.a(foc_init.c.obj) (pid_angle_ctrl)
user_rtt\libuser_rtt.a(SEGGER_RTT.c.obj)
                              user_app\libuser_app.a(log.c.obj) (SEGGER_RTT_Init)
user_rtt\libuser_rtt.a(SEGGER_RTT_printf.c.obj)
                              CMakeFiles/motor.dir/Core/Src/main.c.obj (SEGGER_RTT_printf)
C:/Program Files/Arm/GNU Toolchain mingw-w64-x86_64-arm-none-eabi/bin/../lib/gcc/arm-none-eabi/15.2.1/thumb/v7-m/nofp\libgcc.a(_arm_mulsf3.o)
                              user_app\libuser_app.a(as5600.c.obj) (__aeabi_fmul)
C:/Program Files/Arm/GNU Toolchain mingw-w64-x86_64-arm-none-eabi/bin/../lib/gcc/arm-none-eabi/15.2.1/thumb/v7-m/nofp\libgcc.a(_arm_addsubsf3.o)
                              user_foc\libuser_foc.a(foc_math.c.obj) (__aeabi_fsub)
C:/Program Files/Arm/GNU Toolchain mingw-w64-x86_64-arm-none-eabi/bin/../lib/gcc/arm-none-eabi/15.2.1/thumb/v7-m/nofp\libgcc.a(_arm_muldivsf3.o)
                              user_app\libuser_app.a(as5600.c.obj) (__aeabi_fdiv)
C:/Program Files/Arm/GNU Toolchain mingw-w64-x86_64-arm-none-eabi/bin/../lib/gcc/arm-none-eabi/15.2.1/thumb/v7-m/nofp\libgcc.a(_arm_cmpsf2.o)
                              user_foc\libuser_foc.a(foc_math.c.obj) (__aeabi_fcmplt)
C:/Program Files/Arm/GNU Toolchain mingw-w64-x86_64-arm-none-eabi/bin/../lib/gcc/arm-none-eabi/15.2.1/thumb/v7-m/nofp\libgcc.a(_arm_fixsfsi.o)
                              user_app\libuser_app.a(can_protocol.c.obj) (__aeabi_f2iz)
C:/Program Files/Arm/GNU Toolchain mingw-w64-x86_64-arm-none-eabi/bin/../lib/gcc/arm-none-eabi/15.2.1/../../../../arm-none-eabi/lib/thumb/v7-m/nofp\libg_nano.a(libc_a-exit.o)
                              C:/Program Files/Arm/GNU Toolchain mingw-w64-x86_64-arm-none-eabi/bin/../lib/gcc/arm-none-eabi/15.2.1/../../../../arm-none-eabi/lib/thumb/v7-m/nofp/crt0.o (exit)
C:/Program Files/Arm/GNU Toolchain mingw-w64-x86_64-arm-none-eabi/bin/../lib/gcc/arm-none-eabi/15.2.1/../../../../arm-none-eabi/lib/thumb/v7-m/nofp\libg_nano.a(libc_a-findfp.o)
                              C:/Program Files/Arm/GNU Toolchain mingw-w64-x86_64-arm-none-eabi/bin/../lib/gcc/arm-none-eabi/15.2.1/../../../../arm-none-eabi/lib/thumb/v7-m/nofp\libg_nano.a(libc_a-exit.o) (__stdio_exit_handler)
C:/Program Files/Arm/GNU Toolchain mingw-w64-x86_64-arm-none-eabi/bin/../lib/gcc/arm-none-eabi/15.2.1/../../../../arm-none-eabi/lib/thumb/v7-m/nofp\libg_nano.a(libc_a-fwalk.o)
                              C:/Program Files/Arm/GNU Toolchain mingw-w64-x86_64-arm-none-eabi/bin/../lib/gcc/arm-none-eabi/15.2.1/../../../../arm-none-eabi/lib/thumb/v7-m/nofp\libg_nano.a(libc_a-findfp.o) (_fwalk_sglue)
C:/Program Files/Arm/GNU Toolchain mingw-w64-x86_64-arm-none-eabi/bin/../lib/gcc/arm-none-eabi/15.2.1/../../../../arm-none-eabi/lib/thumb/v7-m/nofp\libg_nano.a(libc_a-stdio.o)
                              C:/Program Files/Arm/GNU Toolchain mingw-w64-x86_64-arm-none-eabi/bin/../lib/gcc/arm-none-eabi/15.2.1/../../../../arm-none-eabi/lib/thumb/v7-m/nofp\libg_nano.a(libc_a-findfp.o) (__sread)
C:/Program Files/Arm/GNU Toolchain mingw-w64-x86_64-arm-none-eabi/bin/../lib/gcc/arm-none-eabi/15.2.1/../../../../arm-none-eabi/lib/thumb/v7-m/nofp\libg_nano.a(libc_a-memset.o)
                              C:/Program Files/Arm/GNU Toolchain mingw-w64-x86_64-arm-none-eabi/bin/../lib/gcc/arm-none-eabi/15.2.1/../../../../arm-none-eabi/lib/thumb/v7-m/nofp/crt0.o (memset)
C:/Program Files/Arm/GNU Toolchain mingw-w64-x86_64-arm-none-eabi/bin/../lib/gcc/arm-none-eabi/15.2.1/../../../../arm-none-eabi/lib/thumb/v7-m/nofp\libg_nano.a(libc_a-closer.o)
                              C:/Program Files/Arm/GNU Toolchain mingw-w64-x86_64-arm-none-eabi/bin/../lib/gcc/arm-none-eabi/15.2.1/../../../../arm-none-eabi/lib/thumb/v7-m/nofp\libg_nano.a(libc_a-stdio.o) (_close_r)
C:/Program Files/Arm/GNU Toolchain mingw-w64-x86_64-arm-none-eabi/bin/../lib/gcc/arm-none-eabi/15.2.1/../../../../arm-none-eabi/lib/thumb/v7-m/nofp\libg_nano.a(libc_a-reent.o)
[...]
Memory Configuration

Name             Origin             Length             Attributes
RAM              0x20000000         0x00005000         xrw
FLASH            0x08000000         0x0000cc00         xr
*default*        0x00000000         0xffffffff

Linker script and memory map

LOAD C:/Program Files/Arm/GNU Toolchain mingw-w64-x86_64-arm-none-eabi/bin/../lib/gcc/arm-none-eabi/15.2.1/thumb/v7-m/nofp/crti.o
LOAD C:/Program Files/Arm/GNU Toolchain mingw-w64-x86_64-arm-none-eabi/bin/../lib/gcc/arm-none-eabi/15.2.1/thumb/v7-m/nofp/crtbegin.o
LOAD C:/Program Files/Arm/GNU Toolchain mingw-w64-x86_64-arm-none-eabi/bin/../lib/gcc/arm-none-eabi/15.2.1/../../../../arm-none-eabi/lib/thumb/v7-m/nofp/crt0.o
LOAD CMakeFiles/motor.dir/Core/Src/main.c.obj
LOAD CMakeFiles/motor.dir/Core/Src/gpio.c.obj
LOAD CMakeFiles/motor.dir/Core/Src/can.c.obj
LOAD CMakeFiles/motor.dir/Core/Src/tim.c.obj
LOAD CMakeFiles/motor.dir/Core/Src/stm32f1xx_it.c.obj
LOAD CMakeFiles/motor.dir/Core/Src/stm32f1xx_hal_msp.c.obj
LOAD CMakeFiles/motor.dir/Core/Src/sysmem.c.obj
LOAD CMakeFiles/motor.dir/Core/Src/syscalls.c.obj
LOAD CMakeFiles/motor.dir/startup_stm32f103xb.s.obj
LOAD cmake/stm32cubemx/CMakeFiles/STM32_Drivers.dir/__/__/Core/Src/system_stm32f1xx.c.obj
LOAD cmake/stm32cubemx/CMakeFiles/STM32_Drivers.dir/__/__/Drivers/STM32F1xx_HAL_Driver/Src/stm32f1xx_hal_gpio_ex.c.obj
LOAD cmake/stm32cubemx/CMakeFiles/STM32_Drivers.dir/__/__/Drivers/STM32F1xx_HAL_Driver/Src/stm32f1xx_hal_can.c.obj
LOAD cmake/stm32cubemx/CMakeFiles/STM32_Drivers.dir/__/__/Drivers/STM32F1xx_HAL_Driver/Src/stm32f1xx_hal.c.obj
LOAD cmake/stm32cubemx/CMakeFiles/STM32_Drivers.dir/__/__/Drivers/STM32F1xx_HAL_Driver/Src/stm32f1xx_hal_rcc.c.obj
LOAD cmake/stm32cubemx/CMakeFiles/STM32_Drivers.dir/__/__/Drivers/STM32F1xx_HAL_Driver/Src/stm32f1xx_hal_rcc_ex.c.obj
LOAD cmake/stm32cubemx/CMakeFiles/STM32_Drivers.dir/__/__/Drivers/STM32F1xx_HAL_Driver/Src/stm32f1xx_hal_gpio.c.obj
LOAD cmake/stm32cubemx/CMakeFiles/STM32_Drivers.dir/__/__/Drivers/STM32F1xx_HAL_Driver/Src/stm32f1xx_hal_dma.c.obj
LOAD cmake/stm32cubemx/CMakeFiles/STM32_Drivers.dir/__/__/Drivers/STM32F1xx_HAL_Driver/Src/stm32f1xx_hal_cortex.c.obj
LOAD cmake/stm32cubemx/CMakeFiles/STM32_Drivers.dir/__/__/Drivers/STM32F1xx_HAL_Driver/Src/stm32f1xx_hal_pwr.c.obj
LOAD cmake/stm32cubemx/CMakeFiles/STM32_Drivers.dir/__/__/Drivers/STM32F1xx_HAL_Driver/Src/stm32f1xx_hal_flash.c.obj
LOAD cmake/stm32cubemx/CMakeFiles/STM32_Drivers.dir/__/__/Drivers/STM32F1xx_HAL_Driver/Src/stm32f1xx_hal_flash_ex.c.obj
LOAD cmake/stm32cubemx/CMakeFiles/STM32_Drivers.dir/__/__/Drivers/STM32F1xx_HAL_Driver/Src/stm32f1xx_hal_exti.c.obj
LOAD cmake/stm32cubemx/CMakeFiles/STM32_Drivers.dir/__/__/Drivers/STM32F1xx_HAL_Driver/Src/stm32f1xx_hal_tim.c.obj
LOAD cmake/stm32cubemx/CMakeFiles/STM32_Drivers.dir/__/__/Drivers/STM32F1xx_HAL_Driver/Src/stm32f1xx_hal_tim_ex.c.obj
LOAD C:/Program Files/Arm/GNU Toolchain mingw-w64-x86_64-arm-none-eabi/bin/../lib/gcc/arm-none-eabi/15.2.1/../../../../arm-none-eabi/lib/thumb/v7-m/nofp\libm.a
LOAD user_app\libuser_app.a
LOAD user_foc\libuser_foc.a
LOAD user_rtt\libuser_rtt.a
START GROUP
LOAD C:/Program Files/Arm/GNU Toolchain mingw-w64-x86_64-arm-none-eabi/bin/../lib/gcc/arm-none-eabi/15.2.1/thumb/v7-m/nofp\libgcc.a
LOAD C:/Program Files/Arm/GNU Toolchain mingw-w64-x86_64-arm-none-eabi/bin/../lib/gcc/arm-none-eabi/15.2.1/../../../../arm-none-eabi/lib/thumb/v7-m/nofp\libg_nano.a
LOAD C:/Program Files/Arm/GNU Toolchain mingw-w64-x86_64-arm-none-eabi/bin/../lib/gcc/arm-none-eabi/15.2.1/../../../../arm-none-eabi/lib/thumb/v7-m/nofp\libc_nano.a
END GROUP
START GROUP
LOAD C:/Program Files/Arm/GNU Toolchain mingw-w64-x86_64-arm-none-eabi/bin/../lib/gcc/arm-none-eabi/15.2.1/thumb/v7-m/nofp\libgcc.a
LOAD C:/Program Files/Arm/GNU Toolchain mingw-w64-x86_64-arm-none-eabi/bin/../lib/gcc/arm-none-eabi/15.2.1/../../../../arm-none-eabi/lib/thumb/v7-m/nofp\libc_nano.a
END GROUP
LOAD C:/Program Files/Arm/GNU Toolchain mingw-w64-x86_64-arm-none-eabi/bin/../lib/gcc/arm-none-eabi/15.2.1/thumb/v7-m/nofp/crtend.o
LOAD C:/Program Files/Arm/GNU Toolchain mingw-w64-x86_64-arm-none-eabi/bin/../lib/gcc/arm-none-eabi/15.2.1/thumb/v7-m/nofp/crtn.o
                0x20005000                        _estack = (ORIGIN (RAM) + LENGTH (RAM))
                0x20004c00                        _sstack = (_estack - _Min_Stack_Size)
                0x00000200                        _Min_Heap_Size = 0x200
                0x00000400                        _Min_Stack_Size = 0x400

.isr_vector     0x08000000      0x10c
                0x08000000                        . = ALIGN (0x4)
 *(.isr_vector)
 .isr_vector    0x08000000      0x10c CMakeFiles/motor.dir/startup_stm32f103xb.s.obj
                0x08000000                g_pfnVectors
                0x0800010c                        . = ALIGN (0x4)

.text           0x0800010c     0x72a0
                0x0800010c                        . = ALIGN (0x4)
 *(.text)
 .text          0x0800010c      0x21c C:/Program Files/Arm/GNU Toolchain mingw-w64-x86_64-arm-none-eabi/bin/../lib/gcc/arm-none-eabi/15.2.1/thumb/v7-m/nofp\libgcc.a(_arm_addsubsf3.o)
                0x0800010c                __aeabi_frsub
                0x08000114                __subsf3
                0x08000114                __aeabi_fsub
                0x08000118                __aeabi_fadd
                0x08000118                __addsf3
                0x08000278                __aeabi_ui2f
                0x08000278                __floatunsisf
                0x08000280                __aeabi_i2f
                0x08000280                __floatsisf
                0x0800029c                __aeabi_ul2f
                0x0800029c                __floatundisf
                0x080002ac                __aeabi_l2f
                0x080002ac                __floatdisf
 .text          0x08000328      0x2a0 C:/Program Files/Arm/GNU Toolchain mingw-w64-x86_64-arm-none-eabi/bin/../lib/gcc/arm-none-eabi/15.2.1/thumb/v7-m/nofp\libgcc.a(_arm_muldivsf3.o)
                0x08000328                __mulsf3
                0x08000328                __aeabi_fmul
                0x08000490                __aeabi_fdiv
                0x08000490                __divsf3
 .text          0x080005c8       0xec C:/Program Files/Arm/GNU Toolchain mingw-w64-x86_64-arm-none-eabi/bin/../lib/gcc/arm-none-eabi/15.2.1/thumb/v7-m/nofp\libgcc.a(_arm_cmpsf2.o)
                0x080005c8                __gesf2
                0x080005c8                __gtsf2
                0x080005d0                __lesf2
                0x080005d0                __ltsf2
                0x080005d8                __nesf2
                0x080005d8                __eqsf2
                0x080005d8                __cmpsf2
                0x08000638                __aeabi_cfrcmple
                0x08000640                __aeabi_cfcmpeq
                0x08000640                __aeabi_cfcmple
                0x08000650                __aeabi_fcmpeq
                0x08000664                __aeabi_fcmplt
                0x08000678                __aeabi_fcmple
                0x0800068c                __aeabi_fcmpge
                0x080006a0                __aeabi_fcmpgt
 .text          0x080006b4       0x4c C:/Program Files/Arm/GNU Toolchain mingw-w64-x86_64-arm-none-eabi/bin/../lib/gcc/arm-none-eabi/15.2.1/thumb/v7-m/nofp\libgcc.a(_arm_fixsfsi.o)
                0x080006b4                __aeabi_f2iz
                0x080006b4                __fixsfsi
 *(.text*)
 .text.deregister_tm_clones
                0x08000700       0x1c C:/Program Files/Arm/GNU Toolchain mingw-w64-x86_64-arm-none-eabi/bin/../lib/gcc/arm-none-eabi/15.2.1/thumb/v7-m/nofp/crtbegin.o
 .text.register_tm_clones
                0x0800071c       0x24 C:/Program Files/Arm/GNU Toolchain mingw-w64-x86_64-arm-none-eabi/bin/../lib/gcc/arm-none-eabi/15.2.1/thumb/v7-m/nofp/crtbegin.o
 .text.__do_global_dtors_aux
                0x08000740       0x28 C:/Program Files/Arm/GNU Toolchain mingw-w64-x86_64-arm-none-eabi/bin/../lib/gcc/arm-none-eabi/15.2.1/thumb/v7-m/nofp/crtbegin.o
 .text.frame_dummy
                0x08000768       0x24 C:/Program Files/Arm/GNU Toolchain mingw-w64-x86_64-arm-none-eabi/bin/../lib/gcc/arm-none-eabi/15.2.1/thumb/v7-m/nofp/crtbegin.o
 .text.main     0x0800078c       0x3c CMakeFiles/motor.dir/Core/Src/main.c.obj
                0x0800078c                main
 .text.SystemClock_Config
                0x080007c8       0x82 CMakeFiles/motor.dir/Core/Src/main.c.obj
                0x080007c8                SystemClock_Config
 *fill*         0x0800084a        0x2 
 .text.Error_Handler
                0x0800084c       0x18 CMakeFiles/motor.dir/Core/Src/main.c.obj
                0x0800084c                Error_Handler
 .text.MX_GPIO_Init
                0x08000864       0x80 CMakeFiles/motor.dir/Core/Src/gpio.c.obj
                0x08000864                MX_GPIO_Init
 .text.MX_CAN_Init
                0x080008e4       0xb4 CMakeFiles/motor.dir/Core/Src/can.c.obj
                0x080008e4                MX_CAN_Init
 .text.HAL_CAN_MspInit
                0x08000998       0xa8 CMakeFiles/motor.dir/Core/Src/can.c.obj
                0x08000998                HAL_CAN_MspInit
 .text.MX_TIM1_Init
                0x08000a40      0x1a4 CMakeFiles/motor.dir/Core/Src/tim.c.obj
                0x08000a40                MX_TIM1_Init
 .text.MX_TIM2_Init
                0x08000be4       0x98 CMakeFiles/motor.dir/Core/Src/tim.c.obj
                0x08000be4                MX_TIM2_Init
 .text.HAL_TIM_Base_MspInit
                0x08000c7c       0x80 CMakeFiles/motor.dir/Core/Src/tim.c.obj
                0x08000c7c                HAL_TIM_Base_MspInit
 .text.HAL_TIM_MspPostInit
                0x08000cfc       0x68 CMakeFiles/motor.dir/Core/Src/tim.c.obj
                0x08000cfc                HAL_TIM_MspPostInit
 .text.NMI_Handler
                0x08000d64        0x8 CMakeFiles/motor.dir/Core/Src/stm32f1xx_it.c.obj
                0x08000d64                NMI_Handler
 .text.HardFault_Handler
                0x08000d6c        0x8 CMakeFiles/motor.dir/Core/Src/stm32f1xx_it.c.obj
                0x08000d6c                HardFault_Handler
 .text.MemManage_Handler
                0x08000d74        0x8 CMakeFiles/motor.dir/Core/Src/stm32f1xx_it.c.obj
                0x08000d74                MemManage_Handler
 .text.BusFault_Handler
                0x08000d7c        0x8 CMakeFiles/motor.dir/Core/Src/stm32f1xx_it.c.obj
                0x08000d7c                BusFault_Handler
 .text.UsageFault_Handler
                0x08000d84        0x8 CMakeFiles/motor.dir/Core/Src/stm32f1xx_it.c.obj
                0x08000d84                UsageFault_Handler
 .text.SVC_Handler
                0x08000d8c        0xc CMakeFiles/motor.dir/Core/Src/stm32f1xx_it.c.obj
                0x08000d8c                SVC_Handler
 .text.DebugMon_Handler
                0x08000d98        0xc CMakeFiles/motor.dir/Core/Src/stm32f1xx_it.c.obj
                0x08000d98                DebugMon_Handler
 .text.PendSV_Handler
                0x08000da4        0xc CMakeFiles/motor.dir/Core/Src/stm32f1xx_it.c.obj
                0x08000da4                PendSV_Handler
 .text.SysTick_Handler
                0x08000db0        0xc CMakeFiles/motor.dir/Core/Src/stm32f1xx_it.c.obj
                0x08000db0                SysTick_Handler
 .text.USB_LP_CAN1_RX0_IRQHandler
                0x08000dbc       0x14 CMakeFiles/motor.dir/Core/Src/stm32f1xx_it.c.obj
                0x08000dbc                USB_LP_CAN1_RX0_IRQHandler
 .text.TIM1_CC_IRQHandler
                0x08000dd0       0x14 CMakeFiles/motor.dir/Core/Src/stm32f1xx_it.c.obj
                0x08000dd0                TIM1_CC_IRQHandler
 .text.TIM2_IRQHandler
                0x08000de4       0x14 CMakeFiles/motor.dir/Core/Src/stm32f1xx_it.c.obj
                0x08000de4                TIM2_IRQHandler
 .text.HAL_MspInit
                0x08000df8       0x64 CMakeFiles/motor.dir/Core/Src/stm32f1xx_hal_msp.c.obj
                0x08000df8                HAL_MspInit
 .text.Reset_Handler
                0x08000e5c       0x48 CMakeFiles/motor.dir/startup_stm32f103xb.s.obj
                0x08000e5c                Reset_Handler
 .text.Default_Handler
                0x08000ea4        0x2 CMakeFiles/motor.dir/startup_stm32f103xb.s.obj
                0x08000ea4                RTC_Alarm_IRQHandler
                0x08000ea4                EXTI2_IRQHandler
                0x08000ea4                PVD_IRQHandler
                0x08000ea4                EXTI3_IRQHandler
                0x08000ea4                EXTI0_IRQHandler
                0x08000ea4                I2C2_EV_IRQHandler
                0x08000ea4                ADC1_2_IRQHandler
                0x08000ea4                SPI1_IRQHandler
                0x08000ea4                TAMPER_IRQHandler
                0x08000ea4                DMA1_Channel4_IRQHandler
                0x08000ea4                USART3_IRQHandler
                0x08000ea4                RTC_IRQHandler
                0x08000ea4                DMA1_Channel7_IRQHandler
                0x08000ea4                CAN1_RX1_IRQHandler
                0x08000ea4                TIM4_IRQHandler
                0x08000ea4                I2C1_EV_IRQHandler
                0x08000ea4                DMA1_Channel6_IRQHandler
                0x08000ea4                TIM3_IRQHandler
                0x08000ea4                RCC_IRQHandler
                0x08000ea4                TIM1_TRG_COM_IRQHandler
                0x08000ea4                DMA1_Channel1_IRQHandler
                0x08000ea4                Default_Handler
                0x08000ea4                EXTI15_10_IRQHandler
                0x08000ea4                EXTI9_5_IRQHandler
                0x08000ea4                SPI2_IRQHandler
                0x08000ea4                DMA1_Channel5_IRQHandler
                0x08000ea4                EXTI4_IRQHandler
                0x08000ea4                USB_HP_CAN1_TX_IRQHandler
                0x08000ea4                DMA1_Channel3_IRQHandler
                0x08000ea4                TIM1_UP_IRQHandler
                0x08000ea4                WWDG_IRQHandler
                0x08000ea4                TIM1_BRK_IRQHandler
                0x08000ea4                EXTI1_IRQHandler
                0x08000ea4                USART2_IRQHandler
                0x08000ea4                I2C2_ER_IRQHandler
                0x08000ea4                DMA1_Channel2_IRQHandler
                0x08000ea4                CAN1_SCE_IRQHandler
                0x08000ea4                FLASH_IRQHandler
                0x08000ea4                USART1_IRQHandler
                0x08000ea4                I2C1_ER_IRQHandler
                0x08000ea4                USBWakeUp_IRQHandler
 .text.SystemInit
                0x08000ea6        0xc cmake/stm32cubemx/CMakeFiles/STM32_Drivers.dir/__/__/Core/Src/system_stm32f1xx.c.obj
                0x08000ea6                SystemInit
 .text.HAL_CAN_Init
                0x08000eb2      0x1f6 cmake/stm32cubemx/CMakeFiles/STM32_Drivers.dir/__/__/Drivers/STM32F1xx_HAL_Driver/Src/stm32f1xx_hal_can.c.obj
                0x08000eb2                HAL_CAN_Init
 .text.HAL_CAN_ConfigFilter
                0x080010a8      0x192 cmake/stm32cubemx/CMakeFiles/STM32_Drivers.dir/__/__/Drivers/STM32F1xx_HAL_Driver/Src/stm32f1xx_hal_can.c.obj
                0x080010a8                HAL_CAN_ConfigFilter
 .text.HAL_CAN_Start
                0x0800123a       0x88 cmake/stm32cubemx/CMakeFiles/STM32_Drivers.dir/__/__/Drivers/STM32F1xx_HAL_Driver/Src/stm32f1xx_hal_can.c.obj
                0x0800123a                HAL_CAN_Start
 .text.HAL_CAN_Stop
                0x080012c2       0x92 cmake/stm32cubemx/CMakeFiles/STM32_Drivers.dir/__/__/Drivers/STM32F1xx_HAL_Driver/Src/stm32f1xx_hal_can.c.obj
                0x080012c2                HAL_CAN_Stop
 .text.HAL_CAN_AddTxMessage
                0x08001354      0x19e cmake/stm32cubemx/CMakeFiles/STM32_Drivers.dir/__/__/Drivers/STM32F1xx_HAL_Driver/Src/stm32f1xx_hal_can.c.obj
                0x08001354                HAL_CAN_AddTxMessage
 .text.HAL_CAN_GetRxMessage
                0x080014f2      0x242 cmake/stm32cubemx/CMakeFiles/STM32_Drivers.dir/__/__/Drivers/STM32F1xx_HAL_Driver/Src/stm32f1xx_hal_can.c.obj
                0x080014f2                HAL_CAN_GetRxMessage
 .text.HAL_CAN_ActivateNotification
                0x08001734       0x4a cmake/stm32cubemx/CMakeFiles/STM32_Drivers.dir/__/__/Drivers/STM32F1xx_HAL_Driver/Src/stm32f1xx_hal_can.c.obj
                0x08001734                HAL_CAN_ActivateNotification
 .text.HAL_CAN_IRQHandler
                0x0800177e      0x36e cmake/stm32cubemx/CMakeFiles/STM32_Drivers.dir/__/__/Drivers/STM32F1xx_HAL_Driver/Src/stm32f1xx_hal_can.c.obj
                0x0800177e                HAL_CAN_IRQHandler
 .text.HAL_CAN_TxMailbox0CompleteCallback
                0x08001aec       0x12 cmake/stm32cubemx/CMakeFiles/STM32_Drivers.dir/__/__/Drivers/STM32F1xx_HAL_Driver/Src/stm32f1xx_hal_can.c.obj
                0x08001aec                HAL_CAN_TxMailbox0CompleteCallback
 .text.HAL_CAN_TxMailbox1CompleteCallback
                0x08001afe       0x12 cmake/stm32cubemx/CMakeFiles/STM32_Drivers.dir/__/__/Drivers/STM32F1xx_HAL_Driver/Src/stm32f1xx_hal_can.c.obj
                0x08001afe                HAL_CAN_TxMailbox1CompleteCallback
 .text.HAL_CAN_TxMailbox2CompleteCallback
                0x08001b10       0x12 cmake/stm32cubemx/CMakeFiles/STM32_Drivers.dir/__/__/Drivers/STM32F1xx_HAL_Driver/Src/stm32f1xx_hal_can.c.obj
                0x08001b10                HAL_CAN_TxMailbox2CompleteCallback
 .text.HAL_CAN_TxMailbox0AbortCallback
                0x08001b22       0x12 cmake/stm32cubemx/CMakeFiles/STM32_Drivers.dir/__/__/Drivers/STM32F1xx_HAL_Driver/Src/stm32f1xx_hal_can.c.obj
                0x08001b22                HAL_CAN_TxMailbox0AbortCallback
 .text.HAL_CAN_TxMailbox1AbortCallback
                0x08001b34       0x12 cmake/stm32cubemx/CMakeFiles/STM32_Drivers.dir/__/__/Drivers/STM32F1xx_HAL_Driver/Src/stm32f1xx_hal_can.c.obj
                0x08001b34                HAL_CAN_TxMailbox1AbortCallback
 .text.HAL_CAN_TxMailbox2AbortCallback
                0x08001b46       0x12 cmake/stm32cubemx/CMakeFiles/STM32_Drivers.dir/__/__/Drivers/STM32F1xx_HAL_Driver/Src/stm32f1xx_hal_can.c.obj
                0x08001b46                HAL_CAN_TxMailbox2AbortCallback
 .text.HAL_CAN_RxFifo0FullCallback
                0x08001b58       0x12 cmake/stm32cubemx/CMakeFiles/STM32_Drivers.dir/__/__/Drivers/STM32F1xx_HAL_Driver/Src/stm32f1xx_hal_can.c.obj
                0x08001b58                HAL_CAN_RxFifo0FullCallback
 .text.HAL_CAN_RxFifo1MsgPendingCallback
                0x08001b6a       0x12 cmake/stm32cubemx/CMakeFiles/STM32_Drivers.dir/__/__/Drivers/STM32F1xx_HAL_Driver/Src/stm32f1xx_hal_can.c.obj
                0x08001b6a                HAL_CAN_RxFifo1MsgPendingCallback
 .text.HAL_CAN_RxFifo1FullCallback
                0x08001b7c       0x12 cmake/stm32cubemx/CMakeFiles/STM32_Drivers.dir/__/__/Drivers/STM32F1xx_HAL_Driver/Src/stm32f1xx_hal_can.c.obj
                0x08001b7c                HAL_CAN_RxFifo1FullCallback
 .text.HAL_CAN_SleepCallback
                0x08001b8e       0x12 cmake/stm32cubemx/CMakeFiles/STM32_Drivers.dir/__/__/Drivers/STM32F1xx_HAL_Driver/Src/stm32f1xx_hal_can.c.obj
                0x08001b8e                HAL_CAN_SleepCallback
 .text.HAL_CAN_WakeUpFromRxMsgCallback
                0x08001ba0       0x12 cmake/stm32cubemx/CMakeFiles/STM32_Drivers.dir/__/__/Drivers/STM32F1xx_HAL_Driver/Src/stm32f1xx_hal_can.c.obj
                0x08001ba0                HAL_CAN_WakeUpFromRxMsgCallback
 .text.HAL_CAN_ErrorCallback
                0x08001bb2       0x12 cmake/stm32cubemx/CMakeFiles/STM32_Drivers.dir/__/__/Drivers/STM32F1xx_HAL_Driver/Src/stm32f1xx_hal_can.c.obj
                0x08001bb2                HAL_CAN_ErrorCallback
 .text.HAL_Init
                0x08001bc4       0x2c cmake/stm32cubemx/CMakeFiles/STM32_Drivers.dir/__/__/Drivers/STM32F1xx_HAL_Driver/Src/stm32f1xx_hal.c.obj
                0x08001bc4                HAL_Init
 .text.HAL_InitTick
                0x08001bf0       0x60 cmake/stm32cubemx/CMakeFiles/STM32_Drivers.dir/__/__/Drivers/STM32F1xx_HAL_Driver/Src/stm32f1xx_hal.c.obj
                0x08001bf0                HAL_InitTick
 .text.HAL_IncTick
                0x08001c50       0x24 cmake/stm32cubemx/CMakeFiles/STM32_Drivers.dir/__/__/Drivers/STM32F1xx_HAL_Driver/Src/stm32f1xx_hal.c.obj
                0x08001c50                HAL_IncTick
 .text.HAL_GetTick
                0x08001c74       0x14 cmake/stm32cubemx/CMakeFiles/STM32_Drivers.dir/__/__/Drivers/STM32F1xx_HAL_Driver/Src/stm32f1xx_hal.c.obj
                0x08001c74                HAL_GetTick
 .text.HAL_Delay
                0x08001c88       0x48 cmake/stm32cubemx/CMakeFiles/STM32_Drivers.dir/__/__/Drivers/STM32F1xx_HAL_Driver/Src/stm32f1xx_hal.c.obj
                0x08001c88                HAL_Delay
 .text.HAL_RCC_OscConfig
                0x08001cd0      0x504 cmake/stm32cubemx/CMakeFiles/STM32_Drivers.dir/__/__/Drivers/STM32F1xx_HAL_Driver/Src/stm32f1xx_hal_rcc.c.obj
                0x08001cd0                HAL_RCC_OscConfig
 .text.HAL_RCC_ClockConfig
                0x080021d4      0x1d4 cmake/stm32cubemx/CMakeFiles/STM32_Drivers.dir/__/__/Drivers/STM32F1xx_HAL_Driver/Src/stm32f1xx_hal_rcc.c.obj
                0x080021d4                HAL_RCC_ClockConfig
 .text.HAL_RCC_GetSysClockFreq
                0x080023a8       0xa8 cmake/stm32cubemx/CMakeFiles/STM32_Drivers.dir/__/__/Drivers/STM32F1xx_HAL_Driver/Src/stm32f1xx_hal_rcc.c.obj
                0x080023a8                HAL_RCC_GetSysClockFreq
 .text.RCC_Delay
                0x08002450       0x3c cmake/stm32cubemx/CMakeFiles/STM32_Drivers.dir/__/__/Drivers/STM32F1xx_HAL_Driver/Src/stm32f1xx_hal_rcc.c.obj
 .text.HAL_GPIO_Init
                0x0800248c      0x2dc cmake/stm32cubemx/CMakeFiles/STM32_Drivers.dir/__/__/Drivers/STM32F1xx_HAL_Driver/Src/stm32f1xx_hal_gpio.c.obj
                0x0800248c                HAL_GPIO_Init
 .text.HAL_GPIO_ReadPin
                0x08002768       0x2e cmake/stm32cubemx/CMakeFiles/STM32_Drivers.dir/__/__/Drivers/STM32F1xx_HAL_Driver/Src/stm32f1xx_hal_gpio.c.obj
                0x08002768                HAL_GPIO_ReadPin
 .text.HAL_GPIO_WritePin
                0x08002796       0x30 cmake/stm32cubemx/CMakeFiles/STM32_Drivers.dir/__/__/Drivers/STM32F1xx_HAL_Driver/Src/stm32f1xx_hal_gpio.c.obj
                0x08002796                HAL_GPIO_WritePin
 .text.HAL_GPIO_TogglePin
                0x080027c6       0x32 cmake/stm32cubemx/CMakeFiles/STM32_Drivers.dir/__/__/Drivers/STM32F1xx_HAL_Driver/Src/stm32f1xx_hal_gpio.c.obj
                0x080027c6                HAL_GPIO_TogglePin
 .text.__NVIC_SetPriorityGrouping
                0x080027f8       0x48 cmake/stm32cubemx/CMakeFiles/STM32_Drivers.dir/__/__/Drivers/STM32F1xx_HAL_Driver/Src/stm32f1xx_hal_cortex.c.obj
 .text.__NVIC_GetPriorityGrouping
                0x08002840       0x1c cmake/stm32cubemx/CMakeFiles/STM32_Drivers.dir/__/__/Drivers/STM32F1xx_HAL_Driver/Src/stm32f1xx_hal_cortex.c.obj
 .text.__NVIC_EnableIRQ
                0x0800285c       0x38 cmake/stm32cubemx/CMakeFiles/STM32_Drivers.dir/__/__/Drivers/STM32F1xx_HAL_Driver/Src/stm32f1xx_hal_cortex.c.obj
 .text.__NVIC_SetPriority
                0x08002894       0x54 cmake/stm32cubemx/CMakeFiles/STM32_Drivers.dir/__/__/Drivers/STM32F1xx_HAL_Driver/Src/stm32f1xx_hal_cortex.c.obj
 .text.NVIC_EncodePriority
                0x080028e8       0x6e cmake/stm32cubemx/CMakeFiles/STM32_Drivers.dir/__/__/Drivers/STM32F1xx_HAL_Driver/Src/stm32f1xx_hal_cortex.c.obj
 *fill*         0x08002956        0x2 
 .text.SysTick_Config
                0x08002958       0x44 cmake/stm32cubemx/CMakeFiles/STM32_Drivers.dir/__/__/Drivers/STM32F1xx_HAL_Driver/Src/stm32f1xx_hal_cortex.c.obj
 .text.HAL_NVIC_SetPriorityGrouping
                0x0800299c       0x16 cmake/stm32cubemx/CMakeFiles/STM32_Drivers.dir/__/__/Drivers/STM32F1xx_HAL_Driver/Src/stm32f1xx_hal_cortex.c.obj
                0x0800299c                HAL_NVIC_SetPriorityGrouping
 .text.HAL_NVIC_SetPriority
                0x080029b2       0x38 cmake/stm32cubemx/CMakeFiles/STM32_Drivers.dir/__/__/Drivers/STM32F1xx_HAL_Driver/Src/stm32f1xx_hal_cortex.c.obj
                0x080029b2                HAL_NVIC_SetPriority
 .text.HAL_NVIC_EnableIRQ
                0x080029ea       0x1c cmake/stm32cubemx/CMakeFiles/STM32_Drivers.dir/__/__/Drivers/STM32F1xx_HAL_Driver/Src/stm32f1xx_hal_cortex.c.obj
                0x080029ea                HAL_NVIC_EnableIRQ
 .text.HAL_SYSTICK_Config
                0x08002a06       0x18 cmake/stm32cubemx/CMakeFiles/STM32_Drivers.dir/__/__/Drivers/STM32F1xx_HAL_Driver/Src/stm32f1xx_hal_cortex.c.obj
                0x08002a06                HAL_SYSTICK_Config
 *fill*         0x08002a1e        0x2 
 .text.HAL_FLASH_Program
                0x08002a20       0xe0 cmake/stm32cubemx/CMakeFiles/STM32_Drivers.dir/__/__/Drivers/STM32F1xx_HAL_Driver/Src/stm32f1xx_hal_flash.c.obj
                0x08002a20                HAL_FLASH_Program
 .text.HAL_FLASH_Unlock
                0x08002b00       0x4c cmake/stm32cubemx/CMakeFiles/STM32_Drivers.dir/__/__/Drivers/STM32F1xx_HAL_Driver/Src/stm32f1xx_hal_flash.c.obj
                0x08002b00                HAL_FLASH_Unlock
 .text.HAL_FLASH_Lock
                0x08002b4c       0x20 cmake/stm32cubemx/CMakeFiles/STM32_Drivers.dir/__/__/Drivers/STM32F1xx_HAL_Driver/Src/stm32f1xx_hal_flash.c.obj
                0x08002b4c                HAL_FLASH_Lock
 .text.FLASH_Program_HalfWord
                0x08002b6c       0x38 cmake/stm32cubemx/CMakeFiles/STM32_Drivers.dir/__/__/Drivers/STM32F1xx_HAL_Driver/Src/stm32f1xx_hal_flash.c.obj
 .text.FLASH_WaitForLastOperation
                0x08002ba4       0x8c cmake/stm32cubemx/CMakeFiles/STM32_Drivers.dir/__/__/Drivers/STM32F1xx_HAL_Driver/Src/stm32f1xx_hal_flash.c.obj
                0x08002ba4                FLASH_WaitForLastOperation
 .text.FLASH_SetErrorCode
                0x08002c30       0xa0 cmake/stm32cubemx/CMakeFiles/STM32_Drivers.dir/__/__/Drivers/STM32F1xx_HAL_Driver/Src/stm32f1xx_hal_flash.c.obj
 .text.HAL_FLASHEx_Erase
                0x08002cd0       0xd8 cmake/stm32cubemx/CMakeFiles/STM32_Drivers.dir/__/__/Drivers/STM32F1xx_HAL_Driver/Src/stm32f1xx_hal_flash_ex.c.obj
                0x08002cd0                HAL_FLASHEx_Erase
 .text.FLASH_MassErase
                0x08002da8       0x38 cmake/stm32cubemx/CMakeFiles/STM32_Drivers.dir/__/__/Drivers/STM32F1xx_HAL_Driver/Src/stm32f1xx_hal_flash_ex.c.obj
 .text.FLASH_PageErase
                0x08002de0       0x40 cmake/stm32cubemx/CMakeFiles/STM32_Drivers.dir/__/__/Drivers/STM32F1xx_HAL_Driver/Src/stm32f1xx_hal_flash_ex.c.obj
                0x08002de0                FLASH_PageErase
 .text.HAL_TIM_Base_Init
                0x08002e20       0x9e cmake/stm32cubemx/CMakeFiles/STM32_Drivers.dir/__/__/Drivers/STM32F1xx_HAL_Driver/Src/stm32f1xx_hal_tim.c.obj
                0x08002e20                HAL_TIM_Base_Init
 *fill*         0x08002ebe        0x2 
 .text.HAL_TIM_Base_Start_IT
                0x08002ec0       0xa4 cmake/stm32cubemx/CMakeFiles/STM32_Drivers.dir/__/__/Drivers/STM32F1xx_HAL_Driver/Src/stm32f1xx_hal_tim.c.obj
                0x08002ec0                HAL_TIM_Base_Start_IT
 .text.HAL_TIM_OC_Init
                0x08002f64       0x9e cmake/stm32cubemx/CMakeFiles/STM32_Drivers.dir/__/__/Drivers/STM32F1xx_HAL_Driver/Src/stm32f1xx_hal_tim.c.obj
                0x08002f64                HAL_TIM_OC_Init
 .text.HAL_TIM_OC_MspInit
                0x08003002       0x12 cmake/stm32cubemx/CMakeFiles/STM32_Drivers.dir/__/__/Drivers/STM32F1xx_HAL_Driver/Src/stm32f1xx_hal_tim.c.obj
                0x08003002                HAL_TIM_OC_MspInit
 .text.HAL_TIM_PWM_Init
                0x08003014       0x9e cmake/stm32cubemx/CMakeFiles/STM32_Drivers.dir/__/__/Drivers/STM32F1xx_HAL_Driver/Src/stm32f1xx_hal_tim.c.obj
                0x08003014                HAL_TIM_PWM_Init
 .text.HAL_TIM_PWM_MspInit
                0x080030b2       0x12 cmake/stm32cubemx/CMakeFiles/STM32_Drivers.dir/__/__/Drivers/STM32F1xx_HAL_Driver/Src/stm32f1xx_hal_tim.c.obj
                0x080030b2                HAL_TIM_PWM_MspInit
 .text.HAL_TIM_PWM_Start
                0x080030c4      0x144 cmake/stm32cubemx/CMakeFiles/STM32_Drivers.dir/__/__/Drivers/STM32F1xx_HAL_Driver/Src/stm32f1xx_hal_tim.c.obj
                0x080030c4                HAL_TIM_PWM_Start
 .text.HAL_TIM_IRQHandler
                0x08003208      0x1e0 cmake/stm32cubemx/CMakeFiles/STM32_Drivers.dir/__/__/Drivers/STM32F1xx_HAL_Driver/Src/stm32f1xx_hal_tim.c.obj
                0x08003208                HAL_TIM_IRQHandler
 .text.HAL_TIM_OC_ConfigChannel
                0x080033e8       0x9c cmake/stm32cubemx/CMakeFiles/STM32_Drivers.dir/__/__/Drivers/STM32F1xx_HAL_Driver/Src/stm32f1xx_hal_tim.c.obj
                0x080033e8                HAL_TIM_OC_ConfigChannel
 .text.HAL_TIM_PWM_ConfigChannel
                0x08003484      0x16c cmake/stm32cubemx/CMakeFiles/STM32_Drivers.dir/__/__/Drivers/STM32F1xx_HAL_Driver/Src/stm32f1xx_hal_tim.c.obj
                0x08003484                HAL_TIM_PWM_ConfigChannel
 .text.HAL_TIM_ConfigClockSource
                0x080035f0      0x18e cmake/stm32cubemx/CMakeFiles/STM32_Drivers.dir/__/__/Drivers/STM32F1xx_HAL_Driver/Src/stm32f1xx_hal_tim.c.obj
                0x080035f0                HAL_TIM_ConfigClockSource
 .text.HAL_TIM_OC_DelayElapsedCallback
                0x0800377e       0x12 cmake/stm32cubemx/CMakeFiles/STM32_Drivers.dir/__/__/Drivers/STM32F1xx_HAL_Driver/Src/stm32f1xx_hal_tim.c.obj
                0x0800377e                HAL_TIM_OC_DelayElapsedCallback
 .text.HAL_TIM_IC_CaptureCallback
                0x08003790       0x12 cmake/stm32cubemx/CMakeFiles/STM32_Drivers.dir/__/__/Drivers/STM32F1xx_HAL_Driver/Src/stm32f1xx_hal_tim.c.obj
                0x08003790                HAL_TIM_IC_CaptureCallback
 .text.HAL_TIM_PWM_PulseFinishedCallback
                0x080037a2       0x12 cmake/stm32cubemx/CMakeFiles/STM32_Drivers.dir/__/__/Drivers/STM32F1xx_HAL_Driver/Src/stm32f1xx_hal_tim.c.obj
                0x080037a2                HAL_TIM_PWM_PulseFinishedCallback
 .text.HAL_TIM_TriggerCallback
                0x080037b4       0x12 cmake/stm32cubemx/CMakeFiles/STM32_Drivers.dir/__/__/Drivers/STM32F1xx_HAL_Driver/Src/stm32f1xx_hal_tim.c.obj
                0x080037b4                HAL_TIM_TriggerCallback
 *fill*         0x080037c6        0x2 
 .text.TIM_Base_SetConfig
                0x080037c8       0xdc cmake/stm32cubemx/CMakeFiles/STM32_Drivers.dir/__/__/Drivers/STM32F1xx_HAL_Driver/Src/stm32f1xx_hal_tim.c.obj
                0x080037c8                TIM_Base_SetConfig
 .text.TIM_OC1_SetConfig
                0x080038a4       0xcc cmake/stm32cubemx/CMakeFiles/STM32_Drivers.dir/__/__/Drivers/STM32F1xx_HAL_Driver/Src/stm32f1xx_hal_tim.c.obj
 .text.TIM_OC2_SetConfig
                0x08003970       0xd4 cmake/stm32cubemx/CMakeFiles/STM32_Drivers.dir/__/__/Drivers/STM32F1xx_HAL_Driver/Src/stm32f1xx_hal_tim.c.obj
                0x08003970                TIM_OC2_SetConfig
 .text.TIM_OC3_SetConfig
                0x08003a44       0xd4 cmake/stm32cubemx/CMakeFiles/STM32_Drivers.dir/__/__/Drivers/STM32F1xx_HAL_Driver/Src/stm32f1xx_hal_tim.c.obj
 .text.TIM_OC4_SetConfig
                0x08003b18       0x9c cmake/stm32cubemx/CMakeFiles/STM32_Drivers.dir/__/__/Drivers/STM32F1xx_HAL_Driver/Src/stm32f1xx_hal_tim.c.obj
 .text.TIM_TI1_ConfigInputStage
                0x08003bb4       0x5c cmake/stm32cubemx/CMakeFiles/STM32_Drivers.dir/__/__/Drivers/STM32F1xx_HAL_Driver/Src/stm32f1xx_hal_tim.c.obj
 .text.TIM_TI2_ConfigInputStage
                0x08003c10       0x5e cmake/stm32cubemx/CMakeFiles/STM32_Drivers.dir/__/__/Drivers/STM32F1xx_HAL_Driver/Src/stm32f1xx_hal_tim.c.obj
 .text.TIM_ITRx_SetConfig
                0x08003c6e       0x34 cmake/stm32cubemx/CMakeFiles/STM32_Drivers.dir/__/__/Drivers/STM32F1xx_HAL_Driver/Src/stm32f1xx_hal_tim.c.obj
 .text.TIM_ETR_SetConfig
                0x08003ca2       0x3e cmake/stm32cubemx/CMakeFiles/STM32_Drivers.dir/__/__/Drivers/STM32F1xx_HAL_Driver/Src/stm32f1xx_hal_tim.c.obj
                0x08003ca2                TIM_ETR_SetConfig
 .text.TIM_CCxChannelCmd
                0x08003ce0       0x48 cmake/stm32cubemx/CMakeFiles/STM32_Drivers.dir/__/__/Drivers/STM32F1xx_HAL_Driver/Src/stm32f1xx_hal_tim.c.obj
                0x08003ce0                TIM_CCxChannelCmd
 .text.HAL_TIMEx_MasterConfigSynchronization
                0x08003d28       0xbc cmake/stm32cubemx/CMakeFiles/STM32_Drivers.dir/__/__/Drivers/STM32F1xx_HAL_Driver/Src/stm32f1xx_hal_tim_ex.c.obj
                0x08003d28                HAL_TIMEx_MasterConfigSynchronization
 .text.HAL_TIMEx_ConfigBreakDeadTime
                0x08003de4       0xa2 cmake/stm32cubemx/CMakeFiles/STM32_Drivers.dir/__/__/Drivers/STM32F1xx_HAL_Driver/Src/stm32f1xx_hal_tim_ex.c.obj
                0x08003de4                HAL_TIMEx_ConfigBreakDeadTime
 .text.HAL_TIMEx_CommutCallback
                0x08003e86       0x12 cmake/stm32cubemx/CMakeFiles/STM32_Drivers.dir/__/__/Drivers/STM32F1xx_HAL_Driver/Src/stm32f1xx_hal_tim_ex.c.obj
                0x08003e86                HAL_TIMEx_CommutCallback
 .text.HAL_TIMEx_BreakCallback
                0x08003e98       0x12 cmake/stm32cubemx/CMakeFiles/STM32_Drivers.dir/__/__/Drivers/STM32F1xx_HAL_Driver/Src/stm32f1xx_hal_tim_ex.c.obj
                0x08003e98                HAL_TIMEx_BreakCallback
 .text.as5600ReadReg
                0x08003eaa       0x30 user_app\libuser_app.a(as5600.c.obj)
 .text.as5600ReadMultipleReg
                0x08003eda       0x28 user_app\libuser_app.a(as5600.c.obj)
 .text.as5600GetRawAngle
                0x08003f02       0x3e user_app\libuser_app.a(as5600.c.obj)
                0x08003f02                as5600GetRawAngle
 .text.as5600GetAngleRadians
                0x08003f40       0x48 user_app\libuser_app.a(as5600.c.obj)
                0x08003f40                as5600GetAngleRadians
 .text.as5600GetStatus
                0x08003f88       0x68 user_app\libuser_app.a(as5600.c.obj)
                0x08003f88                as5600GetStatus
 .text.as5600CheckMagnetStatus
                0x08003ff0       0x52 user_app\libuser_app.a(as5600.c.obj)
                0x08003ff0                as5600CheckMagnetStatus
 .text.as5600Init
                0x08004042       0x36 user_app\libuser_app.a(as5600.c.obj)
                0x08004042                as5600Init
 .text.can_protocol_normalize_node_id
                0x08004078       0x26 user_app\libuser_app.a(can_protocol.c.obj)
 *fill*         0x0800409e        0x2 
 .text.can_protocol_get_command_std_id
                0x080040a0       0x1c user_app\libuser_app.a(can_protocol.c.obj)
 .text.can_protocol_get_ack_std_id
                0x080040bc       0x1c user_app\libuser_app.a(can_protocol.c.obj)
 .text.can_protocol_get_report_std_id
                0x080040d8       0x1c user_app\libuser_app.a(can_protocol.c.obj)
 .text.can_protocol_encode_int32
                0x080040f4       0x40 user_app\libuser_app.a(can_protocol.c.obj)
 .text.can_protocol_decode_int32
                0x08004134       0x36 user_app\libuser_app.a(can_protocol.c.obj)
 *fill*         0x0800416a        0x2 
 .text.can_protocol_send_frame
                0x0800416c       0x88 user_app\libuser_app.a(can_protocol.c.obj)
 .text.can_protocol_send_ack
                0x080041f4       0x6a user_app\libuser_app.a(can_protocol.c.obj)
 .text.can_protocol_store_node_id
                0x0800425e       0x36 user_app\libuser_app.a(can_protocol.c.obj)
 .text.can_protocol_store_zero_angle
                0x08004294       0x34 user_app\libuser_app.a(can_protocol.c.obj)
 .text.can_protocol_apply_filter
                0x080042c8       0x88 user_app\libuser_app.a(can_protocol.c.obj)
 .text.can_protocol_set_speed_pid_param
                0x08004350       0xe8 user_app\libuser_app.a(can_protocol.c.obj)
 .text.can_protocol_get_speed_pid_param
                0x08004438       0xec user_app\libuser_app.a(can_protocol.c.obj)
 .text.can_protocol_set_position_pid_param
                0x08004524       0xe8 user_app\libuser_app.a(can_protocol.c.obj)
 .text.can_protocol_get_position_pid_param
                0x0800460c       0xec user_app\libuser_app.a(can_protocol.c.obj)
 .text.can_protocol_rx_queue_push
                0x080046f8       0x9c user_app\libuser_app.a(can_protocol.c.obj)
 .text.can_protocol_rx_queue_pop
                0x08004794       0x70 user_app\libuser_app.a(can_protocol.c.obj)
 .text.can_protocol_init
                0x08004804       0x38 user_app\libuser_app.a(can_protocol.c.obj)
                0x08004804                can_protocol_init
 .text.can_protocol_report_motor_state
                0x0800483c       0x78 user_app\libuser_app.a(can_protocol.c.obj)
                0x0800483c                can_protocol_report_motor_state
 .text.can_protocol_process
                0x080048b4       0x5c user_app\libuser_app.a(can_protocol.c.obj)
                0x080048b4                can_protocol_process
 .text.CAN_protocol_analysis
                0x08004910      0x45c user_app\libuser_app.a(can_protocol.c.obj)
                0x08004910                CAN_protocol_analysis
 .text.HAL_CAN_RxFifo0MsgPendingCallback
                0x08004d6c       0x54 user_app\libuser_app.a(can_protocol.c.obj)
                0x08004d6c                HAL_CAN_RxFifo0MsgPendingCallback
 .text.Calculate_CRC32
                0x08004dc0       0x44 user_app\libuser_app.a(flash.c.obj)
                0x08004dc0                Calculate_CRC32
 .text.Recoder_Get_Default
                0x08004e04       0x2a user_app\libuser_app.a(flash.c.obj)
 *fill*         0x08004e2e        0x2 
 .text.Load_Recoder
                0x08004e30       0x80 user_app\libuser_app.a(flash.c.obj)
                0x08004e30                Load_Recoder
 .text.Save_Recoder
                0x08004eb0       0xa0 user_app\libuser_app.a(flash.c.obj)
                0x08004eb0                Save_Recoder
 .text.foc_output
                0x08004f50       0x38 user_app\libuser_app.a(foc_init.c.obj)
                0x08004f50                foc_output
 .text.foc_zero_angle_reset
                0x08004f88       0x1c user_app\libuser_app.a(foc_init.c.obj)
                0x08004f88                foc_zero_angle_reset
 .text.foc_get_zero_angle
                0x08004fa4       0x18 user_app\libuser_app.a(foc_init.c.obj)
                0x08004fa4                foc_get_zero_angle
 .text.foc_control_mode_set
                0x08004fbc       0x34 user_app\libuser_app.a(foc_init.c.obj)
                0x08004fbc                foc_control_mode_set
 .text.foc_control_mode_get
                0x08004ff0       0x14 user_app\libuser_app.a(foc_init.c.obj)
                0x08004ff0                foc_control_mode_get
 .text.foc_limit_target
                0x08005004       0x34 user_app\libuser_app.a(foc_init.c.obj)
 .text.foc_updata
                0x08005038      0x2d8 user_app\libuser_app.a(foc_init.c.obj)
                0x08005038                foc_updata
 .text.foc_root_init
                0x08005310       0xb8 user_app\libuser_app.a(foc_init.c.obj)
                0x08005310                foc_root_init
 .text.foc_current_set_target
                0x080053c8       0x40 user_app\libuser_app.a(foc_init.c.obj)
                0x080053c8                foc_current_set_target
 .text.foc_set_target
                0x08005408       0x3c user_app\libuser_app.a(foc_init.c.obj)
                0x08005408                foc_set_target
 .text.foc_output_enable
                0x08005444       0x4c user_app\libuser_app.a(foc_init.c.obj)
                0x08005444                foc_output_enable
 .text.HAL_TIM_PeriodElapsedCallback
                0x08005490       0xe0 user_app\libuser_app.a(foc_init.c.obj)
                0x08005490                HAL_TIM_PeriodElapsedCallback
 .text.GPIO_Init
                0x08005570       0x70 user_app\libuser_app.a(foc_init.c.obj)
 .text.foc_speed_pid_set_full_param
                0x080055e0       0x58 user_app\libuser_app.a(foc_init.c.obj)
                0x080055e0                foc_speed_pid_set_full_param
 .text.foc_speed_pid_get_full_param
                0x08005638       0x64 user_app\libuser_app.a(foc_init.c.obj)
                0x08005638                foc_speed_pid_get_full_param
 .text.foc_speed_pid_set_target
                0x0800569c       0x1c user_app\libuser_app.a(foc_init.c.obj)
                0x0800569c                foc_speed_pid_set_target
 .text.foc_get_speed_estimate
                0x080056b8       0x18 user_app\libuser_app.a(foc_init.c.obj)
                0x080056b8                foc_get_speed_estimate
 .text.foc_position_pid_set_param
                0x080056d0       0x58 user_app\libuser_app.a(foc_init.c.obj)
                0x080056d0                foc_position_pid_set_param
 .text.foc_position_pid_get_param
                0x08005728       0x64 user_app\libuser_app.a(foc_init.c.obj)
                0x08005728                foc_position_pid_get_param
 .text.foc_position_pid_set_target
                0x0800578c       0x1c user_app\libuser_app.a(foc_init.c.obj)
                0x0800578c                foc_position_pid_set_target
 .text.log_init
                0x080057a8        0xe user_app\libuser_app.a(log.c.obj)
                0x080057a8                log_init
 .text.I2C_Delay
                0x080057b6       0x22 user_app\libuser_app.a(soft_iic.c.obj)
 .text.I2C_Init
                0x080057d8       0x6c user_app\libuser_app.a(soft_iic.c.obj)
                0x080057d8                I2C_Init
 .text.I2C_Start
                0x08005844       0x40 user_app\libuser_app.a(soft_iic.c.obj)
 .text.I2C_Stop
                0x08005884       0x34 user_app\libuser_app.a(soft_iic.c.obj)
 .text.I2C_Ack  0x080058b8       0x3c user_app\libuser_app.a(soft_iic.c.obj)
 .text.I2C_NAck
                0x080058f4       0x34 user_app\libuser_app.a(soft_iic.c.obj)
 .text.I2C_Wait_Ack
                0x08005928       0xbc user_app\libuser_app.a(soft_iic.c.obj)
 .text.I2C_Send_Byte
                0x080059e4       0x70 user_app\libuser_app.a(soft_iic.c.obj)
 .text.I2C_Read_Byte
                0x08005a54       0xc0 user_app\libuser_app.a(soft_iic.c.obj)
 .text.I2C_Write_Bytes
                0x08005b14       0x94 user_app\libuser_app.a(soft_iic.c.obj)
                0x08005b14                I2C_Write_Bytes
 .text.I2C_Read_Bytes
                0x08005ba8       0xcc user_app\libuser_app.a(soft_iic.c.obj)
                0x08005ba8                I2C_Read_Bytes
 .text.angle_normalize
                0x08005c74       0x48 user_foc\libuser_foc.a(foc_core.c.obj)
 .text.sin_int16
                0x08005cbc       0x80 user_foc\libuser_foc.a(foc_core.c.obj)
                0x08005cbc                sin_int16
 .text.cos_int16
                0x08005d3c       0x3c user_foc\libuser_foc.a(foc_core.c.obj)
                0x08005d3c                cos_int16
 .text.foc_q15_mul
                0x08005d78       0x4c user_foc\libuser_foc.a(foc_core.c.obj)
 .text.foc_repark
                0x08005dc4       0x9c user_foc\libuser_foc.a(foc_core.c.obj)
                0x08005dc4                foc_repark
 .text.foc_get_sector
                0x08005e60       0xa8 user_foc\libuser_foc.a(foc_core.c.obj)
                0x08005e60                foc_get_sector
 .text.foc_get_vector_percent
                0x08005f08       0x54 user_foc\libuser_foc.a(foc_core.c.obj)
                0x08005f08                foc_get_vector_percent
 .text.foc_get_vector_normalize
                0x08005f5c      0x1b0 user_foc\libuser_foc.a(foc_core.c.obj)
                0x08005f5c                foc_get_vector_normalize
 .text.foc_get_pwm_duty
                0x0800610c      0x1a2 user_foc\libuser_foc.a(foc_core.c.obj)
                0x0800610c                foc_get_pwm_duty
 .text.foc_angle_cycle
                0x080062ae       0x38 user_foc\libuser_foc.a(foc_core.c.obj)
                0x080062ae                foc_angle_cycle
 .text.foc_init
                0x080062e6       0x3e user_foc\libuser_foc.a(foc_core.c.obj)
                0x080062e6                foc_init
 .text.foc_sensor_updata
                0x08006324       0x6e user_foc\libuser_foc.a(foc_core.c.obj)
                0x08006324                foc_sensor_updata
 *fill*         0x08006392        0x2 
 .text.foc_speed_updata
                0x08006394       0xa4 user_foc\libuser_foc.a(foc_core.c.obj)
                0x08006394                foc_speed_updata
 .text.foc_get_angle
                0x08006438       0x18 user_foc\libuser_foc.a(foc_core.c.obj)
                0x08006438                foc_get_angle
 .text.foc_target_updata
                0x08006450       0x24 user_foc\libuser_foc.a(foc_core.c.obj)
                0x08006450                foc_target_updata
 .text.foc_control
                0x08006474       0xb4 user_foc\libuser_foc.a(foc_core.c.obj)
                0x08006474                foc_control
 .text.foc_zero_reset
                0x08006528       0x88 user_foc\libuser_foc.a(foc_core.c.obj)
                0x08006528                foc_zero_reset
 .text.foc_zero_reset_manual
                0x080065b0       0x2a user_foc\libuser_foc.a(foc_core.c.obj)
                0x080065b0                foc_zero_reset_manual
 .text.foc_set_state
                0x080065da       0x24 user_foc\libuser_foc.a(foc_core.c.obj)
                0x080065da                foc_set_state
 *fill*         0x080065fe        0x2 
 .text.pid_angle_ctrl
                0x08006600      0x190 user_foc\libuser_foc.a(foc_math.c.obj)
                0x08006600                pid_angle_ctrl
 .text.pid_speed_ctrl
                0x08006790      0x190 user_foc\libuser_foc.a(foc_math.c.obj)
                0x08006790                pid_speed_ctrl
 .text.pid_set_param
                0x08006920       0x4e user_foc\libuser_foc.a(foc_math.c.obj)
                0x08006920                pid_set_param
 .text.pid_set_target
                0x0800696e       0x1a user_foc\libuser_foc.a(foc_math.c.obj)
                0x0800696e                pid_set_target
 .text.foc_percent_update
                0x08006988       0x1a user_foc\libuser_foc.a(foc_math.c.obj)
                0x08006988                foc_percent_update
 *fill*         0x080069a2        0x2 
 .text._DoInit  0x080069a4       0xa4 user_rtt\libuser_rtt.a(SEGGER_RTT.c.obj)
 .text._WriteBlocking
                0x08006a48       0xb4 user_rtt\libuser_rtt.a(SEGGER_RTT.c.obj)
 .text._WriteNoCheck
                0x08006afc       0x80 user_rtt\libuser_rtt.a(SEGGER_RTT.c.obj)
 .text._GetAvailWriteSpace
                0x08006b7c       0x44 user_rtt\libuser_rtt.a(SEGGER_RTT.c.obj)
 .text.SEGGER_RTT_WriteNoLock
                0x08006bc0       0xa0 user_rtt\libuser_rtt.a(SEGGER_RTT.c.obj)
                0x08006bc0                SEGGER_RTT_WriteNoLock
 .text.SEGGER_RTT_Write
                0x08006c60       0x48 user_rtt\libuser_rtt.a(SEGGER_RTT.c.obj)
                0x08006c60                SEGGER_RTT_Write
 .text.SEGGER_RTT_Init
                0x08006ca8        0xc user_rtt\libuser_rtt.a(SEGGER_RTT.c.obj)
                0x08006ca8                SEGGER_RTT_Init
 .text._StoreChar
                0x08006cb4       0x7c user_rtt\libuser_rtt.a(SEGGER_RTT_printf.c.obj)
 .text._PrintUnsigned
                0x08006d30      0x158 user_rtt\libuser_rtt.a(SEGGER_RTT_printf.c.obj)
 .text._PrintInt
                0x08006e88      0x14e user_rtt\libuser_rtt.a(SEGGER_RTT_printf.c.obj)
 .text.SEGGER_RTT_vprintf
                0x08006fd6      0x31a user_rtt\libuser_rtt.a(SEGGER_RTT_printf.c.obj)
                0x08006fd6                SEGGER_RTT_vprintf
 .text.SEGGER_RTT_printf
                0x080072f0       0x30 user_rtt\libuser_rtt.a(SEGGER_RTT_printf.c.obj)
                0x080072f0                SEGGER_RTT_printf
 .text.memset   0x08007320       0x10 C:/Program Files/Arm/GNU Toolchain mingw-w64-x86_64-arm-none-eabi/bin/../lib/gcc/arm-none-eabi/15.2.1/../../../../arm-none-eabi/lib/thumb/v7-m/nofp\libg_nano.a(libc_a-memset.o)
                0x08007320                memset
 .text.__libc_init_array
                0x08007330       0x48 C:/Program Files/Arm/GNU Toolchain mingw-w64-x86_64-arm-none-eabi/bin/../lib/gcc/arm-none-eabi/15.2.1/../../../../arm-none-eabi/lib/thumb/v7-m/nofp\libg_nano.a(libc_a-init.o)
                0x08007330                __libc_init_array
 .text.memcpy   0x08007378       0x1c C:/Program Files/Arm/GNU Toolchain mingw-w64-x86_64-arm-none-eabi/bin/../lib/gcc/arm-none-eabi/15.2.1/../../../../arm-none-eabi/lib/thumb/v7-m/nofp\libg_nano.a(libc_a-memcpy-stub.o)
                0x08007378                memcpy
 *(.glue_7)
 .glue_7        0x08007394        0x0 linker stubs
 *(.glue_7t)
 .glue_7t       0x08007394        0x0 linker stubs
 *(.eh_frame)
 .eh_frame      0x08007394        0x0 C:/Program Files/Arm/GNU Toolchain mingw-w64-x86_64-arm-none-eabi/bin/../lib/gcc/arm-none-eabi/15.2.1/thumb/v7-m/nofp/crtbegin.o
 *(.init)
 .init          0x08007394        0x4 C:/Program Files/Arm/GNU Toolchain mingw-w64-x86_64-arm-none-eabi/bin/../lib/gcc/arm-none-eabi/15.2.1/thumb/v7-m/nofp/crti.o
                0x08007394                _init
 .init          0x08007398        0x8 C:/Program Files/Arm/GNU Toolchain mingw-w64-x86_64-arm-none-eabi/bin/../lib/gcc/arm-none-eabi/15.2.1/thumb/v7-m/nofp/crtn.o
 *(.fini)
 .fini          0x080073a0        0x4 C:/Program Files/Arm/GNU Toolchain mingw-w64-x86_64-arm-none-eabi/bin/../lib/gcc/arm-none-eabi/15.2.1/thumb/v7-m/nofp/crti.o
                0x080073a0                _fini
 .fini          0x080073a4        0x8 C:/Program Files/Arm/GNU Toolchain mingw-w64-x86_64-arm-none-eabi/bin/../lib/gcc/arm-none-eabi/15.2.1/thumb/v7-m/nofp/crtn.o
                0x080073ac                        . = ALIGN (0x4)
                0x080073ac                        _etext = .

.vfp11_veneer   0x080073ac        0x0
 .vfp11_veneer  0x080073ac        0x0 linker stubs

.v4_bx          0x080073ac        0x0
 .v4_bx         0x080073ac        0x0 linker stubs

.iplt           0x080073ac        0x0
 .iplt          0x080073ac        0x0 C:/Program Files/Arm/GNU Toolchain mingw-w64-x86_64-arm-none-eabi/bin/../lib/gcc/arm-none-eabi/15.2.1/thumb/v7-m/nofp/crtbegin.o

.rodata         0x080073ac      0xd0c
                0x080073ac                        . = ALIGN (0x4)
 *(.rodata)
 .rodata        0x080073ac        0xe CMakeFiles/motor.dir/Core/Src/main.c.obj
 *fill*         0x080073ba        0x2 
 .rodata        0x080073bc       0x2e user_app\libuser_app.a(foc_init.c.obj)
 *fill*         0x080073ea        0x2 
 .rodata        0x080073ec       0x17 user_rtt\libuser_rtt.a(SEGGER_RTT.c.obj)
 *(.rodata*)
 *fill*         0x08007403        0x1 
 .rodata.AHBPrescTable
                0x08007404       0x10 cmake/stm32cubemx/CMakeFiles/STM32_Drivers.dir/__/__/Core/Src/system_stm32f1xx.c.obj
                0x08007404                AHBPrescTable
 .rodata.aPLLMULFactorTable.1
                0x08007414       0x10 cmake/stm32cubemx/CMakeFiles/STM32_Drivers.dir/__/__/Drivers/STM32F1xx_HAL_Driver/Src/stm32f1xx_hal_rcc.c.obj
 .rodata.aPredivFactorTable.0
                0x08007424        0x2 cmake/stm32cubemx/CMakeFiles/STM32_Drivers.dir/__/__/Drivers/STM32F1xx_HAL_Driver/Src/stm32f1xx_hal_rcc.c.obj
 *fill*         0x08007426        0x2 
 .rodata.N2sector
                0x08007428        0x6 user_foc\libuser_foc.a(foc_core.c.obj)
                0x08007428                N2sector
 *fill*         0x0800742e        0x2 
 .rodata.sector2vector
                0x08007430        0xc user_foc\libuser_foc.a(foc_core.c.obj)
                0x08007430                sector2vector
 .rodata.sector2vector_mask
                0x0800743c       0x24 user_foc\libuser_foc.a(foc_core.c.obj)
                0x0800743c                sector2vector_mask
 .rodata.sin_lut
                0x08007460      0xc48 user_foc\libuser_foc.a(foc_core.c.obj)
 .rodata._aV2C.0
                0x080080a8       0x10 user_rtt\libuser_rtt.a(SEGGER_RTT_printf.c.obj)
                0x080080b8                        . = ALIGN (0x4)

.ARM.extab      0x080080b8        0x0
                0x080080b8                        . = ALIGN (0x4)
 *(.ARM.extab* .gnu.linkonce.armextab.*)
                0x080080b8                        . = ALIGN (0x4)

.ARM            0x080080b8        0x0
                0x080080b8                        . = ALIGN (0x4)
                0x080080b8                        __exidx_start = .
 *(.ARM.exidx*)
                0x080080b8                        __exidx_end = .
                0x080080b8                        . = ALIGN (0x4)

.preinit_array  0x080080b8        0x0
                0x080080b8                        . = ALIGN (0x4)
                0x080080b8                        PROVIDE (__preinit_array_start = .)
 *(.preinit_array*)
                0x080080b8                        PROVIDE (__preinit_array_end = .)
                0x080080b8                        . = ALIGN (0x4)

.init_array     0x080080b8        0x4
                0x080080b8                        . = ALIGN (0x4)
                0x080080b8                        PROVIDE (__init_array_start = .)
 *(SORT_BY_NAME(.init_array.*))
 *(.init_array*)
 .init_array    0x080080b8        0x4 C:/Program Files/Arm/GNU Toolchain mingw-w64-x86_64-arm-none-eabi/bin/../lib/gcc/arm-none-eabi/15.2.1/thumb/v7-m/nofp/crtbegin.o
                0x080080bc                        PROVIDE (__init_array_end = .)
                0x080080bc                        . = ALIGN (0x4)

.fini_array     0x080080bc        0x4
                0x080080bc                        . = ALIGN (0x4)
                [!provide]                        PROVIDE (__fini_array_start = .)
 *(SORT_BY_NAME(.fini_array.*))
 *(.fini_array*)
 .fini_array    0x080080bc        0x4 C:/Program Files/Arm/GNU Toolchain mingw-w64-x86_64-arm-none-eabi/bin/../lib/gcc/arm-none-eabi/15.2.1/thumb/v7-m/nofp/crtbegin.o
                [!provide]                        PROVIDE (__fini_array_end = .)
                0x080080c0                        . = ALIGN (0x4)
                0x080080c0                        _sidata = LOADADDR (.data)

.rel.dyn        0x080080c0        0x0
 .rel.iplt      0x080080c0        0x0 C:/Program Files/Arm/GNU Toolchain mingw-w64-x86_64-arm-none-eabi/bin/../lib/gcc/arm-none-eabi/15.2.1/thumb/v7-m/nofp/crtbegin.o

.data           0x20000000       0x38 load address 0x080080c0
                0x20000000                        . = ALIGN (0x4)
                0x20000000                        _sdata = .
 *(.data)
 *(.data*)
 .data.SystemCoreClock
                0x20000000        0x4 cmake/stm32cubemx/CMakeFiles/STM32_Drivers.dir/__/__/Core/Src/system_stm32f1xx.c.obj
                0x20000000                SystemCoreClock
 .data.uwTickPrio
                0x20000004        0x4 cmake/stm32cubemx/CMakeFiles/STM32_Drivers.dir/__/__/Drivers/STM32F1xx_HAL_Driver/Src/stm32f1xx_hal.c.obj
                0x20000004                uwTickPrio
 .data.uwTickFreq
                0x20000008        0x1 cmake/stm32cubemx/CMakeFiles/STM32_Drivers.dir/__/__/Drivers/STM32F1xx_HAL_Driver/Src/stm32f1xx_hal.c.obj
                0x20000008                uwTickFreq
 *fill*         0x20000009        0x1 
 .data.can_protocol_node_id
                0x2000000a        0x2 user_app\libuser_app.a(can_protocol.c.obj)
 .data.foc_control_mode
                0x2000000c        0x1 user_app\libuser_app.a(foc_init.c.obj)
 *fill*         0x2000000d        0x3 
 .data.cfg      0x20000010       0x28 user_app\libuser_app.a(foc_init.c.obj)
                0x20000010                cfg
 *(.RamFunc)
 *(.RamFunc*)
                0x20000038                        . = ALIGN (0x4)

.tm_clone_table
                0x20000038        0x0 load address 0x080080f8
 .tm_clone_table
                0x20000038        0x0 C:/Program Files/Arm/GNU Toolchain mingw-w64-x86_64-arm-none-eabi/bin/../lib/gcc/arm-none-eabi/15.2.1/thumb/v7-m/nofp/crtbegin.o
 .tm_clone_table
                0x20000038        0x0 C:/Program Files/Arm/GNU Toolchain mingw-w64-x86_64-arm-none-eabi/bin/../lib/gcc/arm-none-eabi/15.2.1/thumb/v7-m/nofp/crtend.o

.igot.plt       0x20000038        0x0 load address 0x080080f8
 .igot.plt      0x20000038        0x0 C:/Program Files/Arm/GNU Toolchain mingw-w64-x86_64-arm-none-eabi/bin/../lib/gcc/arm-none-eabi/15.2.1/thumb/v7-m/nofp/crtbegin.o

.tdata          0x20000038        0x0 load address 0x080080f8
 *(.tdata .tdata.* .gnu.linkonce.td.*)
                0x20000038                        . = ALIGN (0x4)
                0x20000038                        _edata = .
                [!provide]                        PROVIDE (__data_end = .)
                [!provide]                        PROVIDE (__tdata_end = .)
                [!provide]                        PROVIDE (__tdata_start = ADDR (.tdata))
                [!provide]                        PROVIDE (__tdata_size = (__tdata_end - __tdata_start))
                [!provide]                        PROVIDE (__data_start = ADDR (.data))
                [!provide]                        PROVIDE (__data_size = (__data_end - __data_start))
                [!provide]                        PROVIDE (__tdata_source = LOADADDR (.tdata))
                [!provide]                        PROVIDE (__tdata_source_end = (LOADADDR (.tdata) + SIZEOF (.tdata)))
                [!provide]                        PROVIDE (__tdata_source_size = (__tdata_source_end - __tdata_source))
                [!provide]                        PROVIDE (__data_source = LOADADDR (.data))
                [!provide]                        PROVIDE (__data_source_end = __tdata_source_end)
                [!provide]                        PROVIDE (__data_source_size = (__data_source_end - __data_source))

.tbss           0x20000038        0x0 load address 0x080080f8
                0x20000038                        _sbss = .
                0x20000038                        __bss_start__ = _sbss
 *(.tbss .tbss.*)
                0x20000038                        . = ALIGN (0x4)
                [!provide]                        PROVIDE (__tbss_end = .)
                [!provide]                        PROVIDE (__tbss_start = ADDR (.tbss))
                [!provide]                        PROVIDE (__tbss_size = (__tbss_end - __tbss_start))
                [!provide]                        PROVIDE (__tbss_offset = (ADDR (.tbss) - ADDR (.tdata)))
                [!provide]                        PROVIDE (__tls_base = __tdata_start)
                [!provide]                        PROVIDE (__tls_end = __tbss_end)
                [!provide]                        PROVIDE (__tls_size = (__tls_end - __tls_base))
                [!provide]                        PROVIDE (__tls_align = MAX (ALIGNOF (.tdata), ALIGNOF (.tbss)))
                [!provide]                        PROVIDE (__tls_size_align = (((__tls_size + __tls_align) - 0x1) & ~ ((__tls_align - 0x1))))
                [!provide]                        PROVIDE (__arm32_tls_tcb_offset = MAX (0x8, __tls_align))
                [!provide]                        PROVIDE (__arm64_tls_tcb_offset = MAX (0x10, __tls_align))

.bss            0x20000038      0x884 load address 0x080080f8
 *(.bss)
 *(.bss*)
 .bss.completed.1
                0x20000038        0x1 C:/Program Files/Arm/GNU Toolchain mingw-w64-x86_64-arm-none-eabi/bin/../lib/gcc/arm-none-eabi/15.2.1/thumb/v7-m/nofp/crtbegin.o
 *fill*         0x20000039        0x3 
 .bss.object.0  0x2000003c       0x18 C:/Program Files/Arm/GNU Toolchain mingw-w64-x86_64-arm-none-eabi/bin/../lib/gcc/arm-none-eabi/15.2.1/thumb/v7-m/nofp/crtbegin.o
 .bss.hcan      0x20000054       0x28 CMakeFiles/motor.dir/Core/Src/can.c.obj
                0x20000054                hcan
 .bss.htim1     0x2000007c       0x48 CMakeFiles/motor.dir/Core/Src/tim.c.obj
                0x2000007c                htim1
 .bss.htim2     0x200000c4       0x48 CMakeFiles/motor.dir/Core/Src/tim.c.obj
                0x200000c4                htim2
 .bss.uwTick    0x2000010c        0x4 cmake/stm32cubemx/CMakeFiles/STM32_Drivers.dir/__/__/Drivers/STM32F1xx_HAL_Driver/Src/stm32f1xx_hal.c.obj
                0x2000010c                uwTick
 .bss.pFlash    0x20000110       0x20 cmake/stm32cubemx/CMakeFiles/STM32_Drivers.dir/__/__/Drivers/STM32F1xx_HAL_Driver/Src/stm32f1xx_hal_flash.c.obj
                0x20000110                pFlash
 .bss.rawAngle4095
                0x20000130        0x2 user_app\libuser_app.a(as5600.c.obj)
                0x20000130                rawAngle4095
 *fill*         0x20000132        0x2 
 .bss.can_protocol_rx_queue
                0x20000134      0x120 user_app\libuser_app.a(can_protocol.c.obj)
 .bss.can_protocol_rx_write_index
                0x20000254        0x1 user_app\libuser_app.a(can_protocol.c.obj)
 .bss.can_protocol_rx_read_index
                0x20000255        0x1 user_app\libuser_app.a(can_protocol.c.obj)
 .bss.can_protocol_rx_overflow_flag
                0x20000256        0x1 user_app\libuser_app.a(can_protocol.c.obj)
 .bss.updata_flag
                0x20000257        0x1 user_app\libuser_app.a(foc_init.c.obj)
                0x20000257                updata_flag
 .bss.foc       0x20000258       0xd4 user_app\libuser_app.a(foc_init.c.obj)
                0x20000258                foc
 .bss.foc_current_target
                0x2000032c        0x4 user_app\libuser_app.a(foc_init.c.obj)
 .bss.angle_pid
                0x20000330       0x30 user_app\libuser_app.a(foc_init.c.obj)
                0x20000330                angle_pid
 .bss.speed_pid
                0x20000360       0x30 user_app\libuser_app.a(foc_init.c.obj)
                0x20000360                speed_pid
 .bss.angle_recoder
                0x20000390       0x28 user_app\libuser_app.a(foc_init.c.obj)
                0x20000390                angle_recoder
 .bss.angle_idex
                0x200003b8        0x1 user_app\libuser_app.a(foc_init.c.obj)
                0x200003b8                angle_idex
 .bss.angle_first_idex
                0x200003b9        0x1 user_app\libuser_app.a(foc_init.c.obj)
                0x200003b9                angle_first_idex
 .bss.angle_init
                0x200003ba        0x1 user_app\libuser_app.a(foc_init.c.obj)
                0x200003ba                angle_init
 *fill*         0x200003bb        0x1 
 .bss.speed     0x200003bc        0x4 user_app\libuser_app.a(foc_init.c.obj)
                0x200003bc                speed
 .bss.led_cnt   0x200003c0        0x2 user_app\libuser_app.a(foc_init.c.obj)
                0x200003c0                led_cnt
 .bss.flag_250us.0
                0x200003c2        0x2 user_app\libuser_app.a(foc_init.c.obj)
 .bss.iic_time_out_cnt
                0x200003c4        0x2 user_app\libuser_app.a(soft_iic.c.obj)
                0x200003c4                iic_time_out_cnt
 *fill*         0x200003c6        0x2 
 .bss.sin_out   0x200003c8        0x4 user_foc\libuser_foc.a(foc_core.c.obj)
                0x200003c8                sin_out
 .bss.cos_out   0x200003cc        0x4 user_foc\libuser_foc.a(foc_core.c.obj)
                0x200003cc                cos_out
 .bss.first.0   0x200003d0        0x1 user_foc\libuser_foc.a(foc_core.c.obj)
 *fill*         0x200003d1        0x3 
 .bss._SEGGER_RTT
                0x200003d4       0xa8 user_rtt\libuser_rtt.a(SEGGER_RTT.c.obj)
                0x200003d4                _SEGGER_RTT
 .bss._acUpBuffer
                0x2000047c      0x400 user_rtt\libuser_rtt.a(SEGGER_RTT.c.obj)
 .bss._acDownBuffer
                0x2000087c       0x40 user_rtt\libuser_rtt.a(SEGGER_RTT.c.obj)
 *(COMMON)
                0x200008bc                        . = ALIGN (0x4)
                0x200008bc                        _ebss = .
                0x200008bc                        __bss_end__ = _ebss
                [!provide]                        PROVIDE (__bss_end = .)
                [!provide]                        PROVIDE (__non_tls_bss_start = ADDR (.bss))
                [!provide]                        PROVIDE (__bss_start = __tbss_start)
                [!provide]                        PROVIDE (__bss_size = (__bss_end - __bss_start))

._user_heap_stack
                0x200008bc      0x604 load address 0x080080f8
                0x200008c0                        . = ALIGN (0x8)
 *fill*         0x200008bc        0x4 
                [!provide]                        PROVIDE (end = .)
                0x200008c0                        PROVIDE (_end = .)
                0x20000ac0                        . = (. + _Min_Heap_Size)
 *fill*         0x200008c0      0x200 
                0x20000ec0                        . = (. + _Min_Stack_Size)
 *fill*         0x20000ac0      0x400 
                0x20000ec0                        . = ALIGN (0x8)

/DISCARD/
 libc.a:*(*)
 libm.a:*(*)
 libgcc.a:*(*)
OUTPUT(motor.elf elf32-littlearm)
LOAD linker stubs

.ARM.attributes
                0x00000000       0x29
 .ARM.attributes
                0x00000000       0x1d C:/Program Files/Arm/GNU Toolchain mingw-w64-x86_64-arm-none-eabi/bin/../lib/gcc/arm-none-eabi/15.2.1/thumb/v7-m/nofp/crti.o
 .ARM.attributes
                0x0000001d       0x2d C:/Program Files/Arm/GNU Toolchain mingw-w64-x86_64-arm-none-eabi/bin/../lib/gcc/arm-none-eabi/15.2.1/thumb/v7-m/nofp/crtbegin.o
 .ARM.attributes
                0x0000004a       0x2d CMakeFiles/motor.dir/Core/Src/main.c.obj
 .ARM.attributes
                0x00000077       0x2d CMakeFiles/motor.dir/Core/Src/gpio.c.obj
 .ARM.attributes
                0x000000a4       0x2d CMakeFiles/motor.dir/Core/Src/can.c.obj
 .ARM.attributes
                0x000000d1       0x2d CMakeFiles/motor.dir/Core/Src/tim.c.obj
 .ARM.attributes
                0x000000fe       0x2d CMakeFiles/motor.dir/Core/Src/stm32f1xx_it.c.obj
 .ARM.attributes
                0x0000012b       0x2d CMakeFiles/motor.dir/Core/Src/stm32f1xx_hal_msp.c.obj
 .ARM.attributes
                0x00000158       0x21 CMakeFiles/motor.dir/startup_stm32f103xb.s.obj
 .ARM.attributes
                0x00000179       0x2d cmake/stm32cubemx/CMakeFiles/STM32_Drivers.dir/__/__/Core/Src/system_stm32f1xx.c.obj
 .ARM.attributes
                0x000001a6       0x2d cmake/stm32cubemx/CMakeFiles/STM32_Drivers.dir/__/__/Drivers/STM32F1xx_HAL_Driver/Src/stm32f1xx_hal_can.c.obj
 .ARM.attributes
                0x000001d3       0x2d cmake/stm32cubemx/CMakeFiles/STM32_Drivers.dir/__/__/Drivers/STM32F1xx_HAL_Driver/Src/stm32f1xx_hal.c.obj
 .ARM.attributes
                0x00000200       0x2d cmake/stm32cubemx/CMakeFiles/STM32_Drivers.dir/__/__/Drivers/STM32F1xx_HAL_Driver/Src/stm32f1xx_hal_rcc.c.obj
 .ARM.attributes
                0x0000022d       0x2d cmake/stm32cubemx/CMakeFiles/STM32_Drivers.dir/__/__/Drivers/STM32F1xx_HAL_Driver/Src/stm32f1xx_hal_gpio.c.obj
 .ARM.attributes
                0x0000025a       0x2d cmake/stm32cubemx/CMakeFiles/STM32_Drivers.dir/__/__/Drivers/STM32F1xx_HAL_Driver/Src/stm32f1xx_hal_cortex.c.obj
 .ARM.attributes
                0x00000287       0x2d cmake/stm32cubemx/CMakeFiles/STM32_Drivers.dir/__/__/Drivers/STM32F1xx_HAL_Driver/Src/stm32f1xx_hal_flash.c.obj
 .ARM.attributes
                0x000002b4       0x2d cmake/stm32cubemx/CMakeFiles/STM32_Drivers.dir/__/__/Drivers/STM32F1xx_HAL_Driver/Src/stm32f1xx_hal_flash_ex.c.obj
 .ARM.attributes
                0x000002e1       0x2d cmake/stm32cubemx/CMakeFiles/STM32_Drivers.dir/__/__/Drivers/STM32F1xx_HAL_Driver/Src/stm32f1xx_hal_tim.c.obj
 .ARM.attributes
                0x0000030e       0x2d cmake/stm32cubemx/CMakeFiles/STM32_Drivers.dir/__/__/Drivers/STM32F1xx_HAL_Driver/Src/stm32f1xx_hal_tim_ex.c.obj
 .ARM.attributes
                0x0000033b       0x2d user_app\libuser_app.a(as5600.c.obj)
 .ARM.attributes
                0x00000368       0x2d user_app\libuser_app.a(can_protocol.c.obj)
 .ARM.attributes
                0x00000395       0x2d user_app\libuser_app.a(flash.c.obj)
 .ARM.attributes
                0x000003c2       0x2d user_app\libuser_app.a(foc_init.c.obj)
 .ARM.attributes
                0x000003ef       0x2d user_app\libuser_app.a(log.c.obj)
 .ARM.attributes
                0x0000041c       0x2d user_app\libuser_app.a(soft_iic.c.obj)
 .ARM.attributes
                0x00000449       0x2d user_foc\libuser_foc.a(foc_core.c.obj)
 .ARM.attributes
                0x00000476       0x2d user_foc\libuser_foc.a(foc_math.c.obj)
 .ARM.attributes
                0x000004a3       0x2d user_rtt\libuser_rtt.a(SEGGER_RTT.c.obj)
 .ARM.attributes
                0x000004d0       0x2d user_rtt\libuser_rtt.a(SEGGER_RTT_printf.c.obj)
 .ARM.attributes
                0x000004fd       0x1d C:/Program Files/Arm/GNU Toolchain mingw-w64-x86_64-arm-none-eabi/bin/../lib/gcc/arm-none-eabi/15.2.1/thumb/v7-m/nofp\libgcc.a(_arm_addsubsf3.o)
 .ARM.attributes
                0x0000051a       0x1d C:/Program Files/Arm/GNU Toolchain mingw-w64-x86_64-arm-none-eabi/bin/../lib/gcc/arm-none-eabi/15.2.1/thumb/v7-m/nofp\libgcc.a(_arm_muldivsf3.o)
 .ARM.attributes
                0x00000537       0x1d C:/Program Files/Arm/GNU Toolchain mingw-w64-x86_64-arm-none-eabi/bin/../lib/gcc/arm-none-eabi/15.2.1/thumb/v7-m/nofp\libgcc.a(_arm_cmpsf2.o)
 .ARM.attributes
                0x00000554       0x1d C:/Program Files/Arm/GNU Toolchain mingw-w64-x86_64-arm-none-eabi/bin/../lib/gcc/arm-none-eabi/15.2.1/thumb/v7-m/nofp\libgcc.a(_arm_fixsfsi.o)
 .ARM.attributes
                0x00000571       0x2d C:/Program Files/Arm/GNU Toolchain mingw-w64-x86_64-arm-none-eabi/bin/../lib/gcc/arm-none-eabi/15.2.1/../../../../arm-none-eabi/lib/thumb/v7-m/nofp\libg_nano.a(libc_a-memset.o)
 .ARM.attributes
                0x0000059e       0x2d C:/Program Files/Arm/GNU Toolchain mingw-w64-x86_64-arm-none-eabi/bin/../lib/gcc/arm-none-eabi/15.2.1/../../../../arm-none-eabi/lib/thumb/v7-m/nofp\libg_nano.a(libc_a-init.o)
 .ARM.attributes
                0x000005cb       0x2d C:/Program Files/Arm/GNU Toolchain mingw-w64-x86_64-arm-none-eabi/bin/../lib/gcc/arm-none-eabi/15.2.1/../../../../arm-none-eabi/lib/thumb/v7-m/nofp\libg_nano.a(libc_a-memcpy-stub.o)
 .ARM.attributes
                0x000005f8       0x2d C:/Program Files/Arm/GNU Toolchain mingw-w64-x86_64-arm-none-eabi/bin/../lib/gcc/arm-none-eabi/15.2.1/thumb/v7-m/nofp/crtend.o
 .ARM.attributes
                0x00000625       0x1d C:/Program Files/Arm/GNU Toolchain mingw-w64-x86_64-arm-none-eabi/bin/../lib/gcc/arm-none-eabi/15.2.1/thumb/v7-m/nofp/crtn.o

.comment        0x00000000       0x45
 .comment       0x00000000       0x45 CMakeFiles/motor.dir/Core/Src/main.c.obj
                                 0x46 (size before relaxing)
 .comment       0x00000045        0x0 CMakeFiles/motor.dir/Core/Src/gpio.c.obj
                                 0x46 (size before relaxing)
 .comment       0x00000045        0x0 CMakeFiles/motor.dir/Core/Src/can.c.obj
                                 0x46 (size before relaxing)
 .comment       0x00000045        0x0 CMakeFiles/motor.dir/Core/Src/tim.c.obj
                                 0x46 (size before relaxing)
 .comment       0x00000045        0x0 CMakeFiles/motor.dir/Core/Src/stm32f1xx_it.c.obj
                                 0x46 (size before relaxing)
 .comment       0x00000045        0x0 CMakeFiles/motor.dir/Core/Src/stm32f1xx_hal_msp.c.obj
                                 0x46 (size before relaxing)
 .comment       0x00000045        0x0 cmake/stm32cubemx/CMakeFiles/STM32_Drivers.dir/__/__/Core/Src/system_stm32f1xx.c.obj
                                 0x46 (size before relaxing)
 .comment       0x00000045        0x0 cmake/stm32cubemx/CMakeFiles/STM32_Drivers.dir/__/__/Drivers/STM32F1xx_HAL_Driver/Src/stm32f1xx_hal_can.c.obj
                                 0x46 (size before relaxing)
 .comment       0x00000045        0x0 cmake/stm32cubemx/CMakeFiles/STM32_Drivers.dir/__/__/Drivers/STM32F1xx_HAL_Driver/Src/stm32f1xx_hal.c.obj
                                 0x46 (size before relaxing)
 .comment       0x00000045        0x0 cmake/stm32cubemx/CMakeFiles/STM32_Drivers.dir/__/__/Drivers/STM32F1xx_HAL_Driver/Src/stm32f1xx_hal_rcc.c.obj
                                 0x46 (size before relaxing)
 .comment       0x00000045        0x0 cmake/stm32cubemx/CMakeFiles/STM32_Drivers.dir/__/__/Drivers/STM32F1xx_HAL_Driver/Src/stm32f1xx_hal_gpio.c.obj
                                 0x46 (size before relaxing)
 .comment       0x00000045        0x0 cmake/stm32cubemx/CMakeFiles/STM32_Drivers.dir/__/__/Drivers/STM32F1xx_HAL_Driver/Src/stm32f1xx_hal_cortex.c.obj
                                 0x46 (size before relaxing)
 .comment       0x00000045        0x0 cmake/stm32cubemx/CMakeFiles/STM32_Drivers.dir/__/__/Drivers/STM32F1xx_HAL_Driver/Src/stm32f1xx_hal_flash.c.obj
                                 0x46 (size before relaxing)
 .comment       0x00000045        0x0 cmake/stm32cubemx/CMakeFiles/STM32_Drivers.dir/__/__/Drivers/STM32F1xx_HAL_Driver/Src/stm32f1xx_hal_flash_ex.c.obj
                                 0x46 (size before relaxing)
 .comment       0x00000045        0x0 cmake/stm32cubemx/CMakeFiles/STM32_Drivers.dir/__/__/Drivers/STM32F1xx_HAL_Driver/Src/stm32f1xx_hal_tim.c.obj
                                 0x46 (size before relaxing)
 .comment       0x00000045        0x0 cmake/stm32cubemx/CMakeFiles/STM32_Drivers.dir/__/__/Drivers/STM32F1xx_HAL_Driver/Src/stm32f1xx_hal_tim_ex.c.obj
                                 0x46 (size before relaxing)
 .comment       0x00000045        0x0 user_app\libuser_app.a(as5600.c.obj)
                                 0x46 (size before relaxing)
 .comment       0x00000045        0x0 user_app\libuser_app.a(can_protocol.c.obj)
                                 0x46 (size before relaxing)
 .comment       0x00000045        0x0 user_app\libuser_app.a(flash.c.obj)
                                 0x46 (size before relaxing)
 .comment       0x00000045        0x0 user_app\libuser_app.a(foc_init.c.obj)
                                 0x46 (size before relaxing)
 .comment       0x00000045        0x0 user_app\libuser_app.a(log.c.obj)
                                 0x46 (size before relaxing)
 .comment       0x00000045        0x0 user_app\libuser_app.a(soft_iic.c.obj)
                                 0x46 (size before relaxing)
 .comment       0x00000045        0x0 user_foc\libuser_foc.a(foc_core.c.obj)
                                 0x46 (size before relaxing)
 .comment       0x00000045        0x0 user_foc\libuser_foc.a(foc_math.c.obj)
                                 0x46 (size before relaxing)
 .comment       0x00000045        0x0 user_rtt\libuser_rtt.a(SEGGER_RTT.c.obj)
                                 0x46 (size before relaxing)
 .comment       0x00000045        0x0 user_rtt\libuser_rtt.a(SEGGER_RTT_printf.c.obj)
                                 0x46 (size before relaxing)

.debug_info     0x00000000    0x10310
 .debug_info    0x00000000      0x357 CMakeFiles/motor.dir/Core/Src/main.c.obj
 .debug_info    0x00000357      0x29b CMakeFiles/motor.dir/Core/Src/gpio.c.obj
 .debug_info    0x000005f2      0x95e CMakeFiles/motor.dir/Core/Src/can.c.obj
 .debug_info    0x00000f50      0xcfb CMakeFiles/motor.dir/Core/Src/tim.c.obj
 .debug_info    0x00001c4b      0xa88 CMakeFiles/motor.dir/Core/Src/stm32f1xx_it.c.obj
 .debug_info    0x000026d3      0x1f1 CMakeFiles/motor.dir/Core/Src/stm32f1xx_hal_msp.c.obj
 .debug_info    0x000028c4       0x30 CMakeFiles/motor.dir/startup_stm32f103xb.s.obj
 .debug_info    0x000028f4      0x222 cmake/stm32cubemx/CMakeFiles/STM32_Drivers.dir/__/__/Core/Src/system_stm32f1xx.c.obj
 .debug_info    0x00002b16      0xf13 cmake/stm32cubemx/CMakeFiles/STM32_Drivers.dir/__/__/Drivers/STM32F1xx_HAL_Driver/Src/stm32f1xx_hal_can.c.obj
 .debug_info    0x00003a29      0x704 cmake/stm32cubemx/CMakeFiles/STM32_Drivers.dir/__/__/Drivers/STM32F1xx_HAL_Driver/Src/stm32f1xx_hal.c.obj
 .debug_info    0x0000412d      0x7d5 cmake/stm32cubemx/CMakeFiles/STM32_Drivers.dir/__/__/Drivers/STM32F1xx_HAL_Driver/Src/stm32f1xx_hal_rcc.c.obj
 .debug_info    0x00004902      0x5ab cmake/stm32cubemx/CMakeFiles/STM32_Drivers.dir/__/__/Drivers/STM32F1xx_HAL_Driver/Src/stm32f1xx_hal_gpio.c.obj
 .debug_info    0x00004ead      0xa87 cmake/stm32cubemx/CMakeFiles/STM32_Drivers.dir/__/__/Drivers/STM32F1xx_HAL_Driver/Src/stm32f1xx_hal_cortex.c.obj
 .debug_info    0x00005934      0x4f8 cmake/stm32cubemx/CMakeFiles/STM32_Drivers.dir/__/__/Drivers/STM32F1xx_HAL_Driver/Src/stm32f1xx_hal_flash.c.obj
 .debug_info    0x00005e2c      0x777 cmake/stm32cubemx/CMakeFiles/STM32_Drivers.dir/__/__/Drivers/STM32F1xx_HAL_Driver/Src/stm32f1xx_hal_flash_ex.c.obj
 .debug_info    0x000065a3     0x2959 cmake/stm32cubemx/CMakeFiles/STM32_Drivers.dir/__/__/Drivers/STM32F1xx_HAL_Driver/Src/stm32f1xx_hal_tim.c.obj
 .debug_info    0x00008efc     0x149b cmake/stm32cubemx/CMakeFiles/STM32_Drivers.dir/__/__/Drivers/STM32F1xx_HAL_Driver/Src/stm32f1xx_hal_tim_ex.c.obj
 .debug_info    0x0000a397      0x3fa user_app\libuser_app.a(as5600.c.obj)
 .debug_info    0x0000a791     0x1673 user_app\libuser_app.a(can_protocol.c.obj)
 .debug_info    0x0000be04      0x4b4 user_app\libuser_app.a(flash.c.obj)
 .debug_info    0x0000c2b8     0x17fb user_app\libuser_app.a(foc_init.c.obj)
 .debug_info    0x0000dab3       0x9d user_app\libuser_app.a(log.c.obj)
 .debug_info    0x0000db50      0x4d7 user_app\libuser_app.a(soft_iic.c.obj)
 .debug_info    0x0000e027      0xd7c user_foc\libuser_foc.a(foc_core.c.obj)
 .debug_info    0x0000eda3      0x25b user_foc\libuser_foc.a(foc_math.c.obj)
 .debug_info    0x0000effe      0xeff user_rtt\libuser_rtt.a(SEGGER_RTT.c.obj)
 .debug_info    0x0000fefd      0x413 user_rtt\libuser_rtt.a(SEGGER_RTT_printf.c.obj)

.debug_abbrev   0x00000000     0x35a7
 .debug_abbrev  0x00000000      0x1a4 CMakeFiles/motor.dir/Core/Src/main.c.obj
 .debug_abbrev  0x000001a4      0x13f CMakeFiles/motor.dir/Core/Src/gpio.c.obj
 .debug_abbrev  0x000002e3      0x23b CMakeFiles/motor.dir/Core/Src/can.c.obj
 .debug_abbrev  0x0000051e      0x245 CMakeFiles/motor.dir/Core/Src/tim.c.obj
 .debug_abbrev  0x00000763      0x1eb CMakeFiles/motor.dir/Core/Src/stm32f1xx_it.c.obj
 .debug_abbrev  0x0000094e       0xdb CMakeFiles/motor.dir/Core/Src/stm32f1xx_hal_msp.c.obj
 .debug_abbrev  0x00000a29       0x24 CMakeFiles/motor.dir/startup_stm32f103xb.s.obj
 .debug_abbrev  0x00000a4d      0x13f cmake/stm32cubemx/CMakeFiles/STM32_Drivers.dir/__/__/Core/Src/system_stm32f1xx.c.obj
 .debug_abbrev  0x00000b8c      0x21c cmake/stm32cubemx/CMakeFiles/STM32_Drivers.dir/__/__/Drivers/STM32F1xx_HAL_Driver/Src/stm32f1xx_hal_can.c.obj
 .debug_abbrev  0x00000da8      0x201 cmake/stm32cubemx/CMakeFiles/STM32_Drivers.dir/__/__/Drivers/STM32F1xx_HAL_Driver/Src/stm32f1xx_hal.c.obj
 .debug_abbrev  0x00000fa9      0x2b3 cmake/stm32cubemx/CMakeFiles/STM32_Drivers.dir/__/__/Drivers/STM32F1xx_HAL_Driver/Src/stm32f1xx_hal_rcc.c.obj
 .debug_abbrev  0x0000125c      0x1ca cmake/stm32cubemx/CMakeFiles/STM32_Drivers.dir/__/__/Drivers/STM32F1xx_HAL_Driver/Src/stm32f1xx_hal_gpio.c.obj
 .debug_abbrev  0x00001426      0x2f8 cmake/stm32cubemx/CMakeFiles/STM32_Drivers.dir/__/__/Drivers/STM32F1xx_HAL_Driver/Src/stm32f1xx_hal_cortex.c.obj
 .debug_abbrev  0x0000171e      0x250 cmake/stm32cubemx/CMakeFiles/STM32_Drivers.dir/__/__/Drivers/STM32F1xx_HAL_Driver/Src/stm32f1xx_hal_flash.c.obj
 .debug_abbrev  0x0000196e      0x247 cmake/stm32cubemx/CMakeFiles/STM32_Drivers.dir/__/__/Drivers/STM32F1xx_HAL_Driver/Src/stm32f1xx_hal_flash_ex.c.obj
 .debug_abbrev  0x00001bb5      0x277 cmake/stm32cubemx/CMakeFiles/STM32_Drivers.dir/__/__/Drivers/STM32F1xx_HAL_Driver/Src/stm32f1xx_hal_tim.c.obj
 .debug_abbrev  0x00001e2c      0x282 cmake/stm32cubemx/CMakeFiles/STM32_Drivers.dir/__/__/Drivers/STM32F1xx_HAL_Driver/Src/stm32f1xx_hal_tim_ex.c.obj
 .debug_abbrev  0x000020ae      0x154 user_app\libuser_app.a(as5600.c.obj)
 .debug_abbrev  0x00002202      0x379 user_app\libuser_app.a(can_protocol.c.obj)
 .debug_abbrev  0x0000257b      0x202 user_app\libuser_app.a(flash.c.obj)
 .debug_abbrev  0x0000277d      0x45c user_app\libuser_app.a(foc_init.c.obj)
 .debug_abbrev  0x00002bd9       0x5a user_app\libuser_app.a(log.c.obj)
 .debug_abbrev  0x00002c33      0x22c user_app\libuser_app.a(soft_iic.c.obj)
 .debug_abbrev  0x00002e5f      0x25a user_foc\libuser_foc.a(foc_core.c.obj)
 .debug_abbrev  0x000030b9      0x104 user_foc\libuser_foc.a(foc_math.c.obj)
 .debug_abbrev  0x000031bd      0x22e user_rtt\libuser_rtt.a(SEGGER_RTT.c.obj)
 .debug_abbrev  0x000033eb      0x1bc user_rtt\libuser_rtt.a(SEGGER_RTT_printf.c.obj)

.debug_aranges  0x00000000     0x1170
 .debug_aranges
                0x00000000       0x30 CMakeFiles/motor.dir/Core/Src/main.c.obj
 .debug_aranges
                0x00000030       0x20 CMakeFiles/motor.dir/Core/Src/gpio.c.obj
 .debug_aranges
                0x00000050       0x30 CMakeFiles/motor.dir/Core/Src/can.c.obj
 .debug_aranges
                0x00000080       0x40 CMakeFiles/motor.dir/Core/Src/tim.c.obj
 .debug_aranges
                0x000000c0       0x78 CMakeFiles/motor.dir/Core/Src/stm32f1xx_it.c.obj
 .debug_aranges
                0x00000138       0x20 CMakeFiles/motor.dir/Core/Src/stm32f1xx_hal_msp.c.obj
 .debug_aranges
                0x00000158       0x28 CMakeFiles/motor.dir/startup_stm32f103xb.s.obj
 .debug_aranges
                0x00000180       0x28 cmake/stm32cubemx/CMakeFiles/STM32_Drivers.dir/__/__/Core/Src/system_stm32f1xx.c.obj
 .debug_aranges
                0x000001a8      0x138 cmake/stm32cubemx/CMakeFiles/STM32_Drivers.dir/__/__/Drivers/STM32F1xx_HAL_Driver/Src/stm32f1xx_hal_can.c.obj
 .debug_aranges
                0x000002e0       0xe0 cmake/stm32cubemx/CMakeFiles/STM32_Drivers.dir/__/__/Drivers/STM32F1xx_HAL_Driver/Src/stm32f1xx_hal.c.obj
 .debug_aranges
                0x000003c0       0x90 cmake/stm32cubemx/CMakeFiles/STM32_Drivers.dir/__/__/Drivers/STM32F1xx_HAL_Driver/Src/stm32f1xx_hal_rcc.c.obj
 .debug_aranges
                0x00000450       0x58 cmake/stm32cubemx/CMakeFiles/STM32_Drivers.dir/__/__/Drivers/STM32F1xx_HAL_Driver/Src/stm32f1xx_hal_gpio.c.obj
 .debug_aranges
                0x000004a8      0x100 cmake/stm32cubemx/CMakeFiles/STM32_Drivers.dir/__/__/Drivers/STM32F1xx_HAL_Driver/Src/stm32f1xx_hal_cortex.c.obj
 .debug_aranges
                0x000005a8       0x88 cmake/stm32cubemx/CMakeFiles/STM32_Drivers.dir/__/__/Drivers/STM32F1xx_HAL_Driver/Src/stm32f1xx_hal_flash.c.obj
 .debug_aranges
                0x00000630       0x98 cmake/stm32cubemx/CMakeFiles/STM32_Drivers.dir/__/__/Drivers/STM32F1xx_HAL_Driver/Src/stm32f1xx_hal_flash_ex.c.obj
 .debug_aranges
                0x000006c8      0x3d0 cmake/stm32cubemx/CMakeFiles/STM32_Drivers.dir/__/__/Drivers/STM32F1xx_HAL_Driver/Src/stm32f1xx_hal_tim.c.obj
 .debug_aranges
                0x00000a98      0x168 cmake/stm32cubemx/CMakeFiles/STM32_Drivers.dir/__/__/Drivers/STM32F1xx_HAL_Driver/Src/stm32f1xx_hal_tim_ex.c.obj
 .debug_aranges
                0x00000c00       0x80 user_app\libuser_app.a(as5600.c.obj)
 .debug_aranges
                0x00000c80       0xd0 user_app\libuser_app.a(can_protocol.c.obj)
 .debug_aranges
                0x00000d50       0x40 user_app\libuser_app.a(flash.c.obj)
 .debug_aranges
                0x00000d90       0xe0 user_app\libuser_app.a(foc_init.c.obj)
 .debug_aranges
                0x00000e70       0x20 user_app\libuser_app.a(log.c.obj)
 .debug_aranges
                0x00000e90       0x70 user_app\libuser_app.a(soft_iic.c.obj)
 .debug_aranges
                0x00000f00       0xe0 user_foc\libuser_foc.a(foc_core.c.obj)
 .debug_aranges
                0x00000fe0       0x40 user_foc\libuser_foc.a(foc_math.c.obj)
 .debug_aranges
                0x00001020      0x110 user_rtt\libuser_rtt.a(SEGGER_RTT.c.obj)
 .debug_aranges
                0x00001130       0x40 user_rtt\libuser_rtt.a(SEGGER_RTT_printf.c.obj)

.debug_rnglists
                0x00000000      0xd54
 .debug_rnglists
                0x00000000       0x20 CMakeFiles/motor.dir/Core/Src/main.c.obj
 .debug_rnglists
                0x00000020       0x14 CMakeFiles/motor.dir/Core/Src/gpio.c.obj
 .debug_rnglists
                0x00000034       0x21 CMakeFiles/motor.dir/Core/Src/can.c.obj
 .debug_rnglists
                0x00000055       0x2e CMakeFiles/motor.dir/Core/Src/tim.c.obj
 .debug_rnglists
                0x00000083       0x55 CMakeFiles/motor.dir/Core/Src/stm32f1xx_it.c.obj
 .debug_rnglists
                0x000000d8       0x13 CMakeFiles/motor.dir/Core/Src/stm32f1xx_hal_msp.c.obj
 .debug_rnglists
                0x000000eb       0x19 CMakeFiles/motor.dir/startup_stm32f103xb.s.obj
 .debug_rnglists
                0x00000104       0x1a cmake/stm32cubemx/CMakeFiles/STM32_Drivers.dir/__/__/Core/Src/system_stm32f1xx.c.obj
 .debug_rnglists
                0x0000011e       0xed cmake/stm32cubemx/CMakeFiles/STM32_Drivers.dir/__/__/Drivers/STM32F1xx_HAL_Driver/Src/stm32f1xx_hal_can.c.obj
 .debug_rnglists
                0x0000020b       0xa3 cmake/stm32cubemx/CMakeFiles/STM32_Drivers.dir/__/__/Drivers/STM32F1xx_HAL_Driver/Src/stm32f1xx_hal.c.obj
 .debug_rnglists
                0x000002ae       0x6c cmake/stm32cubemx/CMakeFiles/STM32_Drivers.dir/__/__/Drivers/STM32F1xx_HAL_Driver/Src/stm32f1xx_hal_rcc.c.obj
 .debug_rnglists
                0x0000031a       0x3f cmake/stm32cubemx/CMakeFiles/STM32_Drivers.dir/__/__/Drivers/STM32F1xx_HAL_Driver/Src/stm32f1xx_hal_gpio.c.obj
 .debug_rnglists
                0x00000359       0xbb cmake/stm32cubemx/CMakeFiles/STM32_Drivers.dir/__/__/Drivers/STM32F1xx_HAL_Driver/Src/stm32f1xx_hal_cortex.c.obj
 .debug_rnglists
                0x00000414       0x66 cmake/stm32cubemx/CMakeFiles/STM32_Drivers.dir/__/__/Drivers/STM32F1xx_HAL_Driver/Src/stm32f1xx_hal_flash.c.obj
 .debug_rnglists
                0x0000047a       0x73 cmake/stm32cubemx/CMakeFiles/STM32_Drivers.dir/__/__/Drivers/STM32F1xx_HAL_Driver/Src/stm32f1xx_hal_flash_ex.c.obj
 .debug_rnglists
                0x000004ed      0x319 cmake/stm32cubemx/CMakeFiles/STM32_Drivers.dir/__/__/Drivers/STM32F1xx_HAL_Driver/Src/stm32f1xx_hal_tim.c.obj
 .debug_rnglists
                0x00000806      0x125 cmake/stm32cubemx/CMakeFiles/STM32_Drivers.dir/__/__/Drivers/STM32F1xx_HAL_Driver/Src/stm32f1xx_hal_tim_ex.c.obj
 .debug_rnglists
                0x0000092b       0x5b user_app\libuser_app.a(as5600.c.obj)
 .debug_rnglists
                0x00000986       0xad user_app\libuser_app.a(can_protocol.c.obj)
 .debug_rnglists
                0x00000a33       0x2d user_app\libuser_app.a(flash.c.obj)
 .debug_rnglists
                0x00000a60       0xa6 user_app\libuser_app.a(foc_init.c.obj)
 .debug_rnglists
                0x00000b06       0x13 user_app\libuser_app.a(log.c.obj)
 .debug_rnglists
                0x00000b19       0x53 user_app\libuser_app.a(soft_iic.c.obj)
 .debug_rnglists
                0x00000b6c       0xab user_foc\libuser_foc.a(foc_core.c.obj)
 .debug_rnglists
                0x00000c17       0x2d user_foc\libuser_foc.a(foc_math.c.obj)
 .debug_rnglists
                0x00000c44       0xd6 user_rtt\libuser_rtt.a(SEGGER_RTT.c.obj)
 .debug_rnglists
                0x00000d1a       0x3a user_rtt\libuser_rtt.a(SEGGER_RTT_printf.c.obj)

.debug_macro    0x00000000    0x1a79a
 .debug_macro   0x00000000      0x37e CMakeFiles/motor.dir/Core/Src/main.c.obj
 .debug_macro   0x0000037e      0xade CMakeFiles/motor.dir/Core/Src/main.c.obj
 .debug_macro   0x00000e5c      0x21b CMakeFiles/motor.dir/Core/Src/main.c.obj
 .debug_macro   0x00001077       0x2e CMakeFiles/motor.dir/Core/Src/main.c.obj
 .debug_macro   0x000010a5       0x22 CMakeFiles/motor.dir/Core/Src/main.c.obj
 .debug_macro   0x000010c7       0x22 CMakeFiles/motor.dir/Core/Src/main.c.obj
 .debug_macro   0x000010e9       0x8e CMakeFiles/motor.dir/Core/Src/main.c.obj
 .debug_macro   0x00001177       0x51 CMakeFiles/motor.dir/Core/Src/main.c.obj
 .debug_macro   0x000011c8      0x103 CMakeFiles/motor.dir/Core/Src/main.c.obj
 .debug_macro   0x000012cb       0x6a CMakeFiles/motor.dir/Core/Src/main.c.obj
 .debug_macro   0x00001335      0x1df CMakeFiles/motor.dir/Core/Src/main.c.obj
 .debug_macro   0x00001514       0x1c CMakeFiles/motor.dir/Core/Src/main.c.obj
 .debug_macro   0x00001530       0x22 CMakeFiles/motor.dir/Core/Src/main.c.obj
 .debug_macro   0x00001552       0xbd CMakeFiles/motor.dir/Core/Src/main.c.obj
 .debug_macro   0x0000160f      0xd23 CMakeFiles/motor.dir/Core/Src/main.c.obj
 .debug_macro   0x00002332     0xe09e CMakeFiles/motor.dir/Core/Src/main.c.obj
 .debug_macro   0x000103d0       0x6d CMakeFiles/motor.dir/Core/Src/main.c.obj
 .debug_macro   0x0001043d     0x34a2 CMakeFiles/motor.dir/Core/Src/main.c.obj
 .debug_macro   0x000138df      0x190 CMakeFiles/motor.dir/Core/Src/main.c.obj
 .debug_macro   0x00013a6f       0x5c CMakeFiles/motor.dir/Core/Src/main.c.obj
 .debug_macro   0x00013acb      0x5bc CMakeFiles/motor.dir/Core/Src/main.c.obj
 .debug_macro   0x00014087      0x289 CMakeFiles/motor.dir/Core/Src/main.c.obj
 .debug_macro   0x00014310      0x1cb CMakeFiles/motor.dir/Core/Src/main.c.obj
 .debug_macro   0x000144db      0x114 CMakeFiles/motor.dir/Core/Src/main.c.obj
 .debug_macro   0x000145ef      0x1b2 CMakeFiles/motor.dir/Core/Src/main.c.obj
 .debug_macro   0x000147a1       0x27 CMakeFiles/motor.dir/Core/Src/main.c.obj
 .debug_macro   0x000147c8      0x136 CMakeFiles/motor.dir/Core/Src/main.c.obj
 .debug_macro   0x000148fe      0x1bc CMakeFiles/motor.dir/Core/Src/main.c.obj
 .debug_macro   0x00014aba       0x34 CMakeFiles/motor.dir/Core/Src/main.c.obj
 .debug_macro   0x00014aee       0x3c CMakeFiles/motor.dir/Core/Src/main.c.obj
 .debug_macro   0x00014b2a      0x408 CMakeFiles/motor.dir/Core/Src/main.c.obj
 .debug_macro   0x00014f32       0x57 CMakeFiles/motor.dir/Core/Src/main.c.obj
 .debug_macro   0x00014f89       0x87 CMakeFiles/motor.dir/Core/Src/main.c.obj
 .debug_macro   0x00015010      0x240 CMakeFiles/motor.dir/Core/Src/main.c.obj
 .debug_macro   0x00015250      0x140 CMakeFiles/motor.dir/Core/Src/main.c.obj
 .debug_macro   0x00015390      0x8ed CMakeFiles/motor.dir/Core/Src/main.c.obj
 .debug_macro   0x00015c7d       0x83 CMakeFiles/motor.dir/Core/Src/main.c.obj
 .debug_macro   0x00015d00       0x10 CMakeFiles/motor.dir/Core/Src/main.c.obj
 .debug_macro   0x00015d10       0x7b CMakeFiles/motor.dir/Core/Src/main.c.obj
 .debug_macro   0x00015d8b       0x24 CMakeFiles/motor.dir/Core/Src/main.c.obj
 .debug_macro   0x00015daf       0x3c CMakeFiles/motor.dir/Core/Src/main.c.obj
 .debug_macro   0x00015deb       0x34 CMakeFiles/motor.dir/Core/Src/main.c.obj
 .debug_macro   0x00015e1f       0x16 CMakeFiles/motor.dir/Core/Src/main.c.obj
 .debug_macro   0x00015e35       0x3c CMakeFiles/motor.dir/Core/Src/main.c.obj
 .debug_macro   0x00015e71      0x364 CMakeFiles/motor.dir/Core/Src/main.c.obj
 .debug_macro   0x000161d5       0x10 CMakeFiles/motor.dir/Core/Src/main.c.obj
 .debug_macro   0x000161e5       0x16 CMakeFiles/motor.dir/Core/Src/main.c.obj
 .debug_macro   0x000161fb       0x4a CMakeFiles/motor.dir/Core/Src/main.c.obj
 .debug_macro   0x00016245       0x34 CMakeFiles/motor.dir/Core/Src/main.c.obj
 .debug_macro   0x00016279       0x10 CMakeFiles/motor.dir/Core/Src/main.c.obj
 .debug_macro   0x00016289       0x58 CMakeFiles/motor.dir/Core/Src/main.c.obj
 .debug_macro   0x000162e1      0x1e5 CMakeFiles/motor.dir/Core/Src/main.c.obj
 .debug_macro   0x000164c6       0x16 CMakeFiles/motor.dir/Core/Src/main.c.obj
 .debug_macro   0x000164dc       0x16 CMakeFiles/motor.dir/Core/Src/main.c.obj
 .debug_macro   0x000164f2      0x170 CMakeFiles/motor.dir/Core/Src/main.c.obj
 .debug_macro   0x00016662       0x16 CMakeFiles/motor.dir/Core/Src/main.c.obj
 .debug_macro   0x00016678       0x4e CMakeFiles/motor.dir/Core/Src/main.c.obj
 .debug_macro   0x000166c6       0x16 CMakeFiles/motor.dir/Core/Src/main.c.obj
 .debug_macro   0x000166dc       0x16 CMakeFiles/motor.dir/Core/Src/main.c.obj
 .debug_macro   0x000166f2       0x29 CMakeFiles/motor.dir/Core/Src/main.c.obj
 .debug_macro   0x0001671b       0x4c CMakeFiles/motor.dir/Core/Src/main.c.obj
 .debug_macro   0x00016767      0x115 CMakeFiles/motor.dir/Core/Src/main.c.obj
 .debug_macro   0x0001687c       0x10 CMakeFiles/motor.dir/Core/Src/main.c.obj
 .debug_macro   0x0001688c       0x22 CMakeFiles/motor.dir/Core/Src/main.c.obj
 .debug_macro   0x000168ae      0x19b CMakeFiles/motor.dir/Core/Src/main.c.obj
 .debug_macro   0x00016a49       0x34 CMakeFiles/motor.dir/Core/Src/main.c.obj
 .debug_macro   0x00016a7d       0x22 CMakeFiles/motor.dir/Core/Src/main.c.obj
 .debug_macro   0x00016a9f      0x1bc CMakeFiles/motor.dir/Core/Src/gpio.c.obj
 .debug_macro   0x00016c5b      0x1bc CMakeFiles/motor.dir/Core/Src/can.c.obj
 .debug_macro   0x00016e17      0x1bc CMakeFiles/motor.dir/Core/Src/tim.c.obj
 .debug_macro   0x00016fd3      0x1bc CMakeFiles/motor.dir/Core/Src/stm32f1xx_it.c.obj
 .debug_macro   0x0001718f      0x1b2 CMakeFiles/motor.dir/Core/Src/stm32f1xx_hal_msp.c.obj
 .debug_macro   0x00017341      0x1a3 cmake/stm32cubemx/CMakeFiles/STM32_Drivers.dir/__/__/Core/Src/system_stm32f1xx.c.obj
 .debug_macro   0x000174e4      0x1b2 cmake/stm32cubemx/CMakeFiles/STM32_Drivers.dir/__/__/Drivers/STM32F1xx_HAL_Driver/Src/stm32f1xx_hal_can.c.obj
 .debug_macro   0x00017696      0x1c7 cmake/stm32cubemx/CMakeFiles/STM32_Drivers.dir/__/__/Drivers/STM32F1xx_HAL_Driver/Src/stm32f1xx_hal.c.obj
 .debug_macro   0x0001785d      0x1b5 cmake/stm32cubemx/CMakeFiles/STM32_Drivers.dir/__/__/Drivers/STM32F1xx_HAL_Driver/Src/stm32f1xx_hal_rcc.c.obj
 .debug_macro   0x00017a12      0x20e cmake/stm32cubemx/CMakeFiles/STM32_Drivers.dir/__/__/Drivers/STM32F1xx_HAL_Driver/Src/stm32f1xx_hal_gpio.c.obj
 .debug_macro   0x00017c20      0x1a3 cmake/stm32cubemx/CMakeFiles/STM32_Drivers.dir/__/__/Drivers/STM32F1xx_HAL_Driver/Src/stm32f1xx_hal_cortex.c.obj
 .debug_macro   0x00017dc3      0x1a3 cmake/stm32cubemx/CMakeFiles/STM32_Drivers.dir/__/__/Drivers/STM32F1xx_HAL_Driver/Src/stm32f1xx_hal_flash.c.obj
 .debug_macro   0x00017f66      0x1b5 cmake/stm32cubemx/CMakeFiles/STM32_Drivers.dir/__/__/Drivers/STM32F1xx_HAL_Driver/Src/stm32f1xx_hal_flash_ex.c.obj
 .debug_macro   0x0001811b      0x1a4 cmake/stm32cubemx/CMakeFiles/STM32_Drivers.dir/__/__/Drivers/STM32F1xx_HAL_Driver/Src/stm32f1xx_hal_tim.c.obj
 .debug_macro   0x000182bf      0x1a3 cmake/stm32cubemx/CMakeFiles/STM32_Drivers.dir/__/__/Drivers/STM32F1xx_HAL_Driver/Src/stm32f1xx_hal_tim_ex.c.obj
 .debug_macro   0x00018462      0x1fe user_app\libuser_app.a(as5600.c.obj)
 .debug_macro   0x00018660       0x1c user_app\libuser_app.a(as5600.c.obj)