Archive member included to satisfy reference by file (symbol)

user_boot\libuser_boot.a(can_protocol.c.obj)
                              CMakeFiles/boot.dir/Core/Src/main.c.obj (can_protocol_init)
user_boot\libuser_boot.a(log.c.obj)
                              CMakeFiles/boot.dir/Core/Src/main.c.obj (log_init)
user_rtt\libuser_rtt.a(SEGGER_RTT.c.obj)
                              user_boot\libuser_boot.a(log.c.obj) (SEGGER_RTT_Init)
user_rtt\libuser_rtt.a(SEGGER_RTT_printf.c.obj)
                              CMakeFiles/boot.dir/Core/Src/main.c.obj (SEGGER_RTT_printf)
C:/Program Files/Arm/GNU Toolchain mingw-w64-x86_64-arm-none-eabi/bin/../lib/gcc/arm-none-eabi/15.2.1/../../../../arm-none-eabi/lib/thumb/v7-m/nofp\libg_nano.a(libc_a-exit.o)
                              C:/Program Files/Arm/GNU Toolchain mingw-w64-x86_64-arm-none-eabi/bin/../lib/gcc/arm-none-eabi/15.2.1/../../../../arm-none-eabi/lib/thumb/v7-m/nofp/crt0.o (exit)
C:/Program Files/Arm/GNU Toolchain mingw-w64-x86_64-arm-none-eabi/bin/../lib/gcc/arm-none-eabi/15.2.1/../../../../arm-none-eabi/lib/thumb/v7-m/nofp\libg_nano.a(libc_a-findfp.o)
                              C:/Program Files/Arm/GNU Toolchain mingw-w64-x86_64-arm-none-eabi/bin/../lib/gcc/arm-none-eabi/15.2.1/../../../../arm-none-eabi/lib/thumb/v7-m/nofp\libg_nano.a(libc_a-exit.o) (__stdio_exit_handler)
C:/Program Files/Arm/GNU Toolchain mingw-w64-x86_64-arm-none-eabi/bin/../lib/gcc/arm-none-eabi/15.2.1/../../../../arm-none-eabi/lib/thumb/v7-m/nofp\libg_nano.a(libc_a-fwalk.o)
                              C:/Program Files/Arm/GNU Toolchain mingw-w64-x86_64-arm-none-eabi/bin/../lib/gcc/arm-none-eabi/15.2.1/../../../../arm-none-eabi/lib/thumb/v7-m/nofp\libg_nano.a(libc_a-findfp.o) (_fwalk_sglue)
C:/Program Files/Arm/GNU Toolchain mingw-w64-x86_64-arm-none-eabi/bin/../lib/gcc/arm-none-eabi/15.2.1/../../../../arm-none-eabi/lib/thumb/v7-m/nofp\libg_nano.a(libc_a-stdio.o)
                              C:/Program Files/Arm/GNU Toolchain mingw-w64-x86_64-arm-none-eabi/bin/../lib/gcc/arm-none-eabi/15.2.1/../../../../arm-none-eabi/lib/thumb/v7-m/nofp\libg_nano.a(libc_a-findfp.o) (__sread)
C:/Program Files/Arm/GNU Toolchain mingw-w64-x86_64-arm-none-eabi/bin/../lib/gcc/arm-none-eabi/15.2.1/../../../../arm-none-eabi/lib/thumb/v7-m/nofp\libg_nano.a(libc_a-memset.o)
                              C:/Program Files/Arm/GNU Toolchain mingw-w64-x86_64-arm-none-eabi/bin/../lib/gcc/arm-none-eabi/15.2.1/../../../../arm-none-eabi/lib/thumb/v7-m/nofp/crt0.o (memset)
C:/Program Files/Arm/GNU Toolchain mingw-w64-x86_64-arm-none-eabi/bin/../lib/gcc/arm-none-eabi/15.2.1/../../../../arm-none-eabi/lib/thumb/v7-m/nofp\libg_nano.a(libc_a-closer.o)
                              C:/Program Files/Arm/GNU Toolchain mingw-w64-x86_64-arm-none-eabi/bin/../lib/gcc/arm-none-eabi/15.2.1/../../../../arm-none-eabi/lib/thumb/v7-m/nofp\libg_nano.a(libc_a-stdio.o) (_close_r)
C:/Program Files/Arm/GNU Toolchain mingw-w64-x86_64-arm-none-eabi/bin/../lib/gcc/arm-none-eabi/15.2.1/../../../../arm-none-eabi/lib/thumb/v7-m/nofp\libg_nano.a(libc_a-reent.o)
                              C:/Program Files/Arm/GNU Toolchain mingw-w64-x86_64-arm-none-eabi/bin/../lib/gcc/arm-none-eabi/15.2.1/../../../../arm-none-eabi/lib/thumb/v7-m/nofp\libg_nano.a(libc_a-closer.o) (errno)
C:/Program Files/Arm/GNU Toolchain mingw-w64-x86_64-arm-none-eabi/bin/../lib/gcc/arm-none-eabi/15.2.1/../../../../arm-none-eabi/lib/thumb/v7-m/nofp\libg_nano.a(libc_a-impure.o)
                              C:/Program Files/Arm/GNU Toolchain mingw-w64-x86_64-arm-none-eabi/bin/../lib/gcc/arm-none-eabi/15.2.1/../../../../arm-none-eabi/lib/thumb/v7-m/nofp\libg_nano.a(libc_a-reent.o) (_impure_ptr)
C:/Program Files/Arm/GNU Toolchain mingw-w64-x86_64-arm-none-eabi/bin/../lib/gcc/arm-none-eabi/15.2.1/../../../../arm-none-eabi/lib/thumb/v7-m/nofp\libg_nano.a(libc_a-lseekr.o)
                              C:/Program Files/Arm/GNU Toolchain mingw-w64-x86_64-arm-none-eabi/bin/../lib/gcc/arm-none-eabi/15.2.1/../../../../arm-none-eabi/lib/thumb/v7-m/nofp\libg_nano.a(libc_a-stdio.o) (_lseek_r)
C:/Program Files/Arm/GNU Toolchain mingw-w64-x86_64-arm-none-eabi/bin/../lib/gcc/arm-none-eabi/15.2.1/../../../../arm-none-eabi/lib/thumb/v7-m/nofp\libg_nano.a(libc_a-readr.o)
                              C:/Program Files/Arm/GNU Toolchain mingw-w64-x86_64-arm-none-eabi/bin/../lib/gcc/arm-none-eabi/15.2.1/../../../../arm-none-eabi/lib/thumb/v7-m/nofp\libg_nano.a(libc_a-stdio.o) (_read_r)
C:/Program Files/Arm/GNU Toolchain mingw-w64-x86_64-arm-none-eabi/bin/../lib/gcc/arm-none-eabi/15.2.1/../../../../arm-none-eabi/lib/thumb/v7-m/nofp\libg_nano.a(libc_a-writer.o)
                              C:/Program Files/Arm/GNU Toolchain mingw-w64-x86_64-arm-none-eabi/bin/../lib/gcc/arm-none-eabi/15.2.1/../../../../arm-none-eabi/lib/thumb/v7-m/nofp\libg_nano.a(libc_a-stdio.o) (_write_r)
[...]
Memory Configuration

Name             Origin             Length             Attributes
RAM              0x20000000         0x00005000         xrw
FLASH            0x08000000         0x00003000         xr
*default*        0x00000000         0xffffffff

Linker script and memory map

LOAD C:/Program Files/Arm/GNU Toolchain mingw-w64-x86_64-arm-none-eabi/bin/../lib/gcc/arm-none-eabi/15.2.1/thumb/v7-m/nofp/crti.o
LOAD C:/Program Files/Arm/GNU Toolchain mingw-w64-x86_64-arm-none-eabi/bin/../lib/gcc/arm-none-eabi/15.2.1/thumb/v7-m/nofp/crtbegin.o
LOAD C:/Program Files/Arm/GNU Toolchain mingw-w64-x86_64-arm-none-eabi/bin/../lib/gcc/arm-none-eabi/15.2.1/../../../../arm-none-eabi/lib/thumb/v7-m/nofp/crt0.o
LOAD CMakeFiles/boot.dir/Core/Src/main.c.obj
LOAD CMakeFiles/boot.dir/Core/Src/gpio.c.obj
LOAD CMakeFiles/boot.dir/Core/Src/can.c.obj
LOAD CMakeFiles/boot.dir/Core/Src/tim.c.obj
LOAD CMakeFiles/boot.dir/Core/Src/stm32f1xx_it.c.obj
LOAD CMakeFiles/boot.dir/Core/Src/stm32f1xx_hal_msp.c.obj
LOAD CMakeFiles/boot.dir/Drivers/CMSIS/Device/ST/STM32F1xx/Source/Templates/gcc/startup_stm32f103xb.s.obj
LOAD cmake/stm32cubemx/CMakeFiles/STM32_Drivers.dir/__/__/Core/Src/system_stm32f1xx.c.obj
LOAD cmake/stm32cubemx/CMakeFiles/STM32_Drivers.dir/__/__/Drivers/STM32F1xx_HAL_Driver/Src/stm32f1xx_hal_gpio_ex.c.obj
LOAD cmake/stm32cubemx/CMakeFiles/STM32_Drivers.dir/__/__/Drivers/STM32F1xx_HAL_Driver/Src/stm32f1xx_hal_can.c.obj
LOAD cmake/stm32cubemx/CMakeFiles/STM32_Drivers.dir/__/__/Drivers/STM32F1xx_HAL_Driver/Src/stm32f1xx_hal.c.obj
LOAD cmake/stm32cubemx/CMakeFiles/STM32_Drivers.dir/__/__/Drivers/STM32F1xx_HAL_Driver/Src/stm32f1xx_hal_rcc.c.obj
LOAD cmake/stm32cubemx/CMakeFiles/STM32_Drivers.dir/__/__/Drivers/STM32F1xx_HAL_Driver/Src/stm32f1xx_hal_rcc_ex.c.obj
LOAD cmake/stm32cubemx/CMakeFiles/STM32_Drivers.dir/__/__/Drivers/STM32F1xx_HAL_Driver/Src/stm32f1xx_hal_gpio.c.obj
LOAD cmake/stm32cubemx/CMakeFiles/STM32_Drivers.dir/__/__/Drivers/STM32F1xx_HAL_Driver/Src/stm32f1xx_hal_dma.c.obj
LOAD cmake/stm32cubemx/CMakeFiles/STM32_Drivers.dir/__/__/Drivers/STM32F1xx_HAL_Driver/Src/stm32f1xx_hal_cortex.c.obj
LOAD cmake/stm32cubemx/CMakeFiles/STM32_Drivers.dir/__/__/Drivers/STM32F1xx_HAL_Driver/Src/stm32f1xx_hal_pwr.c.obj
LOAD cmake/stm32cubemx/CMakeFiles/STM32_Drivers.dir/__/__/Drivers/STM32F1xx_HAL_Driver/Src/stm32f1xx_hal_flash.c.obj
LOAD cmake/stm32cubemx/CMakeFiles/STM32_Drivers.dir/__/__/Drivers/STM32F1xx_HAL_Driver/Src/stm32f1xx_hal_flash_ex.c.obj
LOAD cmake/stm32cubemx/CMakeFiles/STM32_Drivers.dir/__/__/Drivers/STM32F1xx_HAL_Driver/Src/stm32f1xx_hal_exti.c.obj
LOAD cmake/stm32cubemx/CMakeFiles/STM32_Drivers.dir/__/__/Drivers/STM32F1xx_HAL_Driver/Src/stm32f1xx_hal_tim.c.obj
LOAD cmake/stm32cubemx/CMakeFiles/STM32_Drivers.dir/__/__/Drivers/STM32F1xx_HAL_Driver/Src/stm32f1xx_hal_tim_ex.c.obj
LOAD C:/Program Files/Arm/GNU Toolchain mingw-w64-x86_64-arm-none-eabi/bin/../lib/gcc/arm-none-eabi/15.2.1/../../../../arm-none-eabi/lib/thumb/v7-m/nofp\libm.a
LOAD user_boot\libuser_boot.a
LOAD user_rtt\libuser_rtt.a
START GROUP
LOAD C:/Program Files/Arm/GNU Toolchain mingw-w64-x86_64-arm-none-eabi/bin/../lib/gcc/arm-none-eabi/15.2.1/thumb/v7-m/nofp\libgcc.a
LOAD C:/Program Files/Arm/GNU Toolchain mingw-w64-x86_64-arm-none-eabi/bin/../lib/gcc/arm-none-eabi/15.2.1/../../../../arm-none-eabi/lib/thumb/v7-m/nofp\libg_nano.a
LOAD C:/Program Files/Arm/GNU Toolchain mingw-w64-x86_64-arm-none-eabi/bin/../lib/gcc/arm-none-eabi/15.2.1/../../../../arm-none-eabi/lib/thumb/v7-m/nofp\libc_nano.a
END GROUP
START GROUP
LOAD C:/Program Files/Arm/GNU Toolchain mingw-w64-x86_64-arm-none-eabi/bin/../lib/gcc/arm-none-eabi/15.2.1/thumb/v7-m/nofp\libgcc.a
LOAD C:/Program Files/Arm/GNU Toolchain mingw-w64-x86_64-arm-none-eabi/bin/../lib/gcc/arm-none-eabi/15.2.1/../../../../arm-none-eabi/lib/thumb/v7-m/nofp\libc_nano.a
END GROUP
LOAD C:/Program Files/Arm/GNU Toolchain mingw-w64-x86_64-arm-none-eabi/bin/../lib/gcc/arm-none-eabi/15.2.1/thumb/v7-m/nofp/crtend.o
LOAD C:/Program Files/Arm/GNU Toolchain mingw-w64-x86_64-arm-none-eabi/bin/../lib/gcc/arm-none-eabi/15.2.1/thumb/v7-m/nofp/crtn.o
                0x20005000                        _estack = (ORIGIN (RAM) + LENGTH (RAM))
                0x20004c00                        _sstack = (_estack - _Min_Stack_Size)
                0x00000200                        _Min_Heap_Size = 0x200
                0x00000400                        _Min_Stack_Size = 0x400

.isr_vector     0x08000000      0x10c
                0x08000000                        . = ALIGN (0x4)
 *(.isr_vector)
 .isr_vector    0x08000000      0x10c CMakeFiles/boot.dir/Drivers/CMSIS/Device/ST/STM32F1xx/Source/Templates/gcc/startup_stm32f103xb.s.obj
                0x08000000                g_pfnVectors
                0x0800010c                        . = ALIGN (0x4)

.text           0x0800010c     0x1e48
                0x0800010c                        . = ALIGN (0x4)
 *(.text)
 *(.text*)
 .text.deregister_tm_clones
                0x0800010c       0x1c C:/Program Files/Arm/GNU Toolchain mingw-w64-x86_64-arm-none-eabi/bin/../lib/gcc/arm-none-eabi/15.2.1/thumb/v7-m/nofp/crtbegin.o
 .text.register_tm_clones
                0x08000128       0x24 C:/Program Files/Arm/GNU Toolchain mingw-w64-x86_64-arm-none-eabi/bin/../lib/gcc/arm-none-eabi/15.2.1/thumb/v7-m/nofp/crtbegin.o
 .text.__do_global_dtors_aux
                0x0800014c       0x28 C:/Program Files/Arm/GNU Toolchain mingw-w64-x86_64-arm-none-eabi/bin/../lib/gcc/arm-none-eabi/15.2.1/thumb/v7-m/nofp/crtbegin.o
 .text.frame_dummy
                0x08000174       0x24 C:/Program Files/Arm/GNU Toolchain mingw-w64-x86_64-arm-none-eabi/bin/../lib/gcc/arm-none-eabi/15.2.1/thumb/v7-m/nofp/crtbegin.o
 .text.Error_Handler
                0x08000198       0x14 CMakeFiles/boot.dir/Core/Src/main.c.obj
                0x08000198                Error_Handler
 .text.SystemClock_Config
                0x080001ac       0x58 CMakeFiles/boot.dir/Core/Src/main.c.obj
                0x080001ac                SystemClock_Config
 .text.startup.main
                0x08000204       0x24 CMakeFiles/boot.dir/Core/Src/main.c.obj
                0x08000204                main
 .text.MX_GPIO_Init
                0x08000228       0x64 CMakeFiles/boot.dir/Core/Src/gpio.c.obj
                0x08000228                MX_GPIO_Init
 .text.MX_CAN_Init
                0x0800028c       0x6c CMakeFiles/boot.dir/Core/Src/can.c.obj
                0x0800028c                MX_CAN_Init
 .text.HAL_CAN_MspInit
                0x080002f8       0x80 CMakeFiles/boot.dir/Core/Src/can.c.obj
                0x080002f8                HAL_CAN_MspInit
 .text.MX_TIM1_Init
                0x08000378       0xec CMakeFiles/boot.dir/Core/Src/tim.c.obj
                0x08000378                MX_TIM1_Init
 .text.HAL_TIM_PWM_MspInit
                0x08000464       0x40 CMakeFiles/boot.dir/Core/Src/tim.c.obj
                0x08000464                HAL_TIM_PWM_MspInit
 .text.NMI_Handler
                0x080004a4        0x2 CMakeFiles/boot.dir/Core/Src/stm32f1xx_it.c.obj
                0x080004a4                NMI_Handler
 .text.HardFault_Handler
                0x080004a6        0x2 CMakeFiles/boot.dir/Core/Src/stm32f1xx_it.c.obj
                0x080004a6                HardFault_Handler
 .text.MemManage_Handler
                0x080004a8        0x2 CMakeFiles/boot.dir/Core/Src/stm32f1xx_it.c.obj
                0x080004a8                MemManage_Handler
 .text.BusFault_Handler
                0x080004aa        0x2 CMakeFiles/boot.dir/Core/Src/stm32f1xx_it.c.obj
                0x080004aa                BusFault_Handler
 .text.UsageFault_Handler
                0x080004ac        0x2 CMakeFiles/boot.dir/Core/Src/stm32f1xx_it.c.obj
                0x080004ac                UsageFault_Handler
 .text.SVC_Handler
                0x080004ae        0x2 CMakeFiles/boot.dir/Core/Src/stm32f1xx_it.c.obj
                0x080004ae                SVC_Handler
 .text.DebugMon_Handler
                0x080004b0        0x2 CMakeFiles/boot.dir/Core/Src/stm32f1xx_it.c.obj
                0x080004b0                DebugMon_Handler
 .text.PendSV_Handler
                0x080004b2        0x2 CMakeFiles/boot.dir/Core/Src/stm32f1xx_it.c.obj
                0x080004b2                PendSV_Handler
 .text.SysTick_Handler
                0x080004b4        0x4 CMakeFiles/boot.dir/Core/Src/stm32f1xx_it.c.obj
                0x080004b4                SysTick_Handler
 .text.USB_LP_CAN1_RX0_IRQHandler
                0x080004b8        0xc CMakeFiles/boot.dir/Core/Src/stm32f1xx_it.c.obj
                0x080004b8                USB_LP_CAN1_RX0_IRQHandler
 .text.TIM1_CC_IRQHandler
                0x080004c4        0xc CMakeFiles/boot.dir/Core/Src/stm32f1xx_it.c.obj
                0x080004c4                TIM1_CC_IRQHandler
 .text.HAL_MspInit
                0x080004d0       0x44 CMakeFiles/boot.dir/Core/Src/stm32f1xx_hal_msp.c.obj
                0x080004d0                HAL_MspInit
 .text.Reset_Handler
                0x08000514       0x48 CMakeFiles/boot.dir/Drivers/CMSIS/Device/ST/STM32F1xx/Source/Templates/gcc/startup_stm32f103xb.s.obj
                0x08000514                Reset_Handler
 .text.Default_Handler
                0x0800055c        0x2 CMakeFiles/boot.dir/Drivers/CMSIS/Device/ST/STM32F1xx/Source/Templates/gcc/startup_stm32f103xb.s.obj
                0x0800055c                RTC_Alarm_IRQHandler
                0x0800055c                EXTI2_IRQHandler
                0x0800055c                PVD_IRQHandler
                0x0800055c                EXTI3_IRQHandler
                0x0800055c                EXTI0_IRQHandler
                0x0800055c                I2C2_EV_IRQHandler
                0x0800055c                ADC1_2_IRQHandler
                0x0800055c                SPI1_IRQHandler
                0x0800055c                TAMPER_IRQHandler
                0x0800055c                DMA1_Channel4_IRQHandler
                0x0800055c                USART3_IRQHandler
                0x0800055c                RTC_IRQHandler
                0x0800055c                DMA1_Channel7_IRQHandler
                0x0800055c                CAN1_RX1_IRQHandler
                0x0800055c                TIM4_IRQHandler
                0x0800055c                I2C1_EV_IRQHandler
                0x0800055c                DMA1_Channel6_IRQHandler
                0x0800055c                TIM3_IRQHandler
                0x0800055c                RCC_IRQHandler
                0x0800055c                TIM1_TRG_COM_IRQHandler
                0x0800055c                DMA1_Channel1_IRQHandler
                0x0800055c                Default_Handler
                0x0800055c                EXTI15_10_IRQHandler
                0x0800055c                EXTI9_5_IRQHandler
                0x0800055c                SPI2_IRQHandler
                0x0800055c                DMA1_Channel5_IRQHandler
                0x0800055c                EXTI4_IRQHandler
                0x0800055c                USB_HP_CAN1_TX_IRQHandler
                0x0800055c                DMA1_Channel3_IRQHandler
                0x0800055c                TIM1_UP_IRQHandler
                0x0800055c                WWDG_IRQHandler
                0x0800055c                TIM2_IRQHandler
                0x0800055c                TIM1_BRK_IRQHandler
                0x0800055c                EXTI1_IRQHandler
                0x0800055c                USART2_IRQHandler
                0x0800055c                I2C2_ER_IRQHandler
                0x0800055c                DMA1_Channel2_IRQHandler
                0x0800055c                CAN1_SCE_IRQHandler
                0x0800055c                FLASH_IRQHandler
                0x0800055c                USART1_IRQHandler
                0x0800055c                I2C1_ER_IRQHandler
                0x0800055c                USBWakeUp_IRQHandler
 .text.SystemInit
                0x0800055e        0x2 cmake/stm32cubemx/CMakeFiles/STM32_Drivers.dir/__/__/Core/Src/system_stm32f1xx.c.obj
                0x0800055e                SystemInit
 .text.HAL_CAN_Init
                0x08000560       0xf6 cmake/stm32cubemx/CMakeFiles/STM32_Drivers.dir/__/__/Drivers/STM32F1xx_HAL_Driver/Src/stm32f1xx_hal_can.c.obj
                0x08000560                HAL_CAN_Init
 .text.HAL_CAN_ConfigFilter
                0x08000656       0xdc cmake/stm32cubemx/CMakeFiles/STM32_Drivers.dir/__/__/Drivers/STM32F1xx_HAL_Driver/Src/stm32f1xx_hal_can.c.obj
                0x08000656                HAL_CAN_ConfigFilter
 .text.HAL_CAN_Start
                0x08000732       0x56 cmake/stm32cubemx/CMakeFiles/STM32_Drivers.dir/__/__/Drivers/STM32F1xx_HAL_Driver/Src/stm32f1xx_hal_can.c.obj
                0x08000732                HAL_CAN_Start
 .text.HAL_CAN_Stop
                0x08000788       0x5c cmake/stm32cubemx/CMakeFiles/STM32_Drivers.dir/__/__/Drivers/STM32F1xx_HAL_Driver/Src/stm32f1xx_hal_can.c.obj
                0x08000788                HAL_CAN_Stop
 .text.HAL_CAN_GetRxMessage
                0x080007e4      0x106 cmake/stm32cubemx/CMakeFiles/STM32_Drivers.dir/__/__/Drivers/STM32F1xx_HAL_Driver/Src/stm32f1xx_hal_can.c.obj
                0x080007e4                HAL_CAN_GetRxMessage
 .text.HAL_CAN_ActivateNotification
                0x080008ea       0x22 cmake/stm32cubemx/CMakeFiles/STM32_Drivers.dir/__/__/Drivers/STM32F1xx_HAL_Driver/Src/stm32f1xx_hal_can.c.obj
                0x080008ea                HAL_CAN_ActivateNotification
 .text.HAL_CAN_TxMailbox0CompleteCallback
                0x0800090c        0x2 cmake/stm32cubemx/CMakeFiles/STM32_Drivers.dir/__/__/Drivers/STM32F1xx_HAL_Driver/Src/stm32f1xx_hal_can.c.obj
                0x0800090c                HAL_CAN_TxMailbox0CompleteCallback
 .text.HAL_CAN_TxMailbox1CompleteCallback
                0x0800090e        0x2 cmake/stm32cubemx/CMakeFiles/STM32_Drivers.dir/__/__/Drivers/STM32F1xx_HAL_Driver/Src/stm32f1xx_hal_can.c.obj
                0x0800090e                HAL_CAN_TxMailbox1CompleteCallback
 .text.HAL_CAN_TxMailbox2CompleteCallback
                0x08000910        0x2 cmake/stm32cubemx/CMakeFiles/STM32_Drivers.dir/__/__/Drivers/STM32F1xx_HAL_Driver/Src/stm32f1xx_hal_can.c.obj
                0x08000910                HAL_CAN_TxMailbox2CompleteCallback
 .text.HAL_CAN_TxMailbox0AbortCallback
                0x08000912        0x2 cmake/stm32cubemx/CMakeFiles/STM32_Drivers.dir/__/__/Drivers/STM32F1xx_HAL_Driver/Src/stm32f1xx_hal_can.c.obj
                0x08000912                HAL_CAN_TxMailbox0AbortCallback
 .text.HAL_CAN_TxMailbox1AbortCallback
                0x08000914        0x2 cmake/stm32cubemx/CMakeFiles/STM32_Drivers.dir/__/__/Drivers/STM32F1xx_HAL_Driver/Src/stm32f1xx_hal_can.c.obj
                0x08000914                HAL_CAN_TxMailbox1AbortCallback
 .text.HAL_CAN_TxMailbox2AbortCallback
                0x08000916        0x2 cmake/stm32cubemx/CMakeFiles/STM32_Drivers.dir/__/__/Drivers/STM32F1xx_HAL_Driver/Src/stm32f1xx_hal_can.c.obj
                0x08000916                HAL_CAN_TxMailbox2AbortCallback
 .text.HAL_CAN_RxFifo0FullCallback
                0x08000918        0x2 cmake/stm32cubemx/CMakeFiles/STM32_Drivers.dir/__/__/Drivers/STM32F1xx_HAL_Driver/Src/stm32f1xx_hal_can.c.obj
                0x08000918                HAL_CAN_RxFifo0FullCallback
 .text.HAL_CAN_RxFifo1MsgPendingCallback
                0x0800091a        0x2 cmake/stm32cubemx/CMakeFiles/STM32_Drivers.dir/__/__/Drivers/STM32F1xx_HAL_Driver/Src/stm32f1xx_hal_can.c.obj
                0x0800091a                HAL_CAN_RxFifo1MsgPendingCallback
 .text.HAL_CAN_RxFifo1FullCallback
                0x0800091c        0x2 cmake/stm32cubemx/CMakeFiles/STM32_Drivers.dir/__/__/Drivers/STM32F1xx_HAL_Driver/Src/stm32f1xx_hal_can.c.obj
                0x0800091c                HAL_CAN_RxFifo1FullCallback
 .text.HAL_CAN_SleepCallback
                0x0800091e        0x2 cmake/stm32cubemx/CMakeFiles/STM32_Drivers.dir/__/__/Drivers/STM32F1xx_HAL_Driver/Src/stm32f1xx_hal_can.c.obj
                0x0800091e                HAL_CAN_SleepCallback
 .text.HAL_CAN_WakeUpFromRxMsgCallback
                0x08000920        0x2 cmake/stm32cubemx/CMakeFiles/STM32_Drivers.dir/__/__/Drivers/STM32F1xx_HAL_Driver/Src/stm32f1xx_hal_can.c.obj
                0x08000920                HAL_CAN_WakeUpFromRxMsgCallback
 .text.HAL_CAN_ErrorCallback
                0x08000922        0x2 cmake/stm32cubemx/CMakeFiles/STM32_Drivers.dir/__/__/Drivers/STM32F1xx_HAL_Driver/Src/stm32f1xx_hal_can.c.obj
                0x08000922                HAL_CAN_ErrorCallback
 .text.HAL_CAN_IRQHandler
                0x08000924      0x20e cmake/stm32cubemx/CMakeFiles/STM32_Drivers.dir/__/__/Drivers/STM32F1xx_HAL_Driver/Src/stm32f1xx_hal_can.c.obj
                0x08000924                HAL_CAN_IRQHandler
 *fill*         0x08000b32        0x2 
 .text.HAL_InitTick
                0x08000b34       0x48 cmake/stm32cubemx/CMakeFiles/STM32_Drivers.dir/__/__/Drivers/STM32F1xx_HAL_Driver/Src/stm32f1xx_hal.c.obj
                0x08000b34                HAL_InitTick
 .text.HAL_Init
                0x08000b7c       0x24 cmake/stm32cubemx/CMakeFiles/STM32_Drivers.dir/__/__/Drivers/STM32F1xx_HAL_Driver/Src/stm32f1xx_hal.c.obj
                0x08000b7c                HAL_Init
 .text.HAL_IncTick
                0x08000ba0       0x18 cmake/stm32cubemx/CMakeFiles/STM32_Drivers.dir/__/__/Drivers/STM32F1xx_HAL_Driver/Src/stm32f1xx_hal.c.obj
                0x08000ba0                HAL_IncTick
 .text.HAL_GetTick
                0x08000bb8        0xc cmake/stm32cubemx/CMakeFiles/STM32_Drivers.dir/__/__/Drivers/STM32F1xx_HAL_Driver/Src/stm32f1xx_hal.c.obj
                0x08000bb8                HAL_GetTick
 .text.HAL_RCC_OscConfig
                0x08000bc4      0x33c cmake/stm32cubemx/CMakeFiles/STM32_Drivers.dir/__/__/Drivers/STM32F1xx_HAL_Driver/Src/stm32f1xx_hal_rcc.c.obj
                0x08000bc4                HAL_RCC_OscConfig
 .text.HAL_RCC_GetSysClockFreq
                0x08000f00       0x4c cmake/stm32cubemx/CMakeFiles/STM32_Drivers.dir/__/__/Drivers/STM32F1xx_HAL_Driver/Src/stm32f1xx_hal_rcc.c.obj
                0x08000f00                HAL_RCC_GetSysClockFreq
 .text.HAL_RCC_ClockConfig
                0x08000f4c      0x138 cmake/stm32cubemx/CMakeFiles/STM32_Drivers.dir/__/__/Drivers/STM32F1xx_HAL_Driver/Src/stm32f1xx_hal_rcc.c.obj
                0x08000f4c                HAL_RCC_ClockConfig
 .text.HAL_GPIO_Init
                0x08001084      0x1a8 cmake/stm32cubemx/CMakeFiles/STM32_Drivers.dir/__/__/Drivers/STM32F1xx_HAL_Driver/Src/stm32f1xx_hal_gpio.c.obj
                0x08001084                HAL_GPIO_Init
 .text.HAL_GPIO_WritePin
                0x0800122c        0xa cmake/stm32cubemx/CMakeFiles/STM32_Drivers.dir/__/__/Drivers/STM32F1xx_HAL_Driver/Src/stm32f1xx_hal_gpio.c.obj
                0x0800122c                HAL_GPIO_WritePin
 *fill*         0x08001236        0x2 
 .text.HAL_NVIC_SetPriorityGrouping
                0x08001238       0x24 cmake/stm32cubemx/CMakeFiles/STM32_Drivers.dir/__/__/Drivers/STM32F1xx_HAL_Driver/Src/stm32f1xx_hal_cortex.c.obj
                0x08001238                HAL_NVIC_SetPriorityGrouping
 .text.HAL_NVIC_SetPriority
                0x0800125c       0x5c cmake/stm32cubemx/CMakeFiles/STM32_Drivers.dir/__/__/Drivers/STM32F1xx_HAL_Driver/Src/stm32f1xx_hal_cortex.c.obj
                0x0800125c                HAL_NVIC_SetPriority
 .text.HAL_NVIC_EnableIRQ
                0x080012b8       0x1c cmake/stm32cubemx/CMakeFiles/STM32_Drivers.dir/__/__/Drivers/STM32F1xx_HAL_Driver/Src/stm32f1xx_hal_cortex.c.obj
                0x080012b8                HAL_NVIC_EnableIRQ
 .text.HAL_SYSTICK_Config
                0x080012d4       0x28 cmake/stm32cubemx/CMakeFiles/STM32_Drivers.dir/__/__/Drivers/STM32F1xx_HAL_Driver/Src/stm32f1xx_hal_cortex.c.obj
                0x080012d4                HAL_SYSTICK_Config
 .text.TIM_OC1_SetConfig
                0x080012fc       0x50 cmake/stm32cubemx/CMakeFiles/STM32_Drivers.dir/__/__/Drivers/STM32F1xx_HAL_Driver/Src/stm32f1xx_hal_tim.c.obj
 .text.TIM_OC3_SetConfig
                0x0800134c       0x54 cmake/stm32cubemx/CMakeFiles/STM32_Drivers.dir/__/__/Drivers/STM32F1xx_HAL_Driver/Src/stm32f1xx_hal_tim.c.obj
 .text.TIM_OC4_SetConfig
                0x080013a0       0x44 cmake/stm32cubemx/CMakeFiles/STM32_Drivers.dir/__/__/Drivers/STM32F1xx_HAL_Driver/Src/stm32f1xx_hal_tim.c.obj
 .text.HAL_TIM_OC_MspInit
                0x080013e4        0x2 cmake/stm32cubemx/CMakeFiles/STM32_Drivers.dir/__/__/Drivers/STM32F1xx_HAL_Driver/Src/stm32f1xx_hal_tim.c.obj
                0x080013e4                HAL_TIM_OC_MspInit
 .text.HAL_TIM_PeriodElapsedCallback
                0x080013e6        0x2 cmake/stm32cubemx/CMakeFiles/STM32_Drivers.dir/__/__/Drivers/STM32F1xx_HAL_Driver/Src/stm32f1xx_hal_tim.c.obj
                0x080013e6                HAL_TIM_PeriodElapsedCallback
 .text.HAL_TIM_OC_DelayElapsedCallback
                0x080013e8        0x2 cmake/stm32cubemx/CMakeFiles/STM32_Drivers.dir/__/__/Drivers/STM32F1xx_HAL_Driver/Src/stm32f1xx_hal_tim.c.obj
                0x080013e8                HAL_TIM_OC_DelayElapsedCallback
 .text.HAL_TIM_IC_CaptureCallback
                0x080013ea        0x2 cmake/stm32cubemx/CMakeFiles/STM32_Drivers.dir/__/__/Drivers/STM32F1xx_HAL_Driver/Src/stm32f1xx_hal_tim.c.obj
                0x080013ea                HAL_TIM_IC_CaptureCallback
 .text.HAL_TIM_PWM_PulseFinishedCallback
                0x080013ec        0x2 cmake/stm32cubemx/CMakeFiles/STM32_Drivers.dir/__/__/Drivers/STM32F1xx_HAL_Driver/Src/stm32f1xx_hal_tim.c.obj
                0x080013ec                HAL_TIM_PWM_PulseFinishedCallback
 .text.HAL_TIM_TriggerCallback
                0x080013ee        0x2 cmake/stm32cubemx/CMakeFiles/STM32_Drivers.dir/__/__/Drivers/STM32F1xx_HAL_Driver/Src/stm32f1xx_hal_tim.c.obj
                0x080013ee                HAL_TIM_TriggerCallback
 .text.HAL_TIM_IRQHandler
                0x080013f0      0x128 cmake/stm32cubemx/CMakeFiles/STM32_Drivers.dir/__/__/Drivers/STM32F1xx_HAL_Driver/Src/stm32f1xx_hal_tim.c.obj
                0x080013f0                HAL_TIM_IRQHandler
 .text.TIM_Base_SetConfig
                0x08001518       0x80 cmake/stm32cubemx/CMakeFiles/STM32_Drivers.dir/__/__/Drivers/STM32F1xx_HAL_Driver/Src/stm32f1xx_hal_tim.c.obj
                0x08001518                TIM_Base_SetConfig
 .text.HAL_TIM_OC_Init
                0x08001598       0x58 cmake/stm32cubemx/CMakeFiles/STM32_Drivers.dir/__/__/Drivers/STM32F1xx_HAL_Driver/Src/stm32f1xx_hal_tim.c.obj
                0x08001598                HAL_TIM_OC_Init
 .text.HAL_TIM_PWM_Init
                0x080015f0       0x58 cmake/stm32cubemx/CMakeFiles/STM32_Drivers.dir/__/__/Drivers/STM32F1xx_HAL_Driver/Src/stm32f1xx_hal_tim.c.obj
                0x080015f0                HAL_TIM_PWM_Init
 .text.TIM_OC2_SetConfig
                0x08001648       0x58 cmake/stm32cubemx/CMakeFiles/STM32_Drivers.dir/__/__/Drivers/STM32F1xx_HAL_Driver/Src/stm32f1xx_hal_tim.c.obj
                0x08001648                TIM_OC2_SetConfig
 .text.HAL_TIM_OC_ConfigChannel
                0x080016a0       0x4c cmake/stm32cubemx/CMakeFiles/STM32_Drivers.dir/__/__/Drivers/STM32F1xx_HAL_Driver/Src/stm32f1xx_hal_tim.c.obj
                0x080016a0                HAL_TIM_OC_ConfigChannel
 .text.HAL_TIM_PWM_ConfigChannel
                0x080016ec       0xac cmake/stm32cubemx/CMakeFiles/STM32_Drivers.dir/__/__/Drivers/STM32F1xx_HAL_Driver/Src/stm32f1xx_hal_tim.c.obj
                0x080016ec                HAL_TIM_PWM_ConfigChannel
 .text.HAL_TIMEx_MasterConfigSynchronization
                0x08001798       0x5c cmake/stm32cubemx/CMakeFiles/STM32_Drivers.dir/__/__/Drivers/STM32F1xx_HAL_Driver/Src/stm32f1xx_hal_tim_ex.c.obj
                0x08001798                HAL_TIMEx_MasterConfigSynchronization
 .text.HAL_TIMEx_ConfigBreakDeadTime
                0x080017f4       0x4c cmake/stm32cubemx/CMakeFiles/STM32_Drivers.dir/__/__/Drivers/STM32F1xx_HAL_Driver/Src/stm32f1xx_hal_tim_ex.c.obj
                0x080017f4                HAL_TIMEx_ConfigBreakDeadTime
 .text.HAL_TIMEx_CommutCallback
                0x08001840        0x2 cmake/stm32cubemx/CMakeFiles/STM32_Drivers.dir/__/__/Drivers/STM32F1xx_HAL_Driver/Src/stm32f1xx_hal_tim_ex.c.obj
                0x08001840                HAL_TIMEx_CommutCallback
 .text.HAL_TIMEx_BreakCallback
                0x08001842        0x2 cmake/stm32cubemx/CMakeFiles/STM32_Drivers.dir/__/__/Drivers/STM32F1xx_HAL_Driver/Src/stm32f1xx_hal_tim_ex.c.obj
                0x08001842                HAL_TIMEx_BreakCallback
 .text.can_protocol_init
                0x08001844       0x58 user_boot\libuser_boot.a(can_protocol.c.obj)
                0x08001844                can_protocol_init
 .text.can_protocol_process
                0x0800189c       0x34 user_boot\libuser_boot.a(can_protocol.c.obj)
                0x0800189c                can_protocol_process
 .text.HAL_CAN_RxFifo0MsgPendingCallback
                0x080018d0       0x88 user_boot\libuser_boot.a(can_protocol.c.obj)
                0x080018d0                HAL_CAN_RxFifo0MsgPendingCallback
 .text.log_init
                0x08001958        0xa user_boot\libuser_boot.a(log.c.obj)
                0x08001958                log_init
 .text._GetAvailWriteSpace
                0x08001962       0x12 user_rtt\libuser_rtt.a(SEGGER_RTT.c.obj)
 .text._WriteNoCheck
                0x08001974       0x34 user_rtt\libuser_rtt.a(SEGGER_RTT.c.obj)
 .text._WriteBlocking
                0x080019a8       0x52 user_rtt\libuser_rtt.a(SEGGER_RTT.c.obj)
 *fill*         0x080019fa        0x2 
 .text._DoInit  0x080019fc       0x60 user_rtt\libuser_rtt.a(SEGGER_RTT.c.obj)
 .text.SEGGER_RTT_WriteNoLock
                0x08001a5c       0x58 user_rtt\libuser_rtt.a(SEGGER_RTT.c.obj)
                0x08001a5c                SEGGER_RTT_WriteNoLock
 .text.SEGGER_RTT_Write
                0x08001ab4       0x34 user_rtt\libuser_rtt.a(SEGGER_RTT.c.obj)
                0x08001ab4                SEGGER_RTT_Write
 .text.SEGGER_RTT_Init
                0x08001ae8        0x4 user_rtt\libuser_rtt.a(SEGGER_RTT.c.obj)
                0x08001ae8                SEGGER_RTT_Init
 .text._StoreChar
                0x08001aec       0x3c user_rtt\libuser_rtt.a(SEGGER_RTT_printf.c.obj)
 .text._PrintUnsigned
                0x08001b28       0xcc user_rtt\libuser_rtt.a(SEGGER_RTT_printf.c.obj)
 .text.SEGGER_RTT_vprintf
                0x08001bf4      0x2a8 user_rtt\libuser_rtt.a(SEGGER_RTT_printf.c.obj)
                0x08001bf4                SEGGER_RTT_vprintf
 .text.SEGGER_RTT_printf
                0x08001e9c       0x1c user_rtt\libuser_rtt.a(SEGGER_RTT_printf.c.obj)
                0x08001e9c                SEGGER_RTT_printf
 .text.memset   0x08001eb8       0x10 C:/Program Files/Arm/GNU Toolchain mingw-w64-x86_64-arm-none-eabi/bin/../lib/gcc/arm-none-eabi/15.2.1/../../../../arm-none-eabi/lib/thumb/v7-m/nofp\libg_nano.a(libc_a-memset.o)
                0x08001eb8                memset
 .text.__libc_init_array
                0x08001ec8       0x48 C:/Program Files/Arm/GNU Toolchain mingw-w64-x86_64-arm-none-eabi/bin/../lib/gcc/arm-none-eabi/15.2.1/../../../../arm-none-eabi/lib/thumb/v7-m/nofp\libg_nano.a(libc_a-init.o)
                0x08001ec8                __libc_init_array
 .text.strcpy   0x08001f10       0x10 C:/Program Files/Arm/GNU Toolchain mingw-w64-x86_64-arm-none-eabi/bin/../lib/gcc/arm-none-eabi/15.2.1/../../../../arm-none-eabi/lib/thumb/v7-m/nofp\libg_nano.a(libc_a-strcpy.o)
                0x08001f10                strcpy
 .text.memcpy   0x08001f20       0x1c C:/Program Files/Arm/GNU Toolchain mingw-w64-x86_64-arm-none-eabi/bin/../lib/gcc/arm-none-eabi/15.2.1/../../../../arm-none-eabi/lib/thumb/v7-m/nofp\libg_nano.a(libc_a-memcpy-stub.o)
                0x08001f20                memcpy
 *(.glue_7)
 .glue_7        0x08001f3c        0x0 linker stubs
 *(.glue_7t)
 .glue_7t       0x08001f3c        0x0 linker stubs
 *(.eh_frame)
 .eh_frame      0x08001f3c        0x0 C:/Program Files/Arm/GNU Toolchain mingw-w64-x86_64-arm-none-eabi/bin/../lib/gcc/arm-none-eabi/15.2.1/thumb/v7-m/nofp/crtbegin.o
 *(.init)
 .init          0x08001f3c        0x4 C:/Program Files/Arm/GNU Toolchain mingw-w64-x86_64-arm-none-eabi/bin/../lib/gcc/arm-none-eabi/15.2.1/thumb/v7-m/nofp/crti.o
                0x08001f3c                _init
 .init          0x08001f40        0x8 C:/Program Files/Arm/GNU Toolchain mingw-w64-x86_64-arm-none-eabi/bin/../lib/gcc/arm-none-eabi/15.2.1/thumb/v7-m/nofp/crtn.o
 *(.fini)
 .fini          0x08001f48        0x4 C:/Program Files/Arm/GNU Toolchain mingw-w64-x86_64-arm-none-eabi/bin/../lib/gcc/arm-none-eabi/15.2.1/thumb/v7-m/nofp/crti.o
                0x08001f48                _fini
 .fini          0x08001f4c        0x8 C:/Program Files/Arm/GNU Toolchain mingw-w64-x86_64-arm-none-eabi/bin/../lib/gcc/arm-none-eabi/15.2.1/thumb/v7-m/nofp/crtn.o
                0x08001f54                        . = ALIGN (0x4)
                0x08001f54                        _etext = .

.vfp11_veneer   0x08001f54        0x0
 .vfp11_veneer  0x08001f54        0x0 linker stubs

.v4_bx          0x08001f54        0x0
 .v4_bx         0x08001f54        0x0 linker stubs

.iplt           0x08001f54        0x0
 .iplt          0x08001f54        0x0 C:/Program Files/Arm/GNU Toolchain mingw-w64-x86_64-arm-none-eabi/bin/../lib/gcc/arm-none-eabi/15.2.1/thumb/v7-m/nofp/crtbegin.o

.rodata         0x08001f54       0x54
                0x08001f54                        . = ALIGN (0x4)
 *(.rodata)
 *(.rodata*)
 .rodata.Error_Handler.str1.1
                0x08001f54       0x22 CMakeFiles/boot.dir/Core/Src/main.c.obj
                                  0xe (size before relaxing)
 .rodata.AHBPrescTable
                0x08001f76       0x10 cmake/stm32cubemx/CMakeFiles/STM32_Drivers.dir/__/__/Core/Src/system_stm32f1xx.c.obj
                0x08001f76                AHBPrescTable
 .rodata.aPredivFactorTable.0
                0x08001f86        0x2 cmake/stm32cubemx/CMakeFiles/STM32_Drivers.dir/__/__/Drivers/STM32F1xx_HAL_Driver/Src/stm32f1xx_hal_rcc.c.obj
 .rodata.aPLLMULFactorTable.1
                0x08001f88       0x10 cmake/stm32cubemx/CMakeFiles/STM32_Drivers.dir/__/__/Drivers/STM32F1xx_HAL_Driver/Src/stm32f1xx_hal_rcc.c.obj
 .rodata._DoInit.str1.1
                0x08001f98        0x0 user_rtt\libuser_rtt.a(SEGGER_RTT.c.obj)
                                 0x14 (size before relaxing)
 .rodata._aV2C.0
                0x08001f98       0x10 user_rtt\libuser_rtt.a(SEGGER_RTT_printf.c.obj)
                0x08001fa8                        . = ALIGN (0x4)

.ARM.extab      0x08001fa8        0x0
                0x08001fa8                        . = ALIGN (0x4)
 *(.ARM.extab* .gnu.linkonce.armextab.*)
                0x08001fa8                        . = ALIGN (0x4)

.ARM            0x08001fa8        0x0
                0x08001fa8                        . = ALIGN (0x4)
                0x08001fa8                        __exidx_start = .
 *(.ARM.exidx*)
                0x08001fa8                        __exidx_end = .
                0x08001fa8                        . = ALIGN (0x4)

.preinit_array  0x08001fa8        0x0
                0x08001fa8                        . = ALIGN (0x4)
                0x08001fa8                        PROVIDE (__preinit_array_start = .)
 *(.preinit_array*)
                0x08001fa8                        PROVIDE (__preinit_array_end = .)
                0x08001fa8                        . = ALIGN (0x4)

.init_array     0x08001fa8        0x4
                0x08001fa8                        . = ALIGN (0x4)
                0x08001fa8                        PROVIDE (__init_array_start = .)
 *(SORT_BY_NAME(.init_array.*))
 *(.init_array*)
 .init_array    0x08001fa8        0x4 C:/Program Files/Arm/GNU Toolchain mingw-w64-x86_64-arm-none-eabi/bin/../lib/gcc/arm-none-eabi/15.2.1/thumb/v7-m/nofp/crtbegin.o
                0x08001fac                        PROVIDE (__init_array_end = .)
                0x08001fac                        . = ALIGN (0x4)

.fini_array     0x08001fac        0x4
                0x08001fac                        . = ALIGN (0x4)
                [!provide]                        PROVIDE (__fini_array_start = .)
 *(SORT_BY_NAME(.fini_array.*))
 *(.fini_array*)
 .fini_array    0x08001fac        0x4 C:/Program Files/Arm/GNU Toolchain mingw-w64-x86_64-arm-none-eabi/bin/../lib/gcc/arm-none-eabi/15.2.1/thumb/v7-m/nofp/crtbegin.o
                [!provide]                        PROVIDE (__fini_array_end = .)
                0x08001fb0                        . = ALIGN (0x4)
                0x08001fb0                        _sidata = LOADADDR (.data)

.rel.dyn        0x08001fb0        0x0
 .rel.iplt      0x08001fb0        0x0 C:/Program Files/Arm/GNU Toolchain mingw-w64-x86_64-arm-none-eabi/bin/../lib/gcc/arm-none-eabi/15.2.1/thumb/v7-m/nofp/crtbegin.o

.data           0x20000000        0xc load address 0x08001fb0
                0x20000000                        . = ALIGN (0x4)
                0x20000000                        _sdata = .
 *(.data)
 *(.data*)
 .data.SystemCoreClock
                0x20000000        0x4 cmake/stm32cubemx/CMakeFiles/STM32_Drivers.dir/__/__/Core/Src/system_stm32f1xx.c.obj
                0x20000000                SystemCoreClock
 .data.uwTickFreq
                0x20000004        0x1 cmake/stm32cubemx/CMakeFiles/STM32_Drivers.dir/__/__/Drivers/STM32F1xx_HAL_Driver/Src/stm32f1xx_hal.c.obj
                0x20000004                uwTickFreq
 *fill*         0x20000005        0x3 
 .data.uwTickPrio
                0x20000008        0x4 cmake/stm32cubemx/CMakeFiles/STM32_Drivers.dir/__/__/Drivers/STM32F1xx_HAL_Driver/Src/stm32f1xx_hal.c.obj
                0x20000008                uwTickPrio
 *(.RamFunc)
 *(.RamFunc*)
                0x2000000c                        . = ALIGN (0x4)

.tm_clone_table
                0x2000000c        0x0 load address 0x08001fbc
 .tm_clone_table
                0x2000000c        0x0 C:/Program Files/Arm/GNU Toolchain mingw-w64-x86_64-arm-none-eabi/bin/../lib/gcc/arm-none-eabi/15.2.1/thumb/v7-m/nofp/crtbegin.o
 .tm_clone_table
                0x2000000c        0x0 C:/Program Files/Arm/GNU Toolchain mingw-w64-x86_64-arm-none-eabi/bin/../lib/gcc/arm-none-eabi/15.2.1/thumb/v7-m/nofp/crtend.o

.igot.plt       0x2000000c        0x0 load address 0x08001fbc
 .igot.plt      0x2000000c        0x0 C:/Program Files/Arm/GNU Toolchain mingw-w64-x86_64-arm-none-eabi/bin/../lib/gcc/arm-none-eabi/15.2.1/thumb/v7-m/nofp/crtbegin.o

.tdata          0x2000000c        0x0 load address 0x08001fbc
 *(.tdata .tdata.* .gnu.linkonce.td.*)
                0x2000000c                        . = ALIGN (0x4)
                0x2000000c                        _edata = .
                [!provide]                        PROVIDE (__data_end = .)
                [!provide]                        PROVIDE (__tdata_end = .)
                [!provide]                        PROVIDE (__tdata_start = ADDR (.tdata))
                [!provide]                        PROVIDE (__tdata_size = (__tdata_end - __tdata_start))
                [!provide]                        PROVIDE (__data_start = ADDR (.data))
                [!provide]                        PROVIDE (__data_size = (__data_end - __data_start))
                [!provide]                        PROVIDE (__tdata_source = LOADADDR (.tdata))
                [!provide]                        PROVIDE (__tdata_source_end = (LOADADDR (.tdata) + SIZEOF (.tdata)))
                [!provide]                        PROVIDE (__tdata_source_size = (__tdata_source_end - __tdata_source))
                [!provide]                        PROVIDE (__data_source = LOADADDR (.data))
                [!provide]                        PROVIDE (__data_source_end = __tdata_source_end)
                [!provide]                        PROVIDE (__data_source_size = (__data_source_end - __data_source))

.tbss           0x2000000c        0x0 load address 0x08001fbc
                0x2000000c                        _sbss = .
                0x2000000c                        __bss_start__ = _sbss
 *(.tbss .tbss.*)
                0x2000000c                        . = ALIGN (0x4)
                [!provide]                        PROVIDE (__tbss_end = .)
                [!provide]                        PROVIDE (__tbss_start = ADDR (.tbss))
                [!provide]                        PROVIDE (__tbss_size = (__tbss_end - __tbss_start))
                [!provide]                        PROVIDE (__tbss_offset = (ADDR (.tbss) - ADDR (.tdata)))
                [!provide]                        PROVIDE (__tls_base = __tdata_start)
                [!provide]                        PROVIDE (__tls_end = __tbss_end)
                [!provide]                        PROVIDE (__tls_size = (__tls_end - __tls_base))
                [!provide]                        PROVIDE (__tls_align = MAX (ALIGNOF (.tdata), ALIGNOF (.tbss)))
                [!provide]                        PROVIDE (__tls_size_align = (((__tls_size + __tls_align) - 0x1) & ~ ((__tls_align - 0x1))))
                [!provide]                        PROVIDE (__arm32_tls_tcb_offset = MAX (0x8, __tls_align))
                [!provide]                        PROVIDE (__arm64_tls_tcb_offset = MAX (0x10, __tls_align))

.bss            0x2000000c      0x69c load address 0x08001fbc
 *(.bss)
 *(.bss*)
 .bss.completed.1
                0x2000000c        0x1 C:/Program Files/Arm/GNU Toolchain mingw-w64-x86_64-arm-none-eabi/bin/../lib/gcc/arm-none-eabi/15.2.1/thumb/v7-m/nofp/crtbegin.o
 *fill*         0x2000000d        0x3 
 .bss.object.0  0x20000010       0x18 C:/Program Files/Arm/GNU Toolchain mingw-w64-x86_64-arm-none-eabi/bin/../lib/gcc/arm-none-eabi/15.2.1/thumb/v7-m/nofp/crtbegin.o
 .bss.hcan      0x20000028       0x28 CMakeFiles/boot.dir/Core/Src/can.c.obj
                0x20000028                hcan
 .bss.htim1     0x20000050       0x48 CMakeFiles/boot.dir/Core/Src/tim.c.obj
                0x20000050                htim1
 .bss.uwTick    0x20000098        0x4 cmake/stm32cubemx/CMakeFiles/STM32_Drivers.dir/__/__/Drivers/STM32F1xx_HAL_Driver/Src/stm32f1xx_hal.c.obj
                0x20000098                uwTick
 .bss.can_protocol_rx_overflow_flag
                0x2000009c        0x1 user_boot\libuser_boot.a(can_protocol.c.obj)
 .bss.can_protocol_rx_read_index
                0x2000009d        0x1 user_boot\libuser_boot.a(can_protocol.c.obj)
 .bss.can_protocol_rx_write_index
                0x2000009e        0x1 user_boot\libuser_boot.a(can_protocol.c.obj)
 *fill*         0x2000009f        0x1 
 .bss.can_protocol_rx_queue
                0x200000a0      0x120 user_boot\libuser_boot.a(can_protocol.c.obj)
 .bss._acDownBuffer
                0x200001c0       0x40 user_rtt\libuser_rtt.a(SEGGER_RTT.c.obj)
 .bss._acUpBuffer
                0x20000200      0x400 user_rtt\libuser_rtt.a(SEGGER_RTT.c.obj)
 .bss._SEGGER_RTT
                0x20000600       0xa8 user_rtt\libuser_rtt.a(SEGGER_RTT.c.obj)
                0x20000600                _SEGGER_RTT
 *(COMMON)
                0x200006a8                        . = ALIGN (0x4)
                0x200006a8                        _ebss = .
                0x200006a8                        __bss_end__ = _ebss
                [!provide]                        PROVIDE (__bss_end = .)
                [!provide]                        PROVIDE (__non_tls_bss_start = ADDR (.bss))
                [!provide]                        PROVIDE (__bss_start = __tbss_start)
                [!provide]                        PROVIDE (__bss_size = (__bss_end - __bss_start))

._user_heap_stack
                0x200006a8      0x600 load address 0x08001fbc
                0x200006a8                        . = ALIGN (0x8)
                [!provide]                        PROVIDE (end = .)
                [!provide]                        PROVIDE (_end = .)
                0x200008a8                        . = (. + _Min_Heap_Size)
 *fill*         0x200006a8      0x200 
                0x20000ca8                        . = (. + _Min_Stack_Size)
 *fill*         0x200008a8      0x400 
                0x20000ca8                        . = ALIGN (0x8)

/DISCARD/
 libc.a:*(*)
 libm.a:*(*)
 libgcc.a:*(*)
OUTPUT(boot.elf elf32-littlearm)
LOAD linker stubs

.ARM.attributes
                0x00000000       0x29
 .ARM.attributes
                0x00000000       0x1d C:/Program Files/Arm/GNU Toolchain mingw-w64-x86_64-arm-none-eabi/bin/../lib/gcc/arm-none-eabi/15.2.1/thumb/v7-m/nofp/crti.o
 .ARM.attributes
                0x0000001d       0x2d C:/Program Files/Arm/GNU Toolchain mingw-w64-x86_64-arm-none-eabi/bin/../lib/gcc/arm-none-eabi/15.2.1/thumb/v7-m/nofp/crtbegin.o
 .ARM.attributes
                0x0000004a       0x2d CMakeFiles/boot.dir/Core/Src/main.c.obj
 .ARM.attributes
                0x00000077       0x2d CMakeFiles/boot.dir/Core/Src/gpio.c.obj
 .ARM.attributes
                0x000000a4       0x2d CMakeFiles/boot.dir/Core/Src/can.c.obj
 .ARM.attributes
                0x000000d1       0x2d CMakeFiles/boot.dir/Core/Src/tim.c.obj
 .ARM.attributes
                0x000000fe       0x2d CMakeFiles/boot.dir/Core/Src/stm32f1xx_it.c.obj
 .ARM.attributes
                0x0000012b       0x2d CMakeFiles/boot.dir/Core/Src/stm32f1xx_hal_msp.c.obj
 .ARM.attributes
                0x00000158       0x21 CMakeFiles/boot.dir/Drivers/CMSIS/Device/ST/STM32F1xx/Source/Templates/gcc/startup_stm32f103xb.s.obj
 .ARM.attributes
                0x00000179       0x2d cmake/stm32cubemx/CMakeFiles/STM32_Drivers.dir/__/__/Core/Src/system_stm32f1xx.c.obj
 .ARM.attributes
                0x000001a6       0x2d cmake/stm32cubemx/CMakeFiles/STM32_Drivers.dir/__/__/Drivers/STM32F1xx_HAL_Driver/Src/stm32f1xx_hal_can.c.obj
 .ARM.attributes
                0x000001d3       0x2d cmake/stm32cubemx/CMakeFiles/STM32_Drivers.dir/__/__/Drivers/STM32F1xx_HAL_Driver/Src/stm32f1xx_hal.c.obj
 .ARM.attributes
                0x00000200       0x2d cmake/stm32cubemx/CMakeFiles/STM32_Drivers.dir/__/__/Drivers/STM32F1xx_HAL_Driver/Src/stm32f1xx_hal_rcc.c.obj
 .ARM.attributes
                0x0000022d       0x2d cmake/stm32cubemx/CMakeFiles/STM32_Drivers.dir/__/__/Drivers/STM32F1xx_HAL_Driver/Src/stm32f1xx_hal_gpio.c.obj
 .ARM.attributes
                0x0000025a       0x2d cmake/stm32cubemx/CMakeFiles/STM32_Drivers.dir/__/__/Drivers/STM32F1xx_HAL_Driver/Src/stm32f1xx_hal_cortex.c.obj
 .ARM.attributes
                0x00000287       0x2d cmake/stm32cubemx/CMakeFiles/STM32_Drivers.dir/__/__/Drivers/STM32F1xx_HAL_Driver/Src/stm32f1xx_hal_tim.c.obj
 .ARM.attributes
                0x000002b4       0x2d cmake/stm32cubemx/CMakeFiles/STM32_Drivers.dir/__/__/Drivers/STM32F1xx_HAL_Driver/Src/stm32f1xx_hal_tim_ex.c.obj
 .ARM.attributes
                0x000002e1       0x2d user_boot\libuser_boot.a(can_protocol.c.obj)
 .ARM.attributes
                0x0000030e       0x2d user_boot\libuser_boot.a(log.c.obj)
 .ARM.attributes
                0x0000033b       0x2d user_rtt\libuser_rtt.a(SEGGER_RTT.c.obj)
 .ARM.attributes
                0x00000368       0x2d user_rtt\libuser_rtt.a(SEGGER_RTT_printf.c.obj)
 .ARM.attributes
                0x00000395       0x2d C:/Program Files/Arm/GNU Toolchain mingw-w64-x86_64-arm-none-eabi/bin/../lib/gcc/arm-none-eabi/15.2.1/../../../../arm-none-eabi/lib/thumb/v7-m/nofp\libg_nano.a(libc_a-memset.o)
 .ARM.attributes
                0x000003c2       0x2d C:/Program Files/Arm/GNU Toolchain mingw-w64-x86_64-arm-none-eabi/bin/../lib/gcc/arm-none-eabi/15.2.1/../../../../arm-none-eabi/lib/thumb/v7-m/nofp\libg_nano.a(libc_a-init.o)
 .ARM.attributes
                0x000003ef       0x2d C:/Program Files/Arm/GNU Toolchain mingw-w64-x86_64-arm-none-eabi/bin/../lib/gcc/arm-none-eabi/15.2.1/../../../../arm-none-eabi/lib/thumb/v7-m/nofp\libg_nano.a(libc_a-strcpy.o)
 .ARM.attributes
                0x0000041c       0x2d C:/Program Files/Arm/GNU Toolchain mingw-w64-x86_64-arm-none-eabi/bin/../lib/gcc/arm-none-eabi/15.2.1/../../../../arm-none-eabi/lib/thumb/v7-m/nofp\libg_nano.a(libc_a-memcpy-stub.o)
 .ARM.attributes
                0x00000449       0x2d C:/Program Files/Arm/GNU Toolchain mingw-w64-x86_64-arm-none-eabi/bin/../lib/gcc/arm-none-eabi/15.2.1/thumb/v7-m/nofp/crtend.o
 .ARM.attributes
                0x00000476       0x1d C:/Program Files/Arm/GNU Toolchain mingw-w64-x86_64-arm-none-eabi/bin/../lib/gcc/arm-none-eabi/15.2.1/thumb/v7-m/nofp/crtn.o

.comment        0x00000000       0x45
 .comment       0x00000000       0x45 CMakeFiles/boot.dir/Core/Src/main.c.obj
                                 0x46 (size before relaxing)
 .comment       0x00000045        0x0 CMakeFiles/boot.dir/Core/Src/gpio.c.obj
                                 0x46 (size before relaxing)
 .comment       0x00000045        0x0 CMakeFiles/boot.dir/Core/Src/can.c.obj
                                 0x46 (size before relaxing)
 .comment       0x00000045        0x0 CMakeFiles/boot.dir/Core/Src/tim.c.obj
                                 0x46 (size before relaxing)
 .comment       0x00000045        0x0 CMakeFiles/boot.dir/Core/Src/stm32f1xx_it.c.obj
                                 0x46 (size before relaxing)
 .comment       0x00000045        0x0 CMakeFiles/boot.dir/Core/Src/stm32f1xx_hal_msp.c.obj
                                 0x46 (size before relaxing)
 .comment       0x00000045        0x0 cmake/stm32cubemx/CMakeFiles/STM32_Drivers.dir/__/__/Core/Src/system_stm32f1xx.c.obj
                                 0x46 (size before relaxing)
 .comment       0x00000045        0x0 cmake/stm32cubemx/CMakeFiles/STM32_Drivers.dir/__/__/Drivers/STM32F1xx_HAL_Driver/Src/stm32f1xx_hal_can.c.obj
                                 0x46 (size before relaxing)
 .comment       0x00000045        0x0 cmake/stm32cubemx/CMakeFiles/STM32_Drivers.dir/__/__/Drivers/STM32F1xx_HAL_Driver/Src/stm32f1xx_hal.c.obj
                                 0x46 (size before relaxing)
 .comment       0x00000045        0x0 cmake/stm32cubemx/CMakeFiles/STM32_Drivers.dir/__/__/Drivers/STM32F1xx_HAL_Driver/Src/stm32f1xx_hal_rcc.c.obj
                                 0x46 (size before relaxing)
 .comment       0x00000045        0x0 cmake/stm32cubemx/CMakeFiles/STM32_Drivers.dir/__/__/Drivers/STM32F1xx_HAL_Driver/Src/stm32f1xx_hal_gpio.c.obj
                                 0x46 (size before relaxing)
 .comment       0x00000045        0x0 cmake/stm32cubemx/CMakeFiles/STM32_Drivers.dir/__/__/Drivers/STM32F1xx_HAL_Driver/Src/stm32f1xx_hal_cortex.c.obj
                                 0x46 (size before relaxing)
 .comment       0x00000045        0x0 cmake/stm32cubemx/CMakeFiles/STM32_Drivers.dir/__/__/Drivers/STM32F1xx_HAL_Driver/Src/stm32f1xx_hal_tim.c.obj
                                 0x46 (size before relaxing)
 .comment       0x00000045        0x0 cmake/stm32cubemx/CMakeFiles/STM32_Drivers.dir/__/__/Drivers/STM32F1xx_HAL_Driver/Src/stm32f1xx_hal_tim_ex.c.obj
                                 0x46 (size before relaxing)
 .comment       0x00000045        0x0 user_boot\libuser_boot.a(can_protocol.c.obj)
                                 0x46 (size before relaxing)
 .comment       0x00000045        0x0 user_boot\libuser_boot.a(log.c.obj)
                                 0x46 (size before relaxing)
 .comment       0x00000045        0x0 user_rtt\libuser_rtt.a(SEGGER_RTT.c.obj)
                                 0x46 (size before relaxing)
 .comment       0x00000045        0x0 user_rtt\libuser_rtt.a(SEGGER_RTT_printf.c.obj)
                                 0x46 (size before relaxing)

.debug_info     0x00000000     0xe1d1
 .debug_info    0x00000000      0x3bd CMakeFiles/boot.dir/Core/Src/main.c.obj
 .debug_info    0x000003bd      0x300 CMakeFiles/boot.dir/Core/Src/gpio.c.obj
 .debug_info    0x000006bd      0xa92 CMakeFiles/boot.dir/Core/Src/can.c.obj
 .debug_info    0x0000114f      0xca3 CMakeFiles/boot.dir/Core/Src/tim.c.obj
 .debug_info    0x00001df2      0xa8c CMakeFiles/boot.dir/Core/Src/stm32f1xx_it.c.obj
 .debug_info    0x0000287e      0x1ec CMakeFiles/boot.dir/Core/Src/stm32f1xx_hal_msp.c.obj
 .debug_info    0x00002a6a       0x30 CMakeFiles/boot.dir/Drivers/CMSIS/Device/ST/STM32F1xx/Source/Templates/gcc/startup_stm32f103xb.s.obj
 .debug_info    0x00002a9a      0x231 cmake/stm32cubemx/CMakeFiles/STM32_Drivers.dir/__/__/Core/Src/system_stm32f1xx.c.obj
 .debug_info    0x00002ccb     0x1126 cmake/stm32cubemx/CMakeFiles/STM32_Drivers.dir/__/__/Drivers/STM32F1xx_HAL_Driver/Src/stm32f1xx_hal_can.c.obj
 .debug_info    0x00003df1      0x7dc cmake/stm32cubemx/CMakeFiles/STM32_Drivers.dir/__/__/Drivers/STM32F1xx_HAL_Driver/Src/stm32f1xx_hal.c.obj
 .debug_info    0x000045cd      0x9fb cmake/stm32cubemx/CMakeFiles/STM32_Drivers.dir/__/__/Drivers/STM32F1xx_HAL_Driver/Src/stm32f1xx_hal_rcc.c.obj
 .debug_info    0x00004fc8      0x612 cmake/stm32cubemx/CMakeFiles/STM32_Drivers.dir/__/__/Drivers/STM32F1xx_HAL_Driver/Src/stm32f1xx_hal_gpio.c.obj
 .debug_info    0x000055da      0xcdc cmake/stm32cubemx/CMakeFiles/STM32_Drivers.dir/__/__/Drivers/STM32F1xx_HAL_Driver/Src/stm32f1xx_hal_cortex.c.obj
 .debug_info    0x000062b6     0x4096 cmake/stm32cubemx/CMakeFiles/STM32_Drivers.dir/__/__/Drivers/STM32F1xx_HAL_Driver/Src/stm32f1xx_hal_tim.c.obj
 .debug_info    0x0000a34c     0x18a3 cmake/stm32cubemx/CMakeFiles/STM32_Drivers.dir/__/__/Drivers/STM32F1xx_HAL_Driver/Src/stm32f1xx_hal_tim_ex.c.obj
 .debug_info    0x0000bbef      0x92d user_boot\libuser_boot.a(can_protocol.c.obj)
 .debug_info    0x0000c51c       0xa7 user_boot\libuser_boot.a(log.c.obj)
 .debug_info    0x0000c5c3     0x15e2 user_rtt\libuser_rtt.a(SEGGER_RTT.c.obj)
 .debug_info    0x0000dba5      0x62c user_rtt\libuser_rtt.a(SEGGER_RTT_printf.c.obj)

.debug_abbrev   0x00000000     0x2856
 .debug_abbrev  0x00000000      0x1cd CMakeFiles/boot.dir/Core/Src/main.c.obj
 .debug_abbrev  0x000001cd      0x164 CMakeFiles/boot.dir/Core/Src/gpio.c.obj
 .debug_abbrev  0x00000331      0x268 CMakeFiles/boot.dir/Core/Src/can.c.obj
 .debug_abbrev  0x00000599      0x234 CMakeFiles/boot.dir/Core/Src/tim.c.obj
 .debug_abbrev  0x000007cd      0x22e CMakeFiles/boot.dir/Core/Src/stm32f1xx_it.c.obj
 .debug_abbrev  0x000009fb       0xeb CMakeFiles/boot.dir/Core/Src/stm32f1xx_hal_msp.c.obj
 .debug_abbrev  0x00000ae6       0x24 CMakeFiles/boot.dir/Drivers/CMSIS/Device/ST/STM32F1xx/Source/Templates/gcc/startup_stm32f103xb.s.obj
 .debug_abbrev  0x00000b0a      0x145 cmake/stm32cubemx/CMakeFiles/STM32_Drivers.dir/__/__/Core/Src/system_stm32f1xx.c.obj
 .debug_abbrev  0x00000c4f      0x290 cmake/stm32cubemx/CMakeFiles/STM32_Drivers.dir/__/__/Drivers/STM32F1xx_HAL_Driver/Src/stm32f1xx_hal_can.c.obj
 .debug_abbrev  0x00000edf      0x272 cmake/stm32cubemx/CMakeFiles/STM32_Drivers.dir/__/__/Drivers/STM32F1xx_HAL_Driver/Src/stm32f1xx_hal.c.obj
 .debug_abbrev  0x00001151      0x2ff cmake/stm32cubemx/CMakeFiles/STM32_Drivers.dir/__/__/Drivers/STM32F1xx_HAL_Driver/Src/stm32f1xx_hal_rcc.c.obj
 .debug_abbrev  0x00001450      0x200 cmake/stm32cubemx/CMakeFiles/STM32_Drivers.dir/__/__/Drivers/STM32F1xx_HAL_Driver/Src/stm32f1xx_hal_gpio.c.obj
 .debug_abbrev  0x00001650      0x363 cmake/stm32cubemx/CMakeFiles/STM32_Drivers.dir/__/__/Drivers/STM32F1xx_HAL_Driver/Src/stm32f1xx_hal_cortex.c.obj
 .debug_abbrev  0x000019b3      0x388 cmake/stm32cubemx/CMakeFiles/STM32_Drivers.dir/__/__/Drivers/STM32F1xx_HAL_Driver/Src/stm32f1xx_hal_tim.c.obj
 .debug_abbrev  0x00001d3b      0x2ea cmake/stm32cubemx/CMakeFiles/STM32_Drivers.dir/__/__/Drivers/STM32F1xx_HAL_Driver/Src/stm32f1xx_hal_tim_ex.c.obj
 .debug_abbrev  0x00002025      0x25c user_boot\libuser_boot.a(can_protocol.c.obj)
 .debug_abbrev  0x00002281       0x63 user_boot\libuser_boot.a(log.c.obj)
 .debug_abbrev  0x000022e4      0x2db user_rtt\libuser_rtt.a(SEGGER_RTT.c.obj)
 .debug_abbrev  0x000025bf      0x297 user_rtt\libuser_rtt.a(SEGGER_RTT_printf.c.obj)

.debug_aranges  0x00000000      0xbb8
 .debug_aranges
                0x00000000       0x30 CMakeFiles/boot.dir/Core/Src/main.c.obj
 .debug_aranges
                0x00000030       0x20 CMakeFiles/boot.dir/Core/Src/gpio.c.obj
 .debug_aranges
                0x00000050       0x30 CMakeFiles/boot.dir/Core/Src/can.c.obj
 .debug_aranges
                0x00000080       0x30 CMakeFiles/boot.dir/Core/Src/tim.c.obj
 .debug_aranges
                0x000000b0       0x70 CMakeFiles/boot.dir/Core/Src/stm32f1xx_it.c.obj
 .debug_aranges
                0x00000120       0x20 CMakeFiles/boot.dir/Core/Src/stm32f1xx_hal_msp.c.obj
 .debug_aranges
                0x00000140       0x28 CMakeFiles/boot.dir/Drivers/CMSIS/Device/ST/STM32F1xx/Source/Templates/gcc/startup_stm32f103xb.s.obj
 .debug_aranges
                0x00000168       0x28 cmake/stm32cubemx/CMakeFiles/STM32_Drivers.dir/__/__/Core/Src/system_stm32f1xx.c.obj
 .debug_aranges
                0x00000190      0x138 cmake/stm32cubemx/CMakeFiles/STM32_Drivers.dir/__/__/Drivers/STM32F1xx_HAL_Driver/Src/stm32f1xx_hal_can.c.obj
 .debug_aranges
                0x000002c8       0xe0 cmake/stm32cubemx/CMakeFiles/STM32_Drivers.dir/__/__/Drivers/STM32F1xx_HAL_Driver/Src/stm32f1xx_hal.c.obj
 .debug_aranges
                0x000003a8       0x88 cmake/stm32cubemx/CMakeFiles/STM32_Drivers.dir/__/__/Drivers/STM32F1xx_HAL_Driver/Src/stm32f1xx_hal_rcc.c.obj
 .debug_aranges
                0x00000430       0x58 cmake/stm32cubemx/CMakeFiles/STM32_Drivers.dir/__/__/Drivers/STM32F1xx_HAL_Driver/Src/stm32f1xx_hal_gpio.c.obj
 .debug_aranges
                0x00000488       0x90 cmake/stm32cubemx/CMakeFiles/STM32_Drivers.dir/__/__/Drivers/STM32F1xx_HAL_Driver/Src/stm32f1xx_hal_cortex.c.obj
 .debug_aranges
                0x00000518      0x3a0 cmake/stm32cubemx/CMakeFiles/STM32_Drivers.dir/__/__/Drivers/STM32F1xx_HAL_Driver/Src/stm32f1xx_hal_tim.c.obj
 .debug_aranges
                0x000008b8      0x168 cmake/stm32cubemx/CMakeFiles/STM32_Drivers.dir/__/__/Drivers/STM32F1xx_HAL_Driver/Src/stm32f1xx_hal_tim_ex.c.obj
 .debug_aranges
                0x00000a20       0x30 user_boot\libuser_boot.a(can_protocol.c.obj)
 .debug_aranges
                0x00000a50       0x20 user_boot\libuser_boot.a(log.c.obj)
 .debug_aranges
                0x00000a70      0x110 user_rtt\libuser_rtt.a(SEGGER_RTT.c.obj)
 .debug_aranges
                0x00000b80       0x38 user_rtt\libuser_rtt.a(SEGGER_RTT_printf.c.obj)

.debug_rnglists
                0x00000000      0xaa8
 .debug_rnglists
                0x00000000       0x2b CMakeFiles/boot.dir/Core/Src/main.c.obj
 .debug_rnglists
                0x0000002b       0x2e CMakeFiles/boot.dir/Core/Src/gpio.c.obj
 .debug_rnglists
                0x00000059       0x2f CMakeFiles/boot.dir/Core/Src/can.c.obj
 .debug_rnglists
                0x00000088       0x32 CMakeFiles/boot.dir/Core/Src/tim.c.obj
 .debug_rnglists
                0x000000ba       0x4f CMakeFiles/boot.dir/Core/Src/stm32f1xx_it.c.obj
 .debug_rnglists
                0x00000109       0x37 CMakeFiles/boot.dir/Core/Src/stm32f1xx_hal_msp.c.obj
 .debug_rnglists
                0x00000140       0x19 CMakeFiles/boot.dir/Drivers/CMSIS/Device/ST/STM32F1xx/Source/Templates/gcc/startup_stm32f103xb.s.obj
 .debug_rnglists
                0x00000159       0x19 cmake/stm32cubemx/CMakeFiles/STM32_Drivers.dir/__/__/Core/Src/system_stm32f1xx.c.obj
 .debug_rnglists
                0x00000172       0xea cmake/stm32cubemx/CMakeFiles/STM32_Drivers.dir/__/__/Drivers/STM32F1xx_HAL_Driver/Src/stm32f1xx_hal_can.c.obj
 .debug_rnglists
                0x0000025c       0xa3 cmake/stm32cubemx/CMakeFiles/STM32_Drivers.dir/__/__/Drivers/STM32F1xx_HAL_Driver/Src/stm32f1xx_hal.c.obj
 .debug_rnglists
                0x000002ff       0x85 cmake/stm32cubemx/CMakeFiles/STM32_Drivers.dir/__/__/Drivers/STM32F1xx_HAL_Driver/Src/stm32f1xx_hal_rcc.c.obj
 .debug_rnglists
                0x00000384       0x51 cmake/stm32cubemx/CMakeFiles/STM32_Drivers.dir/__/__/Drivers/STM32F1xx_HAL_Driver/Src/stm32f1xx_hal_gpio.c.obj
 .debug_rnglists
                0x000003d5       0xd9 cmake/stm32cubemx/CMakeFiles/STM32_Drivers.dir/__/__/Drivers/STM32F1xx_HAL_Driver/Src/stm32f1xx_hal_cortex.c.obj
 .debug_rnglists
                0x000004ae      0x357 cmake/stm32cubemx/CMakeFiles/STM32_Drivers.dir/__/__/Drivers/STM32F1xx_HAL_Driver/Src/stm32f1xx_hal_tim.c.obj
 .debug_rnglists
                0x00000805      0x112 cmake/stm32cubemx/CMakeFiles/STM32_Drivers.dir/__/__/Drivers/STM32F1xx_HAL_Driver/Src/stm32f1xx_hal_tim_ex.c.obj
 .debug_rnglists
                0x00000917       0x47 user_boot\libuser_boot.a(can_protocol.c.obj)
 .debug_rnglists
                0x0000095e       0x13 user_boot\libuser_boot.a(log.c.obj)
 .debug_rnglists
                0x00000971       0xf3 user_rtt\libuser_rtt.a(SEGGER_RTT.c.obj)
 .debug_rnglists
                0x00000a64       0x44 user_rtt\libuser_rtt.a(SEGGER_RTT_printf.c.obj)

.debug_macro    0x00000000    0x19595
 .debug_macro   0x00000000      0x336 CMakeFiles/boot.dir/Core/Src/main.c.obj
 .debug_macro   0x00000336      0xae4 CMakeFiles/boot.dir/Core/Src/main.c.obj
 .debug_macro   0x00000e1a      0x21b CMakeFiles/boot.dir/Core/Src/main.c.obj
 .debug_macro   0x00001035       0x2e CMakeFiles/boot.dir/Core/Src/main.c.obj
 .debug_macro   0x00001063       0x22 CMakeFiles/boot.dir/Core/Src/main.c.obj
 .debug_macro   0x00001085       0x22 CMakeFiles/boot.dir/Core/Src/main.c.obj
 .debug_macro   0x000010a7       0x8e CMakeFiles/boot.dir/Core/Src/main.c.obj
 .debug_macro   0x00001135       0x51 CMakeFiles/boot.dir/Core/Src/main.c.obj
 .debug_macro   0x00001186      0x103 CMakeFiles/boot.dir/Core/Src/main.c.obj
 .debug_macro   0x00001289       0x6a CMakeFiles/boot.dir/Core/Src/main.c.obj
 .debug_macro   0x000012f3      0x1df CMakeFiles/boot.dir/Core/Src/main.c.obj
 .debug_macro   0x000014d2       0x1c CMakeFiles/boot.dir/Core/Src/main.c.obj
 .debug_macro   0x000014ee       0x22 CMakeFiles/boot.dir/Core/Src/main.c.obj
 .debug_macro   0x00001510       0xbd CMakeFiles/boot.dir/Core/Src/main.c.obj
 .debug_macro   0x000015cd      0xd23 CMakeFiles/boot.dir/Core/Src/main.c.obj
 .debug_macro   0x000022f0     0xe09e CMakeFiles/boot.dir/Core/Src/main.c.obj
 .debug_macro   0x0001038e       0x6d CMakeFiles/boot.dir/Core/Src/main.c.obj
 .debug_macro   0x000103fb     0x34a2 CMakeFiles/boot.dir/Core/Src/main.c.obj
 .debug_macro   0x0001389d      0x190 CMakeFiles/boot.dir/Core/Src/main.c.obj
 .debug_macro   0x00013a2d       0x5c CMakeFiles/boot.dir/Core/Src/main.c.obj
 .debug_macro   0x00013a89      0x5bc CMakeFiles/boot.dir/Core/Src/main.c.obj
 .debug_macro   0x00014045      0x289 CMakeFiles/boot.dir/Core/Src/main.c.obj
 .debug_macro   0x000142ce      0x1cb CMakeFiles/boot.dir/Core/Src/main.c.obj
 .debug_macro   0x00014499      0x114 CMakeFiles/boot.dir/Core/Src/main.c.obj
 .debug_macro   0x000145ad      0x1b2 CMakeFiles/boot.dir/Core/Src/main.c.obj
 .debug_macro   0x0001475f       0x27 CMakeFiles/boot.dir/Core/Src/main.c.obj
 .debug_macro   0x00014786      0x136 CMakeFiles/boot.dir/Core/Src/main.c.obj
 .debug_macro   0x000148bc      0x1bc CMakeFiles/boot.dir/Core/Src/main.c.obj
 .debug_macro   0x00014a78       0x34 CMakeFiles/boot.dir/Core/Src/main.c.obj
 .debug_macro   0x00014aac       0x3c CMakeFiles/boot.dir/Core/Src/main.c.obj
 .debug_macro   0x00014ae8      0x408 CMakeFiles/boot.dir/Core/Src/main.c.obj
 .debug_macro   0x00014ef0       0x57 CMakeFiles/boot.dir/Core/Src/main.c.obj
 .debug_macro   0x00014f47       0x87 CMakeFiles/boot.dir/Core/Src/main.c.obj
 .debug_macro   0x00014fce      0x240 CMakeFiles/boot.dir/Core/Src/main.c.obj
 .debug_macro   0x0001520e      0x140 CMakeFiles/boot.dir/Core/Src/main.c.obj
 .debug_macro   0x0001534e      0x8ed CMakeFiles/boot.dir/Core/Src/main.c.obj
 .debug_macro   0x00015c3b       0x83 CMakeFiles/boot.dir/Core/Src/main.c.obj
 .debug_macro   0x00015cbe       0x10 CMakeFiles/boot.dir/Core/Src/main.c.obj
 .debug_macro   0x00015cce       0x7b CMakeFiles/boot.dir/Core/Src/main.c.obj
 .debug_macro   0x00015d49       0x24 CMakeFiles/boot.dir/Core/Src/main.c.obj
 .debug_macro   0x00015d6d       0x3c CMakeFiles/boot.dir/Core/Src/main.c.obj
 .debug_macro   0x00015da9       0x34 CMakeFiles/boot.dir/Core/Src/main.c.obj
 .debug_macro   0x00015ddd       0x16 CMakeFiles/boot.dir/Core/Src/main.c.obj
 .debug_macro   0x00015df3       0x3c CMakeFiles/boot.dir/Core/Src/main.c.obj
 .debug_macro   0x00015e2f      0x364 CMakeFiles/boot.dir/Core/Src/main.c.obj
 .debug_macro   0x00016193       0x10 CMakeFiles/boot.dir/Core/Src/main.c.obj
 .debug_macro   0x000161a3       0x16 CMakeFiles/boot.dir/Core/Src/main.c.obj
 .debug_macro   0x000161b9       0x4a CMakeFiles/boot.dir/Core/Src/main.c.obj
 .debug_macro   0x00016203       0x34 CMakeFiles/boot.dir/Core/Src/main.c.obj
 .debug_macro   0x00016237       0x10 CMakeFiles/boot.dir/Core/Src/main.c.obj
 .debug_macro   0x00016247       0x58 CMakeFiles/boot.dir/Core/Src/main.c.obj
 .debug_macro   0x0001629f      0x1e5 CMakeFiles/boot.dir/Core/Src/main.c.obj
 .debug_macro   0x00016484       0x16 CMakeFiles/boot.dir/Core/Src/main.c.obj
 .debug_macro   0x0001649a       0x16 CMakeFiles/boot.dir/Core/Src/main.c.obj
 .debug_macro   0x000164b0      0x170 CMakeFiles/boot.dir/Core/Src/main.c.obj
 .debug_macro   0x00016620       0x16 CMakeFiles/boot.dir/Core/Src/main.c.obj
 .debug_macro   0x00016636       0x4e CMakeFiles/boot.dir/Core/Src/main.c.obj
 .debug_macro   0x00016684       0x16 CMakeFiles/boot.dir/Core/Src/main.c.obj
 .debug_macro   0x0001669a       0x16 CMakeFiles/boot.dir/Core/Src/main.c.obj
 .debug_macro   0x000166b0       0x29 CMakeFiles/boot.dir/Core/Src/main.c.obj
 .debug_macro   0x000166d9       0x4c CMakeFiles/boot.dir/Core/Src/main.c.obj
 .debug_macro   0x00016725      0x115 CMakeFiles/boot.dir/Core/Src/main.c.obj
 .debug_macro   0x0001683a       0x10 CMakeFiles/boot.dir/Core/Src/main.c.obj
 .debug_macro   0x0001684a      0x1bc CMakeFiles/boot.dir/Core/Src/gpio.c.obj
 .debug_macro   0x00016a06      0x1bc CMakeFiles/boot.dir/Core/Src/can.c.obj
 .debug_macro   0x00016bc2      0x1bc CMakeFiles/boot.dir/Core/Src/tim.c.obj
 .debug_macro   0x00016d7e      0x1bc CMakeFiles/boot.dir/Core/Src/stm32f1xx_it.c.obj
 .debug_macro   0x00016f3a      0x1b2 CMakeFiles/boot.dir/Core/Src/stm32f1xx_hal_msp.c.obj
 .debug_macro   0x000170ec      0x1a3 cmake/stm32cubemx/CMakeFiles/STM32_Drivers.dir/__/__/Core/Src/system_stm32f1xx.c.obj
 .debug_macro   0x0001728f      0x1b2 cmake/stm32cubemx/CMakeFiles/STM32_Drivers.dir/__/__/Drivers/STM32F1xx_HAL_Driver/Src/stm32f1xx_hal_can.c.obj
 .debug_macro   0x00017441      0x1c7 cmake/stm32cubemx/CMakeFiles/STM32_Drivers.dir/__/__/Drivers/STM32F1xx_HAL_Driver/Src/stm32f1xx_hal.c.obj
 .debug_macro   0x00017608      0x1b5 cmake/stm32cubemx/CMakeFiles/STM32_Drivers.dir/__/__/Drivers/STM32F1xx_HAL_Driver/Src/stm32f1xx_hal_rcc.c.obj
 .debug_macro   0x000177bd      0x20e cmake/stm32cubemx/CMakeFiles/STM32_Drivers.dir/__/__/Drivers/STM32F1xx_HAL_Driver/Src/stm32f1xx_hal_gpio.c.obj
 .debug_macro   0x000179cb      0x1a3 cmake/stm32cubemx/CMakeFiles/STM32_Drivers.dir/__/__/Drivers/STM32F1xx_HAL_Driver/Src/stm32f1xx_hal_cortex.c.obj
 .debug_macro   0x00017b6e      0x1a4 cmake/stm32cubemx/CMakeFiles/STM32_Drivers.dir/__/__/Drivers/STM32F1xx_HAL_Driver/Src/stm32f1xx_hal_tim.c.obj
 .debug_macro   0x00017d12      0x1a3 cmake/stm32cubemx/CMakeFiles/STM32_Drivers.dir/__/__/Drivers/STM32F1xx_HAL_Driver/Src/stm32f1xx_hal_tim_ex.c.obj
 .debug_macro   0x00017eb5      0x286 user_boot\libuser_boot.a(can_protocol.c.obj)
 .debug_macro   0x0001813b       0x10 user_boot\libuser_boot.a(can_protocol.c.obj)
 .debug_macro   0x0001814b      0x18f user_boot\libuser_boot.a(log.c.obj)
 .debug_macro   0x000182da       0x75 user_boot\libuser_boot.a(log.c.obj)
 .debug_macro   0x0001834f       0x94 user_boot\libuser_boot.a(log.c.obj)
 .debug_macro   0x000183e3       0x57 user_boot\libuser_boot.a(log.c.obj)
 .debug_macro   0x0001843a       0x9e user_boot\libuser_boot.a(log.c.obj)
 .debug_macro   0x000184d8      0x112 user_boot\libuser_boot.a(log.c.obj)
 .debug_macro   0x000185ea      0x199 user_rtt\libuser_rtt.a(SEGGER_RTT.c.obj)
 .debug_macro   0x00018783      0xad2 user_rtt\libuser_rtt.a(SEGGER_RTT.c.obj)
 .debug_macro   0x00019255      0x11c user_rtt\libuser_rtt.a(SEGGER_RTT.c.obj)
 .debug_macro   0x00019371       0x9b user_rtt\libuser_rtt.a(SEGGER_RTT.c.obj)
 .debug_macro   0x0001940c       0x58 user_rtt\libuser_rtt.a(SEGGER_RTT.c.obj)
 .debug_macro   0x00019464      0x131 user_rtt\libuser_rtt.a(SEGGER_RTT_printf.c.obj)

.debug_line     0x00000000     0xf5c3
 .debug_line    0x00000000      0x8ae CMakeFiles/boot.dir/Core/Src/main.c.obj
 .debug_line    0x000008ae      0x665 CMakeFiles/boot.dir/Core/Src/gpio.c.obj
 .debug_line    0x00000f13      0x751 CMakeFiles/boot.dir/Core/Src/can.c.obj
 .debug_line    0x00001664      0x7e9 CMakeFiles/boot.dir/Core/Src/tim.c.obj
 .debug_line    0x00001e4d      0x70c CMakeFiles/boot.dir/Core/Src/stm32f1xx_it.c.obj
 .debug_line    0x00002559      0x643 CMakeFiles/boot.dir/Core/Src/stm32f1xx_hal_msp.c.obj
 .debug_line    0x00002b9c       0x78 CMakeFiles/boot.dir/Drivers/CMSIS/Device/ST/STM32F1xx/Source/Templates/gcc/startup_stm32f103xb.s.obj
 .debug_line    0x00002c14      0x6a9 cmake/stm32cubemx/CMakeFiles/STM32_Drivers.dir/__/__/Core/Src/system_stm32f1xx.c.obj
 .debug_line    0x000032bd     0x147f cmake/stm32cubemx/CMakeFiles/STM32_Drivers.dir/__/__/Drivers/STM32F1xx_HAL_Driver/Src/stm32f1xx_hal_can.c.obj
 .debug_line    0x0000473c      0x95f cmake/stm32cubemx/CMakeFiles/STM32_Drivers.dir/__/__/Drivers/STM32F1xx_HAL_Driver/Src/stm32f1xx_hal.c.obj
 .debug_line    0x0000509b     0x108f cmake/stm32cubemx/CMakeFiles/STM32_Drivers.dir/__/__/Drivers/STM32F1xx_HAL_Driver/Src/stm32f1xx_hal_rcc.c.obj
 .debug_line    0x0000612a      0x9d9 cmake/stm32cubemx/CMakeFiles/STM32_Drivers.dir/__/__/Drivers/STM32F1xx_HAL_Driver/Src/stm32f1xx_hal_gpio.c.obj
 .debug_line    0x00006b03      0xb17 cmake/stm32cubemx/CMakeFiles/STM32_Drivers.dir/__/__/Drivers/STM32F1xx_HAL_Driver/Src/stm32f1xx_hal_cortex.c.obj
 .debug_line    0x0000761a     0x42e9 cmake/stm32cubemx/CMakeFiles/STM32_Drivers.dir/__/__/Drivers/STM32F1xx_HAL_Driver/Src/stm32f1xx_hal_tim.c.obj
 .debug_line    0x0000b903     0x1725 cmake/stm32cubemx/CMakeFiles/STM32_Drivers.dir/__/__/Drivers/STM32F1xx_HAL_Driver/Src/stm32f1xx_hal_tim_ex.c.obj
 .debug_line    0x0000d028      0x871 user_boot\libuser_boot.a(can_protocol.c.obj)
 .debug_line    0x0000d899      0x375 user_boot\libuser_boot.a(log.c.obj)
 .debug_line    0x0000dc0e     0x1137 user_rtt\libuser_rtt.a(SEGGER_RTT.c.obj)
 .debug_line    0x0000ed45      0x87e user_rtt\libuser_rtt.a(SEGGER_RTT_printf.c.obj)

.debug_str      0x00000000    0x8b59a
 .debug_str     0x00000000    0x8b59a CMakeFiles/boot.dir/Core/Src/main.c.obj
                              0x87b46 (size before relaxing)
 .debug_str     0x0008b59a        0x0 CMakeFiles/boot.dir/Core/Src/gpio.c.obj
                              0x83def (size before relaxing)
 .debug_str     0x0008b59a        0x0 CMakeFiles/boot.dir/Core/Src/can.c.obj
                              0x844d7 (size before relaxing)
 .debug_str     0x0008b59a        0x0 CMakeFiles/boot.dir/Core/Src/tim.c.obj
                              0x8477e (size before relaxing)
 .debug_str     0x0008b59a        0x0 CMakeFiles/boot.dir/Core/Src/stm32f1xx_it.c.obj
                              0x844f4 (size before relaxing)
 .debug_str     0x0008b59a        0x0 CMakeFiles/boot.dir/Core/Src/stm32f1xx_hal_msp.c.obj
                              0x83d5f (size before relaxing)
 .debug_str     0x0008b59a        0x0 CMakeFiles/boot.dir/Drivers/CMSIS/Device/ST/STM32F1xx/Source/Templates/gcc/startup_stm32f103xb.s.obj
                                 0xd6 (size before relaxing)
 .debug_str     0x0008b59a        0x0 cmake/stm32cubemx/CMakeFiles/STM32_Drivers.dir/__/__/Core/Src/system_stm32f1xx.c.obj
                              0x83d75 (size before relaxing)
 .debug_str     0x0008b59a        0x0 cmake/stm32cubemx/CMakeFiles/STM32_Drivers.dir/__/__/Drivers/STM32F1xx_HAL_Driver/Src/stm32f1xx_hal_can.c.obj
                              0x8457d (size before relaxing)
 .debug_str     0x0008b59a        0x0 cmake/stm32cubemx/CMakeFiles/STM32_Drivers.dir/__/__/Drivers/STM32F1xx_HAL_Driver/Src/stm32f1xx_hal.c.obj
                              0x844a8 (size before relaxing)
 .debug_str     0x0008b59a        0x0 cmake/stm32cubemx/CMakeFiles/STM32_Drivers.dir/__/__/Drivers/STM32F1xx_HAL_Driver/Src/stm32f1xx_hal_rcc.c.obj
                              0x841a4 (size before relaxing)
 .debug_str     0x0008b59a        0x0 cmake/stm32cubemx/CMakeFiles/STM32_Drivers.dir/__/__/Drivers/STM32F1xx_HAL_Driver/Src/stm32f1xx_hal_gpio.c.obj
                              0x840fb (size before relaxing)
 .debug_str     0x0008b59a        0x0 cmake/stm32cubemx/CMakeFiles/STM32_Drivers.dir/__/__/Drivers/STM32F1xx_HAL_Driver/Src/stm32f1xx_hal_cortex.c.obj
                              0x843f4 (size before relaxing)
 .debug_str     0x0008b59a        0x0 cmake/stm32cubemx/CMakeFiles/STM32_Drivers.dir/__/__/Drivers/STM32F1xx_HAL_Driver/Src/stm32f1xx_hal_tim.c.obj
                              0x851a6 (size before relaxing)
 .debug_str     0x0008b59a        0x0 cmake/stm32cubemx/CMakeFiles/STM32_Drivers.dir/__/__/Drivers/STM32F1xx_HAL_Driver/Src/stm32f1xx_hal_tim_ex.c.obj
                              0x849b2 (size before relaxing)
 .debug_str     0x0008b59a        0x0 user_boot\libuser_boot.a(can_protocol.c.obj)
                              0x86e07 (size before relaxing)
 .debug_str     0x0008b59a        0x0 user_boot\libuser_boot.a(log.c.obj)
                               0x724c (size before relaxing)
 .debug_str     0x0008b59a        0x0 user_rtt\libuser_rtt.a(SEGGER_RTT.c.obj)
                               0x7185 (size before relaxing)
 .debug_str     0x0008b59a        0x0 user_rtt\libuser_rtt.a(SEGGER_RTT_printf.c.obj)
                               0x6ce8 (size before relaxing)

.debug_frame    0x00000000     0x1d74
 .debug_frame   0x00000000       0x60 CMakeFiles/boot.dir/Core/Src/main.c.obj
 .debug_frame   0x00000060       0x28 CMakeFiles/boot.dir/Core/Src/gpio.c.obj
 .debug_frame   0x00000088       0x70 CMakeFiles/boot.dir/Core/Src/can.c.obj
 .debug_frame   0x000000f8       0x64 CMakeFiles/boot.dir/Core/Src/tim.c.obj
 .debug_frame   0x0000015c       0xc0 CMakeFiles/boot.dir/Core/Src/stm32f1xx_it.c.obj
 .debug_frame   0x0000021c       0x28 CMakeFiles/boot.dir/Core/Src/stm32f1xx_hal_msp.c.obj
 .debug_frame   0x00000244       0x30 cmake/stm32cubemx/CMakeFiles/STM32_Drivers.dir/__/__/Core/Src/system_stm32f1xx.c.obj
 .debug_frame   0x00000274      0x2cc cmake/stm32cubemx/CMakeFiles/STM32_Drivers.dir/__/__/Drivers/STM32F1xx_HAL_Driver/Src/stm32f1xx_hal_can.c.obj
 .debug_frame   0x00000540      0x1d4 cmake/stm32cubemx/CMakeFiles/STM32_Drivers.dir/__/__/Drivers/STM32F1xx_HAL_Driver/Src/stm32f1xx_hal.c.obj
 .debug_frame   0x00000714      0x13c cmake/stm32cubemx/CMakeFiles/STM32_Drivers.dir/__/__/Drivers/STM32F1xx_HAL_Driver/Src/stm32f1xx_hal_rcc.c.obj
 .debug_frame   0x00000850       0xd4 cmake/stm32cubemx/CMakeFiles/STM32_Drivers.dir/__/__/Drivers/STM32F1xx_HAL_Driver/Src/stm32f1xx_hal_gpio.c.obj
 .debug_frame   0x00000924      0x120 cmake/stm32cubemx/CMakeFiles/STM32_Drivers.dir/__/__/Drivers/STM32F1xx_HAL_Driver/Src/stm32f1xx_hal_cortex.c.obj
 .debug_frame   0x00000a44      0x9e8 cmake/stm32cubemx/CMakeFiles/STM32_Drivers.dir/__/__/Drivers/STM32F1xx_HAL_Driver/Src/stm32f1xx_hal_tim.c.obj
 .debug_frame   0x0000142c      0x3d0 cmake/stm32cubemx/CMakeFiles/STM32_Drivers.dir/__/__/Drivers/STM32F1xx_HAL_Driver/Src/stm32f1xx_hal_tim_ex.c.obj
 .debug_frame   0x000017fc       0x64 user_boot\libuser_boot.a(can_protocol.c.obj)
 .debug_frame   0x00001860       0x28 user_boot\libuser_boot.a(log.c.obj)
 .debug_frame   0x00001888      0x3a8 user_rtt\libuser_rtt.a(SEGGER_RTT.c.obj)
 .debug_frame   0x00001c30       0xb0 user_rtt\libuser_rtt.a(SEGGER_RTT_printf.c.obj)
 .debug_frame   0x00001ce0       0x20 C:/Program Files/Arm/GNU Toolchain mingw-w64-x86_64-arm-none-eabi/bin/../lib/gcc/arm-none-eabi/15.2.1/../../../../arm-none-eabi/lib/thumb/v7-m/nofp\libg_nano.a(libc_a-memset.o)
 .debug_frame   0x00001d00       0x2c C:/Program Files/Arm/GNU Toolchain mingw-w64-x86_64-arm-none-eabi/bin/../lib/gcc/arm-none-eabi/15.2.1/../../../../arm-none-eabi/lib/thumb/v7-m/nofp\libg_nano.a(libc_a-init.o)
 .debug_frame   0x00001d2c       0x20 C:/Program Files/Arm/GNU Toolchain mingw-w64-x86_64-arm-none-eabi/bin/../lib/gcc/arm-none-eabi/15.2.1/../../../../arm-none-eabi/lib/thumb/v7-m/nofp\libg_nano.a(libc_a-strcpy.o)
 .debug_frame   0x00001d4c       0x28 C:/Program Files/Arm/GNU Toolchain mingw-w64-x86_64-arm-none-eabi/bin/../lib/gcc/arm-none-eabi/15.2.1/../../../../arm-none-eabi/lib/thumb/v7-m/nofp\libg_nano.a(libc_a-memcpy-stub.o)

.debug_loclists
                0x00000000     0x6932
 .debug_loclists
                0x00000000       0x55 CMakeFiles/boot.dir/Core/Src/can.c.obj
 .debug_loclists
                0x00000055       0x54 CMakeFiles/boot.dir/Core/Src/tim.c.obj
 .debug_loclists
                0x000000a9       0x17 CMakeFiles/boot.dir/Core/Src/stm32f1xx_hal_msp.c.obj
 .debug_loclists
                0x000000c0       0x9f cmake/stm32cubemx/CMakeFiles/STM32_Drivers.dir/__/__/Core/Src/system_stm32f1xx.c.obj
 .debug_loclists
                0x0000015f      0x922 cmake/stm32cubemx/CMakeFiles/STM32_Drivers.dir/__/__/Drivers/STM32F1xx_HAL_Driver/Src/stm32f1xx_hal_can.c.obj
 .debug_loclists
                0x00000a81       0xd5 cmake/stm32cubemx/CMakeFiles/STM32_Drivers.dir/__/__/Drivers/STM32F1xx_HAL_Driver/Src/stm32f1xx_hal.c.obj
 .debug_loclists
                0x00000b56      0x414 cmake/stm32cubemx/CMakeFiles/STM32_Drivers.dir/__/__/Drivers/STM32F1xx_HAL_Driver/Src/stm32f1xx_hal_rcc.c.obj
 .debug_loclists
                0x00000f6a      0x2a9 cmake/stm32cubemx/CMakeFiles/STM32_Drivers.dir/__/__/Drivers/STM32F1xx_HAL_Driver/Src/stm32f1xx_hal_gpio.c.obj
 .debug_loclists
                0x00001213      0x409 cmake/stm32cubemx/CMakeFiles/STM32_Drivers.dir/__/__/Drivers/STM32F1xx_HAL_Driver/Src/stm32f1xx_hal_cortex.c.obj
 .debug_loclists
                0x0000161c     0x2d51 cmake/stm32cubemx/CMakeFiles/STM32_Drivers.dir/__/__/Drivers/STM32F1xx_HAL_Driver/Src/stm32f1xx_hal_tim.c.obj
 .debug_loclists
                0x0000436d      0xcdc cmake/stm32cubemx/CMakeFiles/STM32_Drivers.dir/__/__/Drivers/STM32F1xx_HAL_Driver/Src/stm32f1xx_hal_tim_ex.c.obj
 .debug_loclists
                0x00005049       0xc2 user_boot\libuser_boot.a(can_protocol.c.obj)
 .debug_loclists
                0x0000510b     0x1114 user_rtt\libuser_rtt.a(SEGGER_RTT.c.obj)
 .debug_loclists
                0x0000621f      0x713 user_rtt\libuser_rtt.a(SEGGER_RTT_printf.c.obj)

.debug_line_str
                0x00000000       0xba
 .debug_line_str
                0x00000000       0xba CMakeFiles/boot.dir/Drivers/CMSIS/Device/ST/STM32F1xx/Source/Templates/gcc/startup_stm32f103xb.s.obj
