<html>
<body>
<pre>
<h1>µVision Build Log</h1>
<h2>Tool Versions:</h2>
IDE-Version: ¦ÌVision V5.42.0.0
Copyright (C) 2025 ARM Ltd and ARM Germany GmbH. All rights reserved.
License Information: fsd 1324146673@qq.com, xzczc, LIC=S5ISZ-JW239-HR0XN-YKK1T-T75GN-ZSRAS
 
Tool Versions:
Toolchain:       MDK-ARM Professional  Version: 5.42.0.0
Toolchain Path:  D:\keil\Core\ARM\ARMCLANG\Bin
C Compiler:      ArmClang.exe V6.23
Assembler:       Armasm.exe V6.23
Linker/Locator:  ArmLink.exe V6.23
Library Manager: ArmAr.exe V6.23
Hex Converter:   FromElf.exe V6.23
CPU DLL:         SARMCM3.DLL V5.42.0.0
Dialog DLL:      DCM.DLL V1.17.5.0
Target DLL:      Segger\JL2CM3.dll V2.99.45.0
Dialog DLL:      TCM.DLL V1.56.6.0
 
<h2>Project:</h2>
F:\Aproject\Duck_proj\motor\stm32g431\MDK-ARM\stm32g431.uvprojx
Project File Date:  12/04/2025

<h2>Output:</h2>
*** Using Compiler 'V6.23', folder: 'D:\keil\Core\ARM\ARMCLANG\Bin'
Build target 'stm32g431'
compiling fdcan.c...
assembling startup_stm32g431xx.s...
linking...
Program Size: Code=7034 RO-data=538 RW-data=12 ZI-data=1740  
FromELF: creating hex file...
"stm32g431\stm32g431.axf" - 0 Error(s), 0 Warning(s).

<h2>Software Packages used:</h2>

Package Vendor: ARM
                https://www.keil.com/pack/ARM.CMSIS.6.1.0.pack
                ARM::CMSIS@6.1.0
                CMSIS (Common Microcontroller Software Interface Standard)
   * Component: CORE Version: 6.1.0

Package Vendor: Keil
                https://www.keil.com/pack/Keil.STM32G4xx_DFP.2.1.0.pack
                Keil::STM32G4xx_DFP@2.1.0
                STMicroelectronics STM32G4 Series Device Support

<h2>Collection of Component include folders:</h2>
  ./RTE/_stm32g431
  D:/keil/Pack/ARM/CMSIS/6.1.0/CMSIS/Core/Include

<h2>Collection of Component Files used:</h2>

   * Component: ARM::CMSIS:CORE@6.1.0
      Include file:  CMSIS/Core/Include/tz_context.h
Build Time Elapsed:  00:00:01
</pre>
</body>
</html>
